Archive member included to satisfy reference by file (symbol)

/home/logic/STM32Toolchain/gcc-arm/bin/../lib/gcc/arm-none-eabi/7.3.1/../../../../arm-none-eabi/lib/thumb/v7e-m/fpv4-sp/hard/libc_nano.a(lib_a-exit.o)
                              /home/logic/STM32Toolchain/gcc-arm/bin/../lib/gcc/arm-none-eabi/7.3.1/../../../../arm-none-eabi/lib/thumb/v7e-m/fpv4-sp/hard/crt0.o (exit)
/home/logic/STM32Toolchain/gcc-arm/bin/../lib/gcc/arm-none-eabi/7.3.1/../../../../arm-none-eabi/lib/thumb/v7e-m/fpv4-sp/hard/libc_nano.a(lib_a-impure.o)
                              /home/logic/STM32Toolchain/gcc-arm/bin/../lib/gcc/arm-none-eabi/7.3.1/../../../../arm-none-eabi/lib/thumb/v7e-m/fpv4-sp/hard/libc_nano.a(lib_a-exit.o) (_global_impure_ptr)
/home/logic/STM32Toolchain/gcc-arm/bin/../lib/gcc/arm-none-eabi/7.3.1/../../../../arm-none-eabi/lib/thumb/v7e-m/fpv4-sp/hard/libc_nano.a(lib_a-init.o)
                              /home/logic/STM32Toolchain/gcc-arm/bin/../lib/gcc/arm-none-eabi/7.3.1/../../../../arm-none-eabi/lib/thumb/v7e-m/fpv4-sp/hard/crt0.o (__libc_init_array)
/home/logic/STM32Toolchain/gcc-arm/bin/../lib/gcc/arm-none-eabi/7.3.1/../../../../arm-none-eabi/lib/thumb/v7e-m/fpv4-sp/hard/libc_nano.a(lib_a-memset.o)
                              /home/logic/STM32Toolchain/gcc-arm/bin/../lib/gcc/arm-none-eabi/7.3.1/../../../../arm-none-eabi/lib/thumb/v7e-m/fpv4-sp/hard/crt0.o (memset)
/home/logic/STM32Toolchain/gcc-arm/bin/../lib/gcc/arm-none-eabi/7.3.1/../../../../arm-none-eabi/lib/thumb/v7e-m/fpv4-sp/hard/libnosys.a(_exit.o)
                              /home/logic/STM32Toolchain/gcc-arm/bin/../lib/gcc/arm-none-eabi/7.3.1/../../../../arm-none-eabi/lib/thumb/v7e-m/fpv4-sp/hard/libc_nano.a(lib_a-exit.o) (_exit)

Allocating common symbols
Common symbol       size              file

uwTick              0x4               build/stm32f3xx_hal.o
pFlash              0x20              build/stm32f3xx_hal_flash.o
htim6               0x40              build/logic_main.o
huart2              0x70              build/usart.o

Discarded input sections

 .text          0x0000000000000000        0x0 /home/logic/STM32Toolchain/gcc-arm/bin/../lib/gcc/arm-none-eabi/7.3.1/thumb/v7e-m/fpv4-sp/hard/crti.o
 .data          0x0000000000000000        0x0 /home/logic/STM32Toolchain/gcc-arm/bin/../lib/gcc/arm-none-eabi/7.3.1/thumb/v7e-m/fpv4-sp/hard/crti.o
 .bss           0x0000000000000000        0x0 /home/logic/STM32Toolchain/gcc-arm/bin/../lib/gcc/arm-none-eabi/7.3.1/thumb/v7e-m/fpv4-sp/hard/crti.o
 .data          0x0000000000000000        0x4 /home/logic/STM32Toolchain/gcc-arm/bin/../lib/gcc/arm-none-eabi/7.3.1/thumb/v7e-m/fpv4-sp/hard/crtbegin.o
 .text          0x0000000000000000       0x74 /home/logic/STM32Toolchain/gcc-arm/bin/../lib/gcc/arm-none-eabi/7.3.1/../../../../arm-none-eabi/lib/thumb/v7e-m/fpv4-sp/hard/crt0.o
 .data          0x0000000000000000        0x0 /home/logic/STM32Toolchain/gcc-arm/bin/../lib/gcc/arm-none-eabi/7.3.1/../../../../arm-none-eabi/lib/thumb/v7e-m/fpv4-sp/hard/crt0.o
 .bss           0x0000000000000000        0x0 /home/logic/STM32Toolchain/gcc-arm/bin/../lib/gcc/arm-none-eabi/7.3.1/../../../../arm-none-eabi/lib/thumb/v7e-m/fpv4-sp/hard/crt0.o
 .ARM.extab     0x0000000000000000        0x0 /home/logic/STM32Toolchain/gcc-arm/bin/../lib/gcc/arm-none-eabi/7.3.1/../../../../arm-none-eabi/lib/thumb/v7e-m/fpv4-sp/hard/crt0.o
 .ARM.exidx     0x0000000000000000        0x8 /home/logic/STM32Toolchain/gcc-arm/bin/../lib/gcc/arm-none-eabi/7.3.1/../../../../arm-none-eabi/lib/thumb/v7e-m/fpv4-sp/hard/crt0.o
 .ARM.attributes
                0x0000000000000000       0x20 /home/logic/STM32Toolchain/gcc-arm/bin/../lib/gcc/arm-none-eabi/7.3.1/../../../../arm-none-eabi/lib/thumb/v7e-m/fpv4-sp/hard/crt0.o
 .text          0x0000000000000000        0x0 build/main.o
 .data          0x0000000000000000        0x0 build/main.o
 .bss           0x0000000000000000        0x0 build/main.o
 .text._Error_Handler
                0x0000000000000000        0x2 build/main.o
 .text.SystemClock_Config
                0x0000000000000000       0xa0 build/main.o
 .rodata.SystemClock_Config.str1.4
                0x0000000000000000       0x10 build/main.o
 .text          0x0000000000000000        0x0 build/gpio.o
 .data          0x0000000000000000        0x0 build/gpio.o
 .bss           0x0000000000000000        0x0 build/gpio.o
 .text          0x0000000000000000        0x0 build/usart.o
 .data          0x0000000000000000        0x0 build/usart.o
 .bss           0x0000000000000000        0x0 build/usart.o
 .text.MX_USART2_UART_Init
                0x0000000000000000       0x40 build/usart.o
 .text.HAL_UART_MspInit
                0x0000000000000000       0x4c build/usart.o
 .text.HAL_UART_MspDeInit
                0x0000000000000000       0x2c build/usart.o
 .rodata.MX_USART2_UART_Init.str1.4
                0x0000000000000000       0x11 build/usart.o
 .debug_info    0x0000000000000000     0x1392 build/usart.o
[...]
Memory Configuration

Name             Origin             Length             Attributes
RAM              0x0000000020000000 0x0000000000010000 xrw
CCMRAM           0x0000000010000000 0x0000000000004000 rw
FLASH            0x0000000008000000 0x0000000000080000 xr
*default*        0x0000000000000000 0xffffffffffffffff

Linker script and memory map

LOAD /home/logic/STM32Toolchain/gcc-arm/bin/../lib/gcc/arm-none-eabi/7.3.1/thumb/v7e-m/fpv4-sp/hard/crti.o
LOAD /home/logic/STM32Toolchain/gcc-arm/bin/../lib/gcc/arm-none-eabi/7.3.1/thumb/v7e-m/fpv4-sp/hard/crtbegin.o
LOAD /home/logic/STM32Toolchain/gcc-arm/bin/../lib/gcc/arm-none-eabi/7.3.1/../../../../arm-none-eabi/lib/thumb/v7e-m/fpv4-sp/hard/crt0.o
LOAD build/main.o
LOAD build/gpio.o
LOAD build/usart.o
LOAD build/stm32f3xx_it.o
LOAD build/stm32f3xx_hal_msp.o
LOAD build/stm32f3xx_hal_tim.o
LOAD build/stm32f3xx_hal_tim_ex.o
LOAD build/stm32f3xx_hal_uart.o
LOAD build/stm32f3xx_hal_uart_ex.o
LOAD build/stm32f3xx_hal.o
LOAD build/stm32f3xx_hal_rcc.o
LOAD build/stm32f3xx_hal_rcc_ex.o
LOAD build/stm32f3xx_hal_gpio.o
LOAD build/stm32f3xx_hal_dma.o
LOAD build/stm32f3xx_hal_cortex.o
LOAD build/stm32f3xx_hal_pwr.o
LOAD build/stm32f3xx_hal_pwr_ex.o
LOAD build/stm32f3xx_hal_flash.o
LOAD build/stm32f3xx_hal_flash_ex.o
LOAD build/stm32f3xx_hal_i2c.o
LOAD build/stm32f3xx_hal_i2c_ex.o
LOAD build/system_stm32f3xx.o
LOAD build/logic_main.o
LOAD build/startup_stm32f303xe.o
LOAD /home/logic/STM32Toolchain/gcc-arm/bin/../lib/gcc/arm-none-eabi/7.3.1/../../../../arm-none-eabi/lib/thumb/v7e-m/fpv4-sp/hard/libc_nano.a
LOAD /home/logic/STM32Toolchain/gcc-arm/bin/../lib/gcc/arm-none-eabi/7.3.1/../../../../arm-none-eabi/lib/thumb/v7e-m/fpv4-sp/hard/libm.a
LOAD /home/logic/STM32Toolchain/gcc-arm/bin/../lib/gcc/arm-none-eabi/7.3.1/../../../../arm-none-eabi/lib/thumb/v7e-m/fpv4-sp/hard/libnosys.a
START GROUP
LOAD /home/logic/STM32Toolchain/gcc-arm/bin/../lib/gcc/arm-none-eabi/7.3.1/thumb/v7e-m/fpv4-sp/hard/libgcc.a
LOAD /home/logic/STM32Toolchain/gcc-arm/bin/../lib/gcc/arm-none-eabi/7.3.1/../../../../arm-none-eabi/lib/thumb/v7e-m/fpv4-sp/hard/libc_nano.a
END GROUP
START GROUP
LOAD /home/logic/STM32Toolchain/gcc-arm/bin/../lib/gcc/arm-none-eabi/7.3.1/thumb/v7e-m/fpv4-sp/hard/libgcc.a
LOAD /home/logic/STM32Toolchain/gcc-arm/bin/../lib/gcc/arm-none-eabi/7.3.1/../../../../arm-none-eabi/lib/thumb/v7e-m/fpv4-sp/hard/libc_nano.a
END GROUP
LOAD /home/logic/STM32Toolchain/gcc-arm/bin/../lib/gcc/arm-none-eabi/7.3.1/thumb/v7e-m/fpv4-sp/hard/crtend.o
LOAD /home/logic/STM32Toolchain/gcc-arm/bin/../lib/gcc/arm-none-eabi/7.3.1/thumb/v7e-m/fpv4-sp/hard/crtn.o
                0x0000000020010000                _estack = 0x20010000
                0x0000000000000200                _Min_Heap_Size = 0x200
                0x0000000000000400                _Min_Stack_Size = 0x400

.isr_vector     0x0000000008000000      0x194
                0x0000000008000000                . = ALIGN (0x4)
 *(.isr_vector)
 .isr_vector    0x0000000008000000      0x194 build/startup_stm32f303xe.o
                0x0000000008000000                g_pfnVectors
                0x0000000008000194                . = ALIGN (0x4)

.text           0x0000000008000194      0xab8
                0x0000000008000194                . = ALIGN (0x4)
 *(.text)
 .text          0x0000000008000194       0x40 /home/logic/STM32Toolchain/gcc-arm/bin/../lib/gcc/arm-none-eabi/7.3.1/thumb/v7e-m/fpv4-sp/hard/crtbegin.o
 *(.text*)
 .text.assert_failed
                0x00000000080001d4        0x2 build/main.o
                0x00000000080001d4                assert_failed
 *fill*         0x00000000080001d6        0x2 
 .text.MX_GPIO_Init
                0x00000000080001d8       0x98 build/gpio.o
                0x00000000080001d8                MX_GPIO_Init
 .text.NMI_Handler
                0x0000000008000270        0x2 build/stm32f3xx_it.o
                0x0000000008000270                NMI_Handler
 .text.HardFault_Handler
                0x0000000008000272        0x2 build/stm32f3xx_it.o
                0x0000000008000272                HardFault_Handler
 .text.MemManage_Handler
                0x0000000008000274        0x2 build/stm32f3xx_it.o
                0x0000000008000274                MemManage_Handler
 .text.BusFault_Handler
                0x0000000008000276        0x2 build/stm32f3xx_it.o
                0x0000000008000276                BusFault_Handler
 .text.UsageFault_Handler
                0x0000000008000278        0x2 build/stm32f3xx_it.o
                0x0000000008000278                UsageFault_Handler
 .text.SVC_Handler
                0x000000000800027a        0x2 build/stm32f3xx_it.o
                0x000000000800027a                SVC_Handler
 .text.DebugMon_Handler
                0x000000000800027c        0x2 build/stm32f3xx_it.o
                0x000000000800027c                DebugMon_Handler
 .text.PendSV_Handler
                0x000000000800027e        0x2 build/stm32f3xx_it.o
                0x000000000800027e                PendSV_Handler
 .text.SysTick_Handler
                0x0000000008000280        0xc build/stm32f3xx_it.o
                0x0000000008000280                SysTick_Handler
 .text.HAL_TIM_Base_MspInit
                0x000000000800028c        0x2 build/stm32f3xx_hal_tim.o
                0x000000000800028c                HAL_TIM_Base_MspInit
 *fill*         0x000000000800028e        0x2 
 .text.HAL_TIM_Base_Start_IT
                0x0000000008000290       0x84 build/stm32f3xx_hal_tim.o
                0x0000000008000290                HAL_TIM_Base_Start_IT
 .text.HAL_TIM_OC_DelayElapsedCallback
                0x0000000008000314        0x2 build/stm32f3xx_hal_tim.o
                0x0000000008000314                HAL_TIM_OC_DelayElapsedCallback
 .text.HAL_TIM_IC_CaptureCallback
                0x0000000008000316        0x2 build/stm32f3xx_hal_tim.o
                0x0000000008000316                HAL_TIM_IC_CaptureCallback
 .text.HAL_TIM_PWM_PulseFinishedCallback
                0x0000000008000318        0x2 build/stm32f3xx_hal_tim.o
                0x0000000008000318                HAL_TIM_PWM_PulseFinishedCallback
 .text.HAL_TIM_TriggerCallback
                0x000000000800031a        0x2 build/stm32f3xx_hal_tim.o
                0x000000000800031a                HAL_TIM_TriggerCallback
 .text.HAL_TIM_IRQHandler
                0x000000000800031c      0x19a build/stm32f3xx_hal_tim.o
                0x000000000800031c                HAL_TIM_IRQHandler
 *fill*         0x00000000080004b6        0x2 
 .text.TIM_Base_SetConfig
                0x00000000080004b8       0xd0 build/stm32f3xx_hal_tim.o
                0x00000000080004b8                TIM_Base_SetConfig
 .text.HAL_TIM_Base_Init
                0x0000000008000588       0xe8 build/stm32f3xx_hal_tim.o
                0x0000000008000588                HAL_TIM_Base_Init
 .text.HAL_TIMEx_CommutationCallback
                0x0000000008000670        0x2 build/stm32f3xx_hal_tim_ex.o
                0x0000000008000670                HAL_TIMEx_CommutationCallback
 .text.HAL_TIMEx_BreakCallback
                0x0000000008000672        0x2 build/stm32f3xx_hal_tim_ex.o
                0x0000000008000672                HAL_TIMEx_BreakCallback
 .text.HAL_TIMEx_Break2Callback
                0x0000000008000674        0x2 build/stm32f3xx_hal_tim_ex.o
                0x0000000008000674                HAL_TIMEx_Break2Callback
 *fill*         0x0000000008000676        0x2 
 .text.HAL_IncTick
                0x0000000008000678       0x18 build/stm32f3xx_hal.o
                0x0000000008000678                HAL_IncTick
 .text.HAL_GPIO_Init
                0x0000000008000690      0x2f4 build/stm32f3xx_hal_gpio.o
                0x0000000008000690                HAL_GPIO_Init
 .text.HAL_GPIO_WritePin
                0x0000000008000984       0x34 build/stm32f3xx_hal_gpio.o
                0x0000000008000984                HAL_GPIO_WritePin
 .text.HAL_GPIO_TogglePin
                0x00000000080009b8       0x20 build/stm32f3xx_hal_gpio.o
                0x00000000080009b8                HAL_GPIO_TogglePin
 .text.HAL_NVIC_SetPriority
                0x00000000080009d8       0x8c build/stm32f3xx_hal_cortex.o
                0x00000000080009d8                HAL_NVIC_SetPriority
 .text.HAL_NVIC_EnableIRQ
                0x0000000008000a64       0x2c build/stm32f3xx_hal_cortex.o
                0x0000000008000a64                HAL_NVIC_EnableIRQ
 .text.HAL_SYSTICK_Callback
                0x0000000008000a90        0x2 build/stm32f3xx_hal_cortex.o
                0x0000000008000a90                HAL_SYSTICK_Callback
 .text.HAL_SYSTICK_IRQHandler
                0x0000000008000a92        0x8 build/stm32f3xx_hal_cortex.o
                0x0000000008000a92                HAL_SYSTICK_IRQHandler
 *fill*         0x0000000008000a9a        0x2 
 .text.SystemInit
                0x0000000008000a9c       0x68 build/system_stm32f3xx.o
                0x0000000008000a9c                SystemInit
 .text.init_timer_TIM6
                0x0000000008000b04       0x50 build/logic_main.o
                0x0000000008000b04                init_timer_TIM6
 .text.main     0x0000000008000b54       0x18 build/logic_main.o
                0x0000000008000b54                main
 .text.TIM6_DAC_IRQHandler
                0x0000000008000b6c       0x10 build/logic_main.o
                0x0000000008000b6c                TIM6_DAC_IRQHandler
 .text.HAL_TIM_PeriodElapsedCallback
                0x0000000008000b7c       0x1c build/logic_main.o
                0x0000000008000b7c                HAL_TIM_PeriodElapsedCallback
 .text.Reset_Handler
                0x0000000008000b98       0x50 build/startup_stm32f303xe.o
                0x0000000008000b98                Reset_Handler
 .text.Default_Handler
                0x0000000008000be8        0x2 build/startup_stm32f303xe.o
                0x0000000008000be8                RTC_Alarm_IRQHandler
                0x0000000008000be8                TIM8_TRG_COM_IRQHandler
                0x0000000008000be8                TIM8_CC_IRQHandler
                0x0000000008000be8                SPI4_IRQHandler
                0x0000000008000be8                TIM1_CC_IRQHandler
                0x0000000008000be8                USB_HP_IRQHandler
                0x0000000008000be8                PVD_IRQHandler
                0x0000000008000be8                TAMP_STAMP_IRQHandler
                0x0000000008000be8                EXTI3_IRQHandler
                0x0000000008000be8                I2C3_ER_IRQHandler
                0x0000000008000be8                USB_HP_CAN_TX_IRQHandler
                0x0000000008000be8                EXTI0_IRQHandler
                0x0000000008000be8                I2C2_EV_IRQHandler
                0x0000000008000be8                FPU_IRQHandler
                0x0000000008000be8                TIM1_UP_TIM16_IRQHandler
                0x0000000008000be8                ADC1_2_IRQHandler
                0x0000000008000be8                SPI1_IRQHandler
                0x0000000008000be8                CAN_SCE_IRQHandler
                0x0000000008000be8                TIM8_UP_IRQHandler
                0x0000000008000be8                DMA2_Channel2_IRQHandler
                0x0000000008000be8                DMA1_Channel4_IRQHandler
                0x0000000008000be8                TIM20_TRG_COM_IRQHandler
                0x0000000008000be8                USART3_IRQHandler
                0x0000000008000be8                DMA1_Channel7_IRQHandler
                0x0000000008000be8                UART5_IRQHandler
                0x0000000008000be8                ADC3_IRQHandler
                0x0000000008000be8                TIM4_IRQHandler
                0x0000000008000be8                CAN_RX1_IRQHandler
                0x0000000008000be8                DMA2_Channel1_IRQHandler
                0x0000000008000be8                I2C1_EV_IRQHandler
                0x0000000008000be8                DMA1_Channel6_IRQHandler
                0x0000000008000be8                UART4_IRQHandler
                0x0000000008000be8                DMA2_Channel4_IRQHandler
                0x0000000008000be8                TIM3_IRQHandler
                0x0000000008000be8                RCC_IRQHandler
                0x0000000008000be8                TIM20_UP_IRQHandler
                0x0000000008000be8                DMA1_Channel1_IRQHandler
                0x0000000008000be8                Default_Handler
                0x0000000008000be8                USBWakeUp_RMP_IRQHandler
                0x0000000008000be8                EXTI15_10_IRQHandler
                0x0000000008000be8                TIM7_IRQHandler
                0x0000000008000be8                I2C3_EV_IRQHandler
                0x0000000008000be8                EXTI9_5_IRQHandler
                0x0000000008000be8                RTC_WKUP_IRQHandler
                0x0000000008000be8                SPI2_IRQHandler
                0x0000000008000be8                USB_LP_CAN_RX0_IRQHandler
                0x0000000008000be8                DMA2_Channel5_IRQHandler
                0x0000000008000be8                DMA1_Channel5_IRQHandler
                0x0000000008000be8                USB_LP_IRQHandler
                0x0000000008000be8                EXTI4_IRQHandler
                0x0000000008000be8                TIM1_TRG_COM_TIM17_IRQHandler
                0x0000000008000be8                DMA1_Channel3_IRQHandler
                0x0000000008000be8                ADC4_IRQHandler
                0x0000000008000be8                WWDG_IRQHandler
                0x0000000008000be8                TIM2_IRQHandler
                0x0000000008000be8                COMP7_IRQHandler
                0x0000000008000be8                COMP1_2_3_IRQHandler
                0x0000000008000be8                EXTI1_IRQHandler
                0x0000000008000be8                USART2_IRQHandler
                0x0000000008000be8                COMP4_5_6_IRQHandler
                0x0000000008000be8                TIM20_BRK_IRQHandler
                0x0000000008000be8                I2C2_ER_IRQHandler
                0x0000000008000be8                DMA1_Channel2_IRQHandler
                0x0000000008000be8                TIM8_BRK_IRQHandler
                0x0000000008000be8                FLASH_IRQHandler
                0x0000000008000be8                TIM20_CC_IRQHandler
                0x0000000008000be8                USART1_IRQHandler
                0x0000000008000be8                SPI3_IRQHandler
                0x0000000008000be8                I2C1_ER_IRQHandler
                0x0000000008000be8                FMC_IRQHandler
                0x0000000008000be8                USBWakeUp_IRQHandler
                0x0000000008000be8                DMA2_Channel3_IRQHandler
                0x0000000008000be8                EXTI2_TSC_IRQHandler
                0x0000000008000be8                TIM1_BRK_TIM15_IRQHandler
 *fill*         0x0000000008000bea        0x2 
 .text.__libc_init_array
                0x0000000008000bec       0x48 /home/logic/STM32Toolchain/gcc-arm/bin/../lib/gcc/arm-none-eabi/7.3.1/../../../../arm-none-eabi/lib/thumb/v7e-m/fpv4-sp/hard/libc_nano.a(lib_a-init.o)
                0x0000000008000bec                __libc_init_array
 *(.glue_7)
 .glue_7        0x0000000008000c34        0x0 linker stubs
 *(.glue_7t)
 .glue_7t       0x0000000008000c34        0x0 linker stubs
 *(.eh_frame)
 .eh_frame      0x0000000008000c34        0x0 /home/logic/STM32Toolchain/gcc-arm/bin/../lib/gcc/arm-none-eabi/7.3.1/thumb/v7e-m/fpv4-sp/hard/crtbegin.o
 *(.init)
 .init          0x0000000008000c34        0x4 /home/logic/STM32Toolchain/gcc-arm/bin/../lib/gcc/arm-none-eabi/7.3.1/thumb/v7e-m/fpv4-sp/hard/crti.o
                0x0000000008000c34                _init
 .init          0x0000000008000c38        0x8 /home/logic/STM32Toolchain/gcc-arm/bin/../lib/gcc/arm-none-eabi/7.3.1/thumb/v7e-m/fpv4-sp/hard/crtn.o
 *(.fini)
 .fini          0x0000000008000c40        0x4 /home/logic/STM32Toolchain/gcc-arm/bin/../lib/gcc/arm-none-eabi/7.3.1/thumb/v7e-m/fpv4-sp/hard/crti.o
                0x0000000008000c40                _fini
 .fini          0x0000000008000c44        0x8 /home/logic/STM32Toolchain/gcc-arm/bin/../lib/gcc/arm-none-eabi/7.3.1/thumb/v7e-m/fpv4-sp/hard/crtn.o
                0x0000000008000c4c                . = ALIGN (0x4)
                0x0000000008000c4c                _etext = .

.vfp11_veneer   0x0000000008000c4c        0x0
 .vfp11_veneer  0x0000000008000c4c        0x0 linker stubs

.v4_bx          0x0000000008000c4c        0x0
 .v4_bx         0x0000000008000c4c        0x0 linker stubs

.iplt           0x0000000008000c4c        0x0
 .iplt          0x0000000008000c4c        0x0 /home/logic/STM32Toolchain/gcc-arm/bin/../lib/gcc/arm-none-eabi/7.3.1/thumb/v7e-m/fpv4-sp/hard/crtbegin.o

.rodata         0x0000000008000c4c       0xa8
                0x0000000008000c4c                . = ALIGN (0x4)
 *(.rodata)
 *(.rodata*)
 .rodata.HAL_TIM_Base_DeInit.str1.4
                0x0000000008000c4c       0x35 build/stm32f3xx_hal_tim.o
 *fill*         0x0000000008000c81        0x3 
 .rodata.HAL_GPIO_Init.str1.4
                0x0000000008000c84       0x36 build/stm32f3xx_hal_gpio.o
 *fill*         0x0000000008000cba        0x2 
 .rodata.HAL_NVIC_SetPriorityGrouping.str1.4
                0x0000000008000cbc       0x38 build/stm32f3xx_hal_cortex.o
                0x0000000008000cf4                . = ALIGN (0x4)

.rel.dyn        0x0000000008000cf4        0x0
 .rel.iplt      0x0000000008000cf4        0x0 /home/logic/STM32Toolchain/gcc-arm/bin/../lib/gcc/arm-none-eabi/7.3.1/thumb/v7e-m/fpv4-sp/hard/crtbegin.o

.ARM.extab
 *(.ARM.extab* .gnu.linkonce.armextab.*)

.ARM            0x0000000008000cf4        0x0
                0x0000000008000cf4                __exidx_start = .
 *(.ARM.exidx*)
                0x0000000008000cf4                __exidx_end = .

.preinit_array  0x0000000008000cf4        0x0
                0x0000000008000cf4                PROVIDE (__preinit_array_start = .)
 *(.preinit_array*)
                0x0000000008000cf4                PROVIDE (__preinit_array_end = .)

.init_array     0x0000000008000cf4        0x4
                0x0000000008000cf4                PROVIDE (__init_array_start = .)
 *(SORT_BY_NAME(.init_array.*))
 *(.init_array*)
 .init_array    0x0000000008000cf4        0x4 /home/logic/STM32Toolchain/gcc-arm/bin/../lib/gcc/arm-none-eabi/7.3.1/thumb/v7e-m/fpv4-sp/hard/crtbegin.o
                0x0000000008000cf8                PROVIDE (__init_array_end = .)

.fini_array     0x0000000008000cf8        0x4
                [!provide]                        PROVIDE (__fini_array_start = .)
 *(SORT_BY_NAME(.fini_array.*))
 *(.fini_array*)
 .fini_array    0x0000000008000cf8        0x4 /home/logic/STM32Toolchain/gcc-arm/bin/../lib/gcc/arm-none-eabi/7.3.1/thumb/v7e-m/fpv4-sp/hard/crtbegin.o
                [!provide]                        PROVIDE (__fini_array_end = .)
                0x0000000008000cfc                _sidata = LOADADDR (.data)

.data           0x0000000020000000        0x4 load address 0x0000000008000cfc
                0x0000000020000000                . = ALIGN (0x4)
                0x0000000020000000                _sdata = .
 *(.data)
 *(.data*)
 .data.uwTickFreq
                0x0000000020000000        0x1 build/stm32f3xx_hal.o
                0x0000000020000000                uwTickFreq
                0x0000000020000004                . = ALIGN (0x4)
 *fill*         0x0000000020000001        0x3 
                0x0000000020000004                _edata = .
                0x0000000008000d00                _siccmram = LOADADDR (.ccmram)

.igot.plt       0x0000000020000004        0x0 load address 0x0000000008000d00
 .igot.plt      0x0000000020000004        0x0 /home/logic/STM32Toolchain/gcc-arm/bin/../lib/gcc/arm-none-eabi/7.3.1/thumb/v7e-m/fpv4-sp/hard/crtbegin.o

.ccmram         0x0000000010000000        0x0 load address 0x0000000008000d00
                0x0000000010000000                . = ALIGN (0x4)
                0x0000000010000000                _sccmram = .
 *(.ccmram)
 *(.ccmram*)
                0x0000000010000000                . = ALIGN (0x4)
                0x0000000010000000                _eccmram = .
                0x0000000010000000                . = ALIGN (0x4)

.bss            0x0000000020000004       0x60
                0x0000000020000004                _sbss = .
                0x0000000020000004                __bss_start__ = _sbss
 *(.bss)
 .bss           0x0000000020000004       0x1c /home/logic/STM32Toolchain/gcc-arm/bin/../lib/gcc/arm-none-eabi/7.3.1/thumb/v7e-m/fpv4-sp/hard/crtbegin.o
 *(.bss*)
 *(COMMON)
 COMMON         0x0000000020000020        0x4 build/stm32f3xx_hal.o
                0x0000000020000020                uwTick
 COMMON         0x0000000020000024       0x40 build/logic_main.o
                0x0000000020000024                htim6
                0x0000000020000064                . = ALIGN (0x4)
                0x0000000020000064                _ebss = .
                0x0000000020000064                __bss_end__ = _ebss

._user_heap_stack
                0x0000000020000064      0x604
                0x0000000020000068                . = ALIGN (0x8)
 *fill*         0x0000000020000064        0x4 
                [!provide]                        PROVIDE (end = .)
                [!provide]                        PROVIDE (_end = .)
                0x0000000020000268                . = (. + _Min_Heap_Size)
 *fill*         0x0000000020000068      0x200 
                0x0000000020000668                . = (. + _Min_Stack_Size)
 *fill*         0x0000000020000268      0x400 
                0x0000000020000668                . = ALIGN (0x8)

/DISCARD/
 libc.a(*)
 libm.a(*)
 libgcc.a(*)

.ARM.attributes
                0x0000000000000000       0x30
 *(.ARM.attributes)
 .ARM.attributes
                0x0000000000000000       0x22 /home/logic/STM32Toolchain/gcc-arm/bin/../lib/gcc/arm-none-eabi/7.3.1/thumb/v7e-m/fpv4-sp/hard/crti.o
 .ARM.attributes
                0x0000000000000022       0x34 /home/logic/STM32Toolchain/gcc-arm/bin/../lib/gcc/arm-none-eabi/7.3.1/thumb/v7e-m/fpv4-sp/hard/crtbegin.o
 .ARM.attributes
                0x0000000000000056       0x39 build/main.o
 .ARM.attributes
                0x000000000000008f       0x39 build/gpio.o
 .ARM.attributes
                0x00000000000000c8       0x39 build/stm32f3xx_it.o
 .ARM.attributes
                0x0000000000000101       0x39 build/stm32f3xx_hal_tim.o
 .ARM.attributes
                0x000000000000013a       0x39 build/stm32f3xx_hal_tim_ex.o
 .ARM.attributes
                0x0000000000000173       0x39 build/stm32f3xx_hal.o
 .ARM.attributes
                0x00000000000001ac       0x39 build/stm32f3xx_hal_gpio.o
 .ARM.attributes
                0x00000000000001e5       0x39 build/stm32f3xx_hal_cortex.o
 .ARM.attributes
                0x000000000000021e       0x39 build/system_stm32f3xx.o
 .ARM.attributes
                0x0000000000000257       0x39 build/logic_main.o
 .ARM.attributes
                0x0000000000000290       0x21 build/startup_stm32f303xe.o
 .ARM.attributes
                0x00000000000002b1       0x34 /home/logic/STM32Toolchain/gcc-arm/bin/../lib/gcc/arm-none-eabi/7.3.1/../../../../arm-none-eabi/lib/thumb/v7e-m/fpv4-sp/hard/libc_nano.a(lib_a-init.o)
 .ARM.attributes
                0x00000000000002e5       0x22 /home/logic/STM32Toolchain/gcc-arm/bin/../lib/gcc/arm-none-eabi/7.3.1/thumb/v7e-m/fpv4-sp/hard/crtn.o
OUTPUT(build/full_assert_tryout.elf elf32-littlearm)

.debug_info     0x0000000000000000    0x1158d
 .debug_info    0x0000000000000000     0x16db build/main.o
 .debug_info    0x00000000000016db      0xdb0 build/gpio.o
 .debug_info    0x000000000000248b      0xb75 build/stm32f3xx_it.o
 .debug_info    0x0000000000003000     0x52b9 build/stm32f3xx_hal_tim.o
 .debug_info    0x00000000000082b9     0x2b92 build/stm32f3xx_hal_tim_ex.o
 .debug_info    0x000000000000ae4b     0x1291 build/stm32f3xx_hal.o
 .debug_info    0x000000000000c0dc     0x134e build/stm32f3xx_hal_gpio.o
 .debug_info    0x000000000000d42a     0x1b2c build/stm32f3xx_hal_cortex.o
 .debug_info    0x000000000000ef56      0xdbd build/system_stm32f3xx.o
 .debug_info    0x000000000000fd13     0x1858 build/logic_main.o
 .debug_info    0x000000000001156b       0x22 build/startup_stm32f303xe.o

.debug_abbrev   0x0000000000000000     0x1a08
 .debug_abbrev  0x0000000000000000      0x23f build/main.o
 .debug_abbrev  0x000000000000023f      0x20d build/gpio.o
 .debug_abbrev  0x000000000000044c      0x1e3 build/stm32f3xx_it.o
 .debug_abbrev  0x000000000000062f      0x310 build/stm32f3xx_hal_tim.o
 .debug_abbrev  0x000000000000093f      0x2f8 build/stm32f3xx_hal_tim_ex.o
 .debug_abbrev  0x0000000000000c37      0x2c3 build/stm32f3xx_hal.o
 .debug_abbrev  0x0000000000000efa      0x2da build/stm32f3xx_hal_gpio.o
 .debug_abbrev  0x00000000000011d4      0x3a2 build/stm32f3xx_hal_cortex.o
 .debug_abbrev  0x0000000000001576      0x200 build/system_stm32f3xx.o
 .debug_abbrev  0x0000000000001776      0x280 build/logic_main.o
 .debug_abbrev  0x00000000000019f6       0x12 build/startup_stm32f303xe.o

.debug_loc      0x0000000000000000     0x5cb5
 .debug_loc     0x0000000000000000       0x46 build/main.o
 .debug_loc     0x0000000000000046       0x38 build/gpio.o
 .debug_loc     0x000000000000007e       0x20 build/stm32f3xx_it.o
 .debug_loc     0x000000000000009e     0x3402 build/stm32f3xx_hal_tim.o
 .debug_loc     0x00000000000034a0     0x1677 build/stm32f3xx_hal_tim_ex.o
 .debug_loc     0x0000000000004b17      0x18e build/stm32f3xx_hal.o
 .debug_loc     0x0000000000004ca5      0x610 build/stm32f3xx_hal_gpio.o
 .debug_loc     0x00000000000052b5      0x830 build/stm32f3xx_hal_cortex.o
 .debug_loc     0x0000000000005ae5       0xfe build/system_stm32f3xx.o
 .debug_loc     0x0000000000005be3       0xd2 build/logic_main.o

.debug_aranges  0x0000000000000000      0x808
 .debug_aranges
                0x0000000000000000       0x30 build/main.o
 .debug_aranges
                0x0000000000000030       0x20 build/gpio.o
 .debug_aranges
                0x0000000000000050       0x60 build/stm32f3xx_it.o
 .debug_aranges
                0x00000000000000b0      0x378 build/stm32f3xx_hal_tim.o
 .debug_aranges
                0x0000000000000428      0x178 build/stm32f3xx_hal_tim_ex.o
 .debug_aranges
                0x00000000000005a0       0xe0 build/stm32f3xx_hal.o
 .debug_aranges
                0x0000000000000680       0x58 build/stm32f3xx_hal_gpio.o
 .debug_aranges
                0x00000000000006d8       0xa8 build/stm32f3xx_hal_cortex.o
 .debug_aranges
                0x0000000000000780       0x28 build/system_stm32f3xx.o
 .debug_aranges
                0x00000000000007a8       0x38 build/logic_main.o
 .debug_aranges
                0x00000000000007e0       0x28 build/startup_stm32f303xe.o

.debug_ranges   0x0000000000000000      0x7c0
 .debug_ranges  0x0000000000000000       0x20 build/main.o
 .debug_ranges  0x0000000000000020       0x10 build/gpio.o
 .debug_ranges  0x0000000000000030       0x50 build/stm32f3xx_it.o
 .debug_ranges  0x0000000000000080      0x368 build/stm32f3xx_hal_tim.o
 .debug_ranges  0x00000000000003e8      0x168 build/stm32f3xx_hal_tim_ex.o
 .debug_ranges  0x0000000000000550       0xd0 build/stm32f3xx_hal.o
 .debug_ranges  0x0000000000000620       0x48 build/stm32f3xx_hal_gpio.o
 .debug_ranges  0x0000000000000668       0xf8 build/stm32f3xx_hal_cortex.o
 .debug_ranges  0x0000000000000760       0x18 build/system_stm32f3xx.o
 .debug_ranges  0x0000000000000778       0x28 build/logic_main.o
 .debug_ranges  0x00000000000007a0       0x20 build/startup_stm32f303xe.o

.debug_line     0x0000000000000000     0x6935
 .debug_line    0x0000000000000000      0x2df build/main.o
 .debug_line    0x00000000000002df      0x222 build/gpio.o
 .debug_line    0x0000000000000501      0x293 build/stm32f3xx_it.o
 .debug_line    0x0000000000000794     0x38a2 build/stm32f3xx_hal_tim.o
 .debug_line    0x0000000000004036     0x14e7 build/stm32f3xx_hal_tim_ex.o
 .debug_line    0x000000000000551d      0x44a build/stm32f3xx_hal.o
 .debug_line    0x0000000000005967      0x528 build/stm32f3xx_hal_gpio.o
 .debug_line    0x0000000000005e8f      0x50a build/stm32f3xx_hal_cortex.o
 .debug_line    0x0000000000006399      0x23c build/system_stm32f3xx.o
 .debug_line    0x00000000000065d5      0x2ec build/logic_main.o
 .debug_line    0x00000000000068c1       0x74 build/startup_stm32f303xe.o

.debug_str      0x0000000000000000     0x326c
 .debug_str     0x0000000000000000     0x12a1 build/main.o
                                       0x134b (size before relaxing)
 .debug_str     0x00000000000012a1      0x11b build/gpio.o
                                        0x788 (size before relaxing)
 .debug_str     0x00000000000013bc       0xcb build/stm32f3xx_it.o
                                        0x71f (size before relaxing)
 .debug_str     0x0000000000001487      0xfbb build/stm32f3xx_hal_tim.o
                                       0x188a (size before relaxing)
 .debug_str     0x0000000000002442      0x5a0 build/stm32f3xx_hal_tim_ex.o
                                       0x12c5 (size before relaxing)
 .debug_str     0x00000000000029e2      0x27b build/stm32f3xx_hal.o
                                        0xe50 (size before relaxing)
 .debug_str     0x0000000000002c5d      0x1b8 build/stm32f3xx_hal_gpio.o
                                        0x986 (size before relaxing)
 .debug_str     0x0000000000002e15      0x392 build/stm32f3xx_hal_cortex.o
                                       0x1082 (size before relaxing)
 .debug_str     0x00000000000031a7       0x5c build/system_stm32f3xx.o
                                        0x761 (size before relaxing)
 .debug_str     0x0000000000003203       0x45 build/logic_main.o
                                       0x12c6 (size before relaxing)
 .debug_str     0x0000000000003248       0x24 build/startup_stm32f303xe.o
                                         0x5c (size before relaxing)

.comment        0x0000000000000000       0x7f
 .comment       0x0000000000000000       0x7f build/main.o
                                         0x80 (size before relaxing)
 .comment       0x000000000000007f       0x80 build/gpio.o
 .comment       0x000000000000007f       0x80 build/stm32f3xx_it.o
 .comment       0x000000000000007f       0x80 build/stm32f3xx_hal_tim.o
 .comment       0x000000000000007f       0x80 build/stm32f3xx_hal_tim_ex.o
 .comment       0x000000000000007f       0x80 build/stm32f3xx_hal.o
 .comment       0x000000000000007f       0x80 build/stm32f3xx_hal_gpio.o
 .comment       0x000000000000007f       0x80 build/stm32f3xx_hal_cortex.o
 .comment       0x000000000000007f       0x80 build/system_stm32f3xx.o
 .comment       0x000000000000007f       0x80 build/logic_main.o

.debug_frame    0x0000000000000000     0x1840
 .debug_frame   0x0000000000000000       0x54 build/main.o
 .debug_frame   0x0000000000000054       0x30 build/gpio.o
 .debug_frame   0x0000000000000084       0xac build/stm32f3xx_it.o
 .debug_frame   0x0000000000000130      0xc44 build/stm32f3xx_hal_tim.o
 .debug_frame   0x0000000000000d74      0x54c build/stm32f3xx_hal_tim_ex.o
 .debug_frame   0x00000000000012c0      0x1e0 build/stm32f3xx_hal.o
 .debug_frame   0x00000000000014a0      0x120 build/stm32f3xx_hal_gpio.o
 .debug_frame   0x00000000000015c0      0x1a0 build/stm32f3xx_hal_cortex.o
 .debug_frame   0x0000000000001760       0x30 build/system_stm32f3xx.o
 .debug_frame   0x0000000000001790       0x84 build/logic_main.o
 .debug_frame   0x0000000000001814       0x2c /home/logic/STM32Toolchain/gcc-arm/bin/../lib/gcc/arm-none-eabi/7.3.1/../../../../arm-none-eabi/lib/thumb/v7e-m/fpv4-sp/hard/libc_nano.a(lib_a-init.o)

Cross Reference Table

Symbol                                            File
ADC1_2_IRQHandler                                 build/startup_stm32f303xe.o
ADC3_IRQHandler                                   build/startup_stm32f303xe.o
ADC4_IRQHandler                                   build/startup_stm32f303xe.o
AHBPrescTable                                     build/system_stm32f3xx.o
                                                  build/stm32f3xx_hal_rcc.o
APBPrescTable                                     build/system_stm32f3xx.o
                                                  build/stm32f3xx_hal_rcc.o
BusFault_Handler                                  build/stm32f3xx_it.o
CAN_RX1_IRQHandler                                build/startup_stm32f303xe.o
CAN_SCE_IRQHandler                                build/startup_stm32f303xe.o
COMP1_2_3_IRQHandler                              build/startup_stm32f303xe.o
COMP4_5_6_IRQHandler                              build/startup_stm32f303xe.o
COMP7_IRQHandler                                  build/startup_stm32f303xe.o
DMA1_Channel1_IRQHandler                          build/startup_stm32f303xe.o
DMA1_Channel2_IRQHandler                          build/startup_stm32f303xe.o
DMA1_Channel3_IRQHandler                          build/startup_stm32f303xe.o
DMA1_Channel4_IRQHandler                          build/startup_stm32f303xe.o
DMA1_Channel5_IRQHandler                          build/startup_stm32f303xe.o
DMA1_Channel6_IRQHandler                          build/startup_stm32f303xe.o
DMA1_Channel7_IRQHandler                          build/startup_stm32f303xe.o
DMA2_Channel1_IRQHandler                          build/startup_stm32f303xe.o
DMA2_Channel2_IRQHandler                          build/startup_stm32f303xe.o
DMA2_Channel3_IRQHandler                          build/startup_stm32f303xe.o
DMA2_Channel4_IRQHandler                          build/startup_stm32f303xe.o
DMA2_Channel5_IRQHandler                          build/startup_stm32f303xe.o
DebugMon_Handler                                  build/stm32f3xx_it.o
Default_Handler                                   build/startup_stm32f303xe.o
EXTI0_IRQHandler                                  build/startup_stm32f303xe.o
EXTI15_10_IRQHandler                              build/startup_stm32f303xe.o
EXTI1_IRQHandler                                  build/startup_stm32f303xe.o
EXTI2_TSC_IRQHandler                              build/startup_stm32f303xe.o
EXTI3_IRQHandler                                  build/startup_stm32f303xe.o
EXTI4_IRQHandler                                  build/startup_stm32f303xe.o
EXTI9_5_IRQHandler                                build/startup_stm32f303xe.o
FLASH_IRQHandler                                  build/startup_stm32f303xe.o
FLASH_PageErase                                   build/stm32f3xx_hal_flash_ex.o
                                                  build/stm32f3xx_hal_flash.o
FLASH_WaitForLastOperation                        build/stm32f3xx_hal_flash.o
                                                  build/stm32f3xx_hal_flash_ex.o
FMC_IRQHandler                                    build/startup_stm32f303xe.o
FPU_IRQHandler                                    build/startup_stm32f303xe.o
HAL_DBGMCU_DisableDBGSleepMode                    build/stm32f3xx_hal.o
HAL_DBGMCU_DisableDBGStandbyMode                  build/stm32f3xx_hal.o
HAL_DBGMCU_DisableDBGStopMode                     build/stm32f3xx_hal.o
HAL_DBGMCU_EnableDBGSleepMode                     build/stm32f3xx_hal.o
HAL_DBGMCU_EnableDBGStandbyMode                   build/stm32f3xx_hal.o
HAL_DBGMCU_EnableDBGStopMode                      build/stm32f3xx_hal.o
HAL_DMA_Abort                                     build/stm32f3xx_hal_dma.o
                                                  build/stm32f3xx_hal_uart.o
                                                  build/stm32f3xx_hal_tim.o
HAL_DMA_Abort_IT                                  build/stm32f3xx_hal_dma.o
                                                  build/stm32f3xx_hal_i2c.o
                                                  build/stm32f3xx_hal_uart.o
HAL_DMA_DeInit                                    build/stm32f3xx_hal_dma.o
HAL_DMA_GetError                                  build/stm32f3xx_hal_dma.o
HAL_DMA_GetState                                  build/stm32f3xx_hal_dma.o
HAL_DMA_IRQHandler                                build/stm32f3xx_hal_dma.o
HAL_DMA_Init                                      build/stm32f3xx_hal_dma.o
HAL_DMA_PollForTransfer                           build/stm32f3xx_hal_dma.o
HAL_DMA_RegisterCallback                          build/stm32f3xx_hal_dma.o
HAL_DMA_Start                                     build/stm32f3xx_hal_dma.o
HAL_DMA_Start_IT                                  build/stm32f3xx_hal_dma.o
                                                  build/stm32f3xx_hal_i2c.o
                                                  build/stm32f3xx_hal_uart.o
                                                  build/stm32f3xx_hal_tim_ex.o
                                                  build/stm32f3xx_hal_tim.o
HAL_DMA_UnRegisterCallback                        build/stm32f3xx_hal_dma.o
HAL_DeInit                                        build/stm32f3xx_hal.o
HAL_Delay                                         build/stm32f3xx_hal.o
HAL_FLASHEx_Erase                                 build/stm32f3xx_hal_flash_ex.o
HAL_FLASHEx_Erase_IT                              build/stm32f3xx_hal_flash_ex.o
HAL_FLASHEx_OBErase                               build/stm32f3xx_hal_flash_ex.o
HAL_FLASHEx_OBGetConfig                           build/stm32f3xx_hal_flash_ex.o
HAL_FLASHEx_OBGetUserData                         build/stm32f3xx_hal_flash_ex.o
HAL_FLASHEx_OBProgram                             build/stm32f3xx_hal_flash_ex.o
HAL_FLASH_EndOfOperationCallback                  build/stm32f3xx_hal_flash.o
HAL_FLASH_GetError                                build/stm32f3xx_hal_flash.o
HAL_FLASH_IRQHandler                              build/stm32f3xx_hal_flash.o
HAL_FLASH_Lock                                    build/stm32f3xx_hal_flash.o
HAL_FLASH_OB_Launch                               build/stm32f3xx_hal_flash.o
HAL_FLASH_OB_Lock                                 build/stm32f3xx_hal_flash.o
HAL_FLASH_OB_Unlock                               build/stm32f3xx_hal_flash.o
HAL_FLASH_OperationErrorCallback                  build/stm32f3xx_hal_flash.o
HAL_FLASH_Program                                 build/stm32f3xx_hal_flash.o
HAL_FLASH_Program_IT                              build/stm32f3xx_hal_flash.o
HAL_FLASH_Unlock                                  build/stm32f3xx_hal_flash.o
HAL_GPIO_DeInit                                   build/stm32f3xx_hal_gpio.o
                                                  build/usart.o
HAL_GPIO_EXTI_Callback                            build/stm32f3xx_hal_gpio.o
HAL_GPIO_EXTI_IRQHandler                          build/stm32f3xx_hal_gpio.o
HAL_GPIO_Init                                     build/stm32f3xx_hal_gpio.o
                                                  build/stm32f3xx_hal_rcc.o
                                                  build/usart.o
                                                  build/gpio.o
HAL_GPIO_LockPin                                  build/stm32f3xx_hal_gpio.o
HAL_GPIO_ReadPin                                  build/stm32f3xx_hal_gpio.o
HAL_GPIO_TogglePin                                build/stm32f3xx_hal_gpio.o
                                                  build/logic_main.o
HAL_GPIO_WritePin                                 build/stm32f3xx_hal_gpio.o
                                                  build/gpio.o
HAL_GetDEVID                                      build/stm32f3xx_hal.o
HAL_GetHalVersion                                 build/stm32f3xx_hal.o
HAL_GetREVID                                      build/stm32f3xx_hal.o
HAL_GetTick                                       build/stm32f3xx_hal.o
                                                  build/stm32f3xx_hal_i2c.o
                                                  build/stm32f3xx_hal_flash.o
                                                  build/stm32f3xx_hal_dma.o
                                                  build/stm32f3xx_hal_rcc_ex.o
                                                  build/stm32f3xx_hal_rcc.o
                                                  build/stm32f3xx_hal_uart_ex.o
                                                  build/stm32f3xx_hal_uart.o
HAL_GetTickFreq                                   build/stm32f3xx_hal.o
HAL_GetTickPrio                                   build/stm32f3xx_hal.o
HAL_GetUIDw0                                      build/stm32f3xx_hal.o
HAL_GetUIDw1                                      build/stm32f3xx_hal.o
HAL_GetUIDw2                                      build/stm32f3xx_hal.o
HAL_HalfDuplex_EnableReceiver                     build/stm32f3xx_hal_uart.o
HAL_HalfDuplex_EnableTransmitter                  build/stm32f3xx_hal_uart.o
HAL_HalfDuplex_Init                               build/stm32f3xx_hal_uart.o
HAL_I2CEx_ConfigAnalogFilter                      build/stm32f3xx_hal_i2c_ex.o
HAL_I2CEx_ConfigDigitalFilter                     build/stm32f3xx_hal_i2c_ex.o
HAL_I2CEx_DisableFastModePlus                     build/stm32f3xx_hal_i2c_ex.o
HAL_I2CEx_DisableWakeUp                           build/stm32f3xx_hal_i2c_ex.o
HAL_I2CEx_EnableFastModePlus                      build/stm32f3xx_hal_i2c_ex.o
HAL_I2CEx_EnableWakeUp                            build/stm32f3xx_hal_i2c_ex.o
HAL_I2C_AbortCpltCallback                         build/stm32f3xx_hal_i2c.o
HAL_I2C_AddrCallback                              build/stm32f3xx_hal_i2c.o
HAL_I2C_DeInit                                    build/stm32f3xx_hal_i2c.o
HAL_I2C_DisableListen_IT                          build/stm32f3xx_hal_i2c.o
HAL_I2C_ER_IRQHandler                             build/stm32f3xx_hal_i2c.o
HAL_I2C_EV_IRQHandler                             build/stm32f3xx_hal_i2c.o
HAL_I2C_EnableListen_IT                           build/stm32f3xx_hal_i2c.o
HAL_I2C_ErrorCallback                             build/stm32f3xx_hal_i2c.o
HAL_I2C_GetError                                  build/stm32f3xx_hal_i2c.o
HAL_I2C_GetMode                                   build/stm32f3xx_hal_i2c.o
HAL_I2C_GetState                                  build/stm32f3xx_hal_i2c.o
HAL_I2C_Init                                      build/stm32f3xx_hal_i2c.o
HAL_I2C_IsDeviceReady                             build/stm32f3xx_hal_i2c.o
HAL_I2C_ListenCpltCallback                        build/stm32f3xx_hal_i2c.o
HAL_I2C_MasterRxCpltCallback                      build/stm32f3xx_hal_i2c.o
HAL_I2C_MasterTxCpltCallback                      build/stm32f3xx_hal_i2c.o
HAL_I2C_Master_Abort_IT                           build/stm32f3xx_hal_i2c.o
HAL_I2C_Master_Receive                            build/stm32f3xx_hal_i2c.o
HAL_I2C_Master_Receive_DMA                        build/stm32f3xx_hal_i2c.o
HAL_I2C_Master_Receive_IT                         build/stm32f3xx_hal_i2c.o
HAL_I2C_Master_Sequential_Receive_IT              build/stm32f3xx_hal_i2c.o
HAL_I2C_Master_Sequential_Transmit_IT             build/stm32f3xx_hal_i2c.o
HAL_I2C_Master_Transmit                           build/stm32f3xx_hal_i2c.o
HAL_I2C_Master_Transmit_DMA                       build/stm32f3xx_hal_i2c.o
HAL_I2C_Master_Transmit_IT                        build/stm32f3xx_hal_i2c.o
HAL_I2C_MemRxCpltCallback                         build/stm32f3xx_hal_i2c.o
HAL_I2C_MemTxCpltCallback                         build/stm32f3xx_hal_i2c.o
HAL_I2C_Mem_Read                                  build/stm32f3xx_hal_i2c.o
HAL_I2C_Mem_Read_DMA                              build/stm32f3xx_hal_i2c.o
HAL_I2C_Mem_Read_IT                               build/stm32f3xx_hal_i2c.o
HAL_I2C_Mem_Write                                 build/stm32f3xx_hal_i2c.o
HAL_I2C_Mem_Write_DMA                             build/stm32f3xx_hal_i2c.o
HAL_I2C_Mem_Write_IT                              build/stm32f3xx_hal_i2c.o
HAL_I2C_MspDeInit                                 build/stm32f3xx_hal_i2c.o
HAL_I2C_MspInit                                   build/stm32f3xx_hal_i2c.o
HAL_I2C_SlaveRxCpltCallback                       build/stm32f3xx_hal_i2c.o
HAL_I2C_SlaveTxCpltCallback                       build/stm32f3xx_hal_i2c.o
HAL_I2C_Slave_Receive                             build/stm32f3xx_hal_i2c.o
HAL_I2C_Slave_Receive_DMA                         build/stm32f3xx_hal_i2c.o
HAL_I2C_Slave_Receive_IT                          build/stm32f3xx_hal_i2c.o
HAL_I2C_Slave_Sequential_Receive_IT               build/stm32f3xx_hal_i2c.o
HAL_I2C_Slave_Sequential_Transmit_IT              build/stm32f3xx_hal_i2c.o
HAL_I2C_Slave_Transmit                            build/stm32f3xx_hal_i2c.o
HAL_I2C_Slave_Transmit_DMA                        build/stm32f3xx_hal_i2c.o
HAL_I2C_Slave_Transmit_IT                         build/stm32f3xx_hal_i2c.o
HAL_IncTick                                       build/stm32f3xx_hal.o
                                                  build/stm32f3xx_it.o
HAL_Init                                          build/stm32f3xx_hal.o
HAL_InitTick                                      build/stm32f3xx_hal.o
                                                  build/stm32f3xx_hal_rcc.o
HAL_LIN_Init                                      build/stm32f3xx_hal_uart.o
HAL_LIN_SendBreak                                 build/stm32f3xx_hal_uart.o
HAL_MPU_ConfigRegion                              build/stm32f3xx_hal_cortex.o
HAL_MPU_Disable                                   build/stm32f3xx_hal_cortex.o
HAL_MPU_Enable                                    build/stm32f3xx_hal_cortex.o
HAL_MspDeInit                                     build/stm32f3xx_hal.o
HAL_MspInit                                       build/stm32f3xx_hal_msp.o
HAL_MultiProcessorEx_AddressLength_Set            build/stm32f3xx_hal_uart_ex.o
HAL_MultiProcessor_DisableMuteMode                build/stm32f3xx_hal_uart.o
HAL_MultiProcessor_EnableMuteMode                 build/stm32f3xx_hal_uart.o
HAL_MultiProcessor_EnterMuteMode                  build/stm32f3xx_hal_uart.o
HAL_MultiProcessor_Init                           build/stm32f3xx_hal_uart.o
HAL_NVIC_ClearPendingIRQ                          build/stm32f3xx_hal_cortex.o
HAL_NVIC_DisableIRQ                               build/stm32f3xx_hal_cortex.o
HAL_NVIC_EnableIRQ                                build/stm32f3xx_hal_cortex.o
                                                  build/logic_main.o
HAL_NVIC_GetActive                                build/stm32f3xx_hal_cortex.o
HAL_NVIC_GetPendingIRQ                            build/stm32f3xx_hal_cortex.o
HAL_NVIC_GetPriority                              build/stm32f3xx_hal_cortex.o
HAL_NVIC_GetPriorityGrouping                      build/stm32f3xx_hal_cortex.o
HAL_NVIC_SetPendingIRQ                            build/stm32f3xx_hal_cortex.o
HAL_NVIC_SetPriority                              build/stm32f3xx_hal_cortex.o
                                                  build/logic_main.o
                                                  build/stm32f3xx_hal.o
                                                  build/stm32f3xx_hal_msp.o
                                                  build/main.o
HAL_NVIC_SetPriorityGrouping                      build/stm32f3xx_hal_cortex.o
                                                  build/stm32f3xx_hal.o
                                                  build/stm32f3xx_hal_msp.o
HAL_NVIC_SystemReset                              build/stm32f3xx_hal_cortex.o
HAL_PWR_ConfigPVD                                 build/stm32f3xx_hal_pwr_ex.o
HAL_PWR_DeInit                                    build/stm32f3xx_hal_pwr.o
HAL_PWR_DisableBkUpAccess                         build/stm32f3xx_hal_pwr.o
HAL_PWR_DisablePVD                                build/stm32f3xx_hal_pwr_ex.o
HAL_PWR_DisableSEVOnPend                          build/stm32f3xx_hal_pwr.o
HAL_PWR_DisableSleepOnExit                        build/stm32f3xx_hal_pwr.o
HAL_PWR_DisableWakeUpPin                          build/stm32f3xx_hal_pwr.o
HAL_PWR_EnableBkUpAccess                          build/stm32f3xx_hal_pwr.o
HAL_PWR_EnablePVD                                 build/stm32f3xx_hal_pwr_ex.o
HAL_PWR_EnableSEVOnPend                           build/stm32f3xx_hal_pwr.o
HAL_PWR_EnableSleepOnExit                         build/stm32f3xx_hal_pwr.o
HAL_PWR_EnableWakeUpPin                           build/stm32f3xx_hal_pwr.o
HAL_PWR_EnterSLEEPMode                            build/stm32f3xx_hal_pwr.o
HAL_PWR_EnterSTANDBYMode                          build/stm32f3xx_hal_pwr.o
HAL_PWR_EnterSTOPMode                             build/stm32f3xx_hal_pwr.o
HAL_PWR_PVDCallback                               build/stm32f3xx_hal_pwr_ex.o
HAL_PWR_PVD_IRQHandler                            build/stm32f3xx_hal_pwr_ex.o
HAL_RCCEx_GetPeriphCLKConfig                      build/stm32f3xx_hal_rcc_ex.o
HAL_RCCEx_GetPeriphCLKFreq                        build/stm32f3xx_hal_rcc_ex.o
HAL_RCCEx_PeriphCLKConfig                         build/stm32f3xx_hal_rcc_ex.o
                                                  build/main.o
HAL_RCC_CSSCallback                               build/stm32f3xx_hal_rcc.o
HAL_RCC_ClockConfig                               build/stm32f3xx_hal_rcc.o
                                                  build/main.o
HAL_RCC_DeInit                                    build/stm32f3xx_hal_rcc.o
HAL_RCC_DisableCSS                                build/stm32f3xx_hal_rcc.o
HAL_RCC_EnableCSS                                 build/stm32f3xx_hal_rcc.o
HAL_RCC_GetClockConfig                            build/stm32f3xx_hal_rcc.o
HAL_RCC_GetHCLKFreq                               build/stm32f3xx_hal_rcc.o
                                                  build/main.o
HAL_RCC_GetOscConfig                              build/stm32f3xx_hal_rcc.o
HAL_RCC_GetPCLK1Freq                              build/stm32f3xx_hal_rcc.o
                                                  build/stm32f3xx_hal_rcc_ex.o
                                                  build/stm32f3xx_hal_uart.o
HAL_RCC_GetPCLK2Freq                              build/stm32f3xx_hal_rcc.o
                                                  build/stm32f3xx_hal_rcc_ex.o
                                                  build/stm32f3xx_hal_uart.o
HAL_RCC_GetSysClockFreq                           build/stm32f3xx_hal_rcc.o
                                                  build/stm32f3xx_hal_rcc_ex.o
                                                  build/stm32f3xx_hal_uart.o
HAL_RCC_MCOConfig                                 build/stm32f3xx_hal_rcc.o
HAL_RCC_NMI_IRQHandler                            build/stm32f3xx_hal_rcc.o
HAL_RCC_OscConfig                                 build/stm32f3xx_hal_rcc.o
                                                  build/main.o
HAL_RS485Ex_Init                                  build/stm32f3xx_hal_uart_ex.o
HAL_ResumeTick                                    build/stm32f3xx_hal.o
HAL_SYSTICK_CLKSourceConfig                       build/stm32f3xx_hal_cortex.o
                                                  build/main.o
HAL_SYSTICK_Callback                              build/stm32f3xx_hal_cortex.o
HAL_SYSTICK_Config                                build/stm32f3xx_hal_cortex.o
                                                  build/stm32f3xx_hal.o
                                                  build/main.o
HAL_SYSTICK_IRQHandler                            build/stm32f3xx_hal_cortex.o
                                                  build/stm32f3xx_it.o
HAL_SetTickFreq                                   build/stm32f3xx_hal.o
HAL_SuspendTick                                   build/stm32f3xx_hal.o
HAL_TIMEx_Break2Callback                          build/stm32f3xx_hal_tim_ex.o
                                                  build/stm32f3xx_hal_tim.o
HAL_TIMEx_BreakCallback                           build/stm32f3xx_hal_tim_ex.o
                                                  build/stm32f3xx_hal_tim.o
HAL_TIMEx_CommutationCallback                     build/stm32f3xx_hal_tim_ex.o
                                                  build/stm32f3xx_hal_tim.o
HAL_TIMEx_ConfigBreakDeadTime                     build/stm32f3xx_hal_tim_ex.o
HAL_TIMEx_ConfigCommutationEvent                  build/stm32f3xx_hal_tim_ex.o
HAL_TIMEx_ConfigCommutationEvent_DMA              build/stm32f3xx_hal_tim_ex.o
HAL_TIMEx_ConfigCommutationEvent_IT               build/stm32f3xx_hal_tim_ex.o
HAL_TIMEx_GroupChannel5                           build/stm32f3xx_hal_tim_ex.o
HAL_TIMEx_HallSensor_DeInit                       build/stm32f3xx_hal_tim_ex.o
HAL_TIMEx_HallSensor_GetState                     build/stm32f3xx_hal_tim_ex.o
HAL_TIMEx_HallSensor_Init                         build/stm32f3xx_hal_tim_ex.o
HAL_TIMEx_HallSensor_MspDeInit                    build/stm32f3xx_hal_tim_ex.o
HAL_TIMEx_HallSensor_MspInit                      build/stm32f3xx_hal_tim_ex.o
HAL_TIMEx_HallSensor_Start                        build/stm32f3xx_hal_tim_ex.o
HAL_TIMEx_HallSensor_Start_DMA                    build/stm32f3xx_hal_tim_ex.o
HAL_TIMEx_HallSensor_Start_IT                     build/stm32f3xx_hal_tim_ex.o
HAL_TIMEx_HallSensor_Stop                         build/stm32f3xx_hal_tim_ex.o
HAL_TIMEx_HallSensor_Stop_DMA                     build/stm32f3xx_hal_tim_ex.o
HAL_TIMEx_HallSensor_Stop_IT                      build/stm32f3xx_hal_tim_ex.o
HAL_TIMEx_MasterConfigSynchronization             build/stm32f3xx_hal_tim_ex.o
HAL_TIMEx_OCN_Start                               build/stm32f3xx_hal_tim_ex.o
HAL_TIMEx_OCN_Start_DMA                           build/stm32f3xx_hal_tim_ex.o
HAL_TIMEx_OCN_Start_IT                            build/stm32f3xx_hal_tim_ex.o
HAL_TIMEx_OCN_Stop                                build/stm32f3xx_hal_tim_ex.o
HAL_TIMEx_OCN_Stop_DMA                            build/stm32f3xx_hal_tim_ex.o
HAL_TIMEx_OCN_Stop_IT                             build/stm32f3xx_hal_tim_ex.o
HAL_TIMEx_OnePulseN_Start                         build/stm32f3xx_hal_tim_ex.o
HAL_TIMEx_OnePulseN_Start_IT                      build/stm32f3xx_hal_tim_ex.o
HAL_TIMEx_OnePulseN_Stop                          build/stm32f3xx_hal_tim_ex.o
HAL_TIMEx_OnePulseN_Stop_IT                       build/stm32f3xx_hal_tim_ex.o
HAL_TIMEx_PWMN_Start                              build/stm32f3xx_hal_tim_ex.o
HAL_TIMEx_PWMN_Start_DMA                          build/stm32f3xx_hal_tim_ex.o
HAL_TIMEx_PWMN_Start_IT                           build/stm32f3xx_hal_tim_ex.o
HAL_TIMEx_PWMN_Stop                               build/stm32f3xx_hal_tim_ex.o
HAL_TIMEx_PWMN_Stop_DMA                           build/stm32f3xx_hal_tim_ex.o
HAL_TIMEx_PWMN_Stop_IT                            build/stm32f3xx_hal_tim_ex.o
HAL_TIMEx_RemapConfig                             build/stm32f3xx_hal_tim_ex.o
HAL_TIM_Base_DeInit                               build/stm32f3xx_hal_tim.o
HAL_TIM_Base_GetState                             build/stm32f3xx_hal_tim.o
HAL_TIM_Base_Init                                 build/stm32f3xx_hal_tim.o
                                                  build/logic_main.o
HAL_TIM_Base_MspDeInit                            build/stm32f3xx_hal_tim.o
HAL_TIM_Base_MspInit                              build/stm32f3xx_hal_tim.o
HAL_TIM_Base_Start                                build/stm32f3xx_hal_tim.o
HAL_TIM_Base_Start_DMA                            build/stm32f3xx_hal_tim.o
HAL_TIM_Base_Start_IT                             build/stm32f3xx_hal_tim.o
                                                  build/logic_main.o
HAL_TIM_Base_Stop                                 build/stm32f3xx_hal_tim.o
HAL_TIM_Base_Stop_DMA                             build/stm32f3xx_hal_tim.o
HAL_TIM_Base_Stop_IT                              build/stm32f3xx_hal_tim.o
HAL_TIM_ConfigClockSource                         build/stm32f3xx_hal_tim.o
HAL_TIM_ConfigOCrefClear                          build/stm32f3xx_hal_tim_ex.o
                                                  build/stm32f3xx_hal_tim.o
HAL_TIM_ConfigTI1Input                            build/stm32f3xx_hal_tim.o
HAL_TIM_DMABurst_MultiReadStart                   build/stm32f3xx_hal_tim.o
HAL_TIM_DMABurst_MultiWriteStart                  build/stm32f3xx_hal_tim.o
HAL_TIM_DMABurst_ReadStart                        build/stm32f3xx_hal_tim.o
HAL_TIM_DMABurst_ReadStop                         build/stm32f3xx_hal_tim.o
HAL_TIM_DMABurst_WriteStart                       build/stm32f3xx_hal_tim.o
HAL_TIM_DMABurst_WriteStop                        build/stm32f3xx_hal_tim.o
HAL_TIM_Encoder_DeInit                            build/stm32f3xx_hal_tim.o
HAL_TIM_Encoder_GetState                          build/stm32f3xx_hal_tim.o
HAL_TIM_Encoder_Init                              build/stm32f3xx_hal_tim.o
HAL_TIM_Encoder_MspDeInit                         build/stm32f3xx_hal_tim.o
HAL_TIM_Encoder_MspInit                           build/stm32f3xx_hal_tim.o
HAL_TIM_Encoder_Start                             build/stm32f3xx_hal_tim.o
HAL_TIM_Encoder_Start_DMA                         build/stm32f3xx_hal_tim.o
HAL_TIM_Encoder_Start_IT                          build/stm32f3xx_hal_tim.o
HAL_TIM_Encoder_Stop                              build/stm32f3xx_hal_tim.o
HAL_TIM_Encoder_Stop_DMA                          build/stm32f3xx_hal_tim.o
HAL_TIM_Encoder_Stop_IT                           build/stm32f3xx_hal_tim.o
HAL_TIM_ErrorCallback                             build/stm32f3xx_hal_tim.o
HAL_TIM_GenerateEvent                             build/stm32f3xx_hal_tim.o
HAL_TIM_IC_CaptureCallback                        build/stm32f3xx_hal_tim.o
HAL_TIM_IC_ConfigChannel                          build/stm32f3xx_hal_tim.o
HAL_TIM_IC_DeInit                                 build/stm32f3xx_hal_tim.o
HAL_TIM_IC_GetState                               build/stm32f3xx_hal_tim.o
HAL_TIM_IC_Init                                   build/stm32f3xx_hal_tim.o
HAL_TIM_IC_MspDeInit                              build/stm32f3xx_hal_tim.o
HAL_TIM_IC_MspInit                                build/stm32f3xx_hal_tim.o
HAL_TIM_IC_Start                                  build/stm32f3xx_hal_tim.o
HAL_TIM_IC_Start_DMA                              build/stm32f3xx_hal_tim.o
HAL_TIM_IC_Start_IT                               build/stm32f3xx_hal_tim.o
HAL_TIM_IC_Stop                                   build/stm32f3xx_hal_tim.o
HAL_TIM_IC_Stop_DMA                               build/stm32f3xx_hal_tim.o
HAL_TIM_IC_Stop_IT                                build/stm32f3xx_hal_tim.o
HAL_TIM_IRQHandler                                build/stm32f3xx_hal_tim.o
                                                  build/logic_main.o
HAL_TIM_OC_ConfigChannel                          build/stm32f3xx_hal_tim_ex.o
                                                  build/stm32f3xx_hal_tim.o
HAL_TIM_OC_DeInit                                 build/stm32f3xx_hal_tim.o
HAL_TIM_OC_DelayElapsedCallback                   build/stm32f3xx_hal_tim.o
HAL_TIM_OC_GetState                               build/stm32f3xx_hal_tim.o
HAL_TIM_OC_Init                                   build/stm32f3xx_hal_tim.o
HAL_TIM_OC_MspDeInit                              build/stm32f3xx_hal_tim.o
HAL_TIM_OC_MspInit                                build/stm32f3xx_hal_tim.o
HAL_TIM_OC_Start                                  build/stm32f3xx_hal_tim.o
HAL_TIM_OC_Start_DMA                              build/stm32f3xx_hal_tim.o
HAL_TIM_OC_Start_IT                               build/stm32f3xx_hal_tim.o
HAL_TIM_OC_Stop                                   build/stm32f3xx_hal_tim.o
HAL_TIM_OC_Stop_DMA                               build/stm32f3xx_hal_tim.o
HAL_TIM_OC_Stop_IT                                build/stm32f3xx_hal_tim.o
HAL_TIM_OnePulse_ConfigChannel                    build/stm32f3xx_hal_tim.o
HAL_TIM_OnePulse_DeInit                           build/stm32f3xx_hal_tim.o
HAL_TIM_OnePulse_GetState                         build/stm32f3xx_hal_tim.o
HAL_TIM_OnePulse_Init                             build/stm32f3xx_hal_tim.o
HAL_TIM_OnePulse_MspDeInit                        build/stm32f3xx_hal_tim.o
HAL_TIM_OnePulse_MspInit                          build/stm32f3xx_hal_tim.o
HAL_TIM_OnePulse_Start                            build/stm32f3xx_hal_tim.o
HAL_TIM_OnePulse_Start_IT                         build/stm32f3xx_hal_tim.o
HAL_TIM_OnePulse_Stop                             build/stm32f3xx_hal_tim.o
HAL_TIM_OnePulse_Stop_IT                          build/stm32f3xx_hal_tim.o
HAL_TIM_PWM_ConfigChannel                         build/stm32f3xx_hal_tim_ex.o
                                                  build/stm32f3xx_hal_tim.o
HAL_TIM_PWM_DeInit                                build/stm32f3xx_hal_tim.o
HAL_TIM_PWM_GetState                              build/stm32f3xx_hal_tim.o
HAL_TIM_PWM_Init                                  build/stm32f3xx_hal_tim.o
HAL_TIM_PWM_MspDeInit                             build/stm32f3xx_hal_tim.o
HAL_TIM_PWM_MspInit                               build/stm32f3xx_hal_tim.o
HAL_TIM_PWM_PulseFinishedCallback                 build/stm32f3xx_hal_tim.o
HAL_TIM_PWM_Start                                 build/stm32f3xx_hal_tim.o
HAL_TIM_PWM_Start_DMA                             build/stm32f3xx_hal_tim.o
HAL_TIM_PWM_Start_IT                              build/stm32f3xx_hal_tim.o
HAL_TIM_PWM_Stop                                  build/stm32f3xx_hal_tim.o
HAL_TIM_PWM_Stop_DMA                              build/stm32f3xx_hal_tim.o
HAL_TIM_PWM_Stop_IT                               build/stm32f3xx_hal_tim.o
HAL_TIM_PeriodElapsedCallback                     build/logic_main.o
                                                  build/stm32f3xx_hal_tim.o
HAL_TIM_ReadCapturedValue                         build/stm32f3xx_hal_tim.o
HAL_TIM_SlaveConfigSynchronization                build/stm32f3xx_hal_tim.o
HAL_TIM_SlaveConfigSynchronization_IT             build/stm32f3xx_hal_tim.o
HAL_TIM_TriggerCallback                           build/stm32f3xx_hal_tim.o
HAL_UARTEx_DisableStopMode                        build/stm32f3xx_hal_uart_ex.o
HAL_UARTEx_EnableStopMode                         build/stm32f3xx_hal_uart_ex.o
HAL_UARTEx_StopModeWakeUpSourceConfig             build/stm32f3xx_hal_uart_ex.o
HAL_UARTEx_WakeupCallback                         build/stm32f3xx_hal_uart_ex.o
                                                  build/stm32f3xx_hal_uart.o
HAL_UART_Abort                                    build/stm32f3xx_hal_uart.o
HAL_UART_AbortCpltCallback                        build/stm32f3xx_hal_uart.o
HAL_UART_AbortReceive                             build/stm32f3xx_hal_uart.o
HAL_UART_AbortReceiveCpltCallback                 build/stm32f3xx_hal_uart.o
HAL_UART_AbortReceive_IT                          build/stm32f3xx_hal_uart.o
HAL_UART_AbortTransmit                            build/stm32f3xx_hal_uart.o
HAL_UART_AbortTransmitCpltCallback                build/stm32f3xx_hal_uart.o
HAL_UART_AbortTransmit_IT                         build/stm32f3xx_hal_uart.o
HAL_UART_Abort_IT                                 build/stm32f3xx_hal_uart.o
HAL_UART_DMAPause                                 build/stm32f3xx_hal_uart.o
HAL_UART_DMAResume                                build/stm32f3xx_hal_uart.o
HAL_UART_DMAStop                                  build/stm32f3xx_hal_uart.o
HAL_UART_DeInit                                   build/stm32f3xx_hal_uart.o
HAL_UART_ErrorCallback                            build/stm32f3xx_hal_uart.o
HAL_UART_GetError                                 build/stm32f3xx_hal_uart.o
HAL_UART_GetState                                 build/stm32f3xx_hal_uart.o
HAL_UART_IRQHandler                               build/stm32f3xx_hal_uart.o
HAL_UART_Init                                     build/stm32f3xx_hal_uart.o
                                                  build/usart.o
HAL_UART_MspDeInit                                build/usart.o
HAL_UART_MspInit                                  build/usart.o
                                                  build/stm32f3xx_hal_uart_ex.o
HAL_UART_Receive                                  build/stm32f3xx_hal_uart.o
HAL_UART_Receive_DMA                              build/stm32f3xx_hal_uart.o
HAL_UART_Receive_IT                               build/stm32f3xx_hal_uart.o
HAL_UART_RxCpltCallback                           build/stm32f3xx_hal_uart.o
HAL_UART_RxHalfCpltCallback                       build/stm32f3xx_hal_uart.o
HAL_UART_Transmit                                 build/stm32f3xx_hal_uart.o
HAL_UART_Transmit_DMA                             build/stm32f3xx_hal_uart.o
HAL_UART_Transmit_IT                              build/stm32f3xx_hal_uart.o
HAL_UART_TxCpltCallback                           build/stm32f3xx_hal_uart.o
HAL_UART_TxHalfCpltCallback                       build/stm32f3xx_hal_uart.o
HardFault_Handler                                 build/stm32f3xx_it.o
I2C1_ER_IRQHandler                                build/startup_stm32f303xe.o
I2C1_EV_IRQHandler                                build/startup_stm32f303xe.o
I2C2_ER_IRQHandler                                build/startup_stm32f303xe.o
I2C2_EV_IRQHandler                                build/startup_stm32f303xe.o
I2C3_ER_IRQHandler                                build/startup_stm32f303xe.o
I2C3_EV_IRQHandler                                build/startup_stm32f303xe.o
MX_GPIO_Init                                      build/gpio.o
                                                  build/logic_main.o
MX_USART2_UART_Init                               build/usart.o
MemManage_Handler                                 build/stm32f3xx_it.o
NMI_Handler                                       build/stm32f3xx_it.o
PVD_IRQHandler                                    build/startup_stm32f303xe.o
PendSV_Handler                                    build/stm32f3xx_it.o
RCC_IRQHandler                                    build/startup_stm32f303xe.o
RTC_Alarm_IRQHandler                              build/startup_stm32f303xe.o
RTC_WKUP_IRQHandler                               build/startup_stm32f303xe.o
Reset_Handler                                     build/startup_stm32f303xe.o
SPI1_IRQHandler                                   build/startup_stm32f303xe.o
SPI2_IRQHandler                                   build/startup_stm32f303xe.o
SPI3_IRQHandler                                   build/startup_stm32f303xe.o
SPI4_IRQHandler                                   build/startup_stm32f303xe.o
SVC_Handler                                       build/stm32f3xx_it.o
SysTick_Handler                                   build/stm32f3xx_it.o
SystemClock_Config                                build/main.o
SystemCoreClock                                   build/system_stm32f3xx.o
                                                  build/stm32f3xx_hal_rcc_ex.o
                                                  build/stm32f3xx_hal_rcc.o
                                                  build/stm32f3xx_hal.o
SystemCoreClockUpdate                             build/system_stm32f3xx.o
SystemInit                                        build/system_stm32f3xx.o
                                                  build/startup_stm32f303xe.o
TAMP_STAMP_IRQHandler                             build/startup_stm32f303xe.o
TIM1_BRK_TIM15_IRQHandler                         build/startup_stm32f303xe.o
TIM1_CC_IRQHandler                                build/startup_stm32f303xe.o
TIM1_TRG_COM_TIM17_IRQHandler                     build/startup_stm32f303xe.o
TIM1_UP_TIM16_IRQHandler                          build/startup_stm32f303xe.o
TIM20_BRK_IRQHandler                              build/startup_stm32f303xe.o
TIM20_CC_IRQHandler                               build/startup_stm32f303xe.o
TIM20_TRG_COM_IRQHandler                          build/startup_stm32f303xe.o
TIM20_UP_IRQHandler                               build/startup_stm32f303xe.o
TIM2_IRQHandler                                   build/startup_stm32f303xe.o
TIM3_IRQHandler                                   build/startup_stm32f303xe.o
TIM4_IRQHandler                                   build/startup_stm32f303xe.o
TIM6_DAC_IRQHandler                               build/logic_main.o
TIM7_IRQHandler                                   build/startup_stm32f303xe.o
TIM8_BRK_IRQHandler                               build/startup_stm32f303xe.o
TIM8_CC_IRQHandler                                build/startup_stm32f303xe.o
TIM8_TRG_COM_IRQHandler                           build/startup_stm32f303xe.o
TIM8_UP_IRQHandler                                build/startup_stm32f303xe.o
TIMEx_DMACommutationCplt                          build/stm32f3xx_hal_tim_ex.o
                                                  build/stm32f3xx_hal_tim.o
TIM_Base_SetConfig                                build/stm32f3xx_hal_tim.o
                                                  build/stm32f3xx_hal_tim_ex.o
TIM_CCxChannelCmd                                 build/stm32f3xx_hal_tim.o
                                                  build/stm32f3xx_hal_tim_ex.o
TIM_DMACaptureCplt                                build/stm32f3xx_hal_tim.o
                                                  build/stm32f3xx_hal_tim_ex.o
TIM_DMADelayPulseCplt                             build/stm32f3xx_hal_tim.o
                                                  build/stm32f3xx_hal_tim_ex.o
TIM_DMAError                                      build/stm32f3xx_hal_tim.o
                                                  build/stm32f3xx_hal_tim_ex.o
TIM_ETR_SetConfig                                 build/stm32f3xx_hal_tim.o
                                                  build/stm32f3xx_hal_tim_ex.o
TIM_OC1_SetConfig                                 build/stm32f3xx_hal_tim.o
                                                  build/stm32f3xx_hal_tim_ex.o
TIM_OC2_SetConfig                                 build/stm32f3xx_hal_tim.o
                                                  build/stm32f3xx_hal_tim_ex.o
TIM_OC3_SetConfig                                 build/stm32f3xx_hal_tim.o
                                                  build/stm32f3xx_hal_tim_ex.o
TIM_OC4_SetConfig                                 build/stm32f3xx_hal_tim.o
                                                  build/stm32f3xx_hal_tim_ex.o
TIM_TI1_SetConfig                                 build/stm32f3xx_hal_tim.o
                                                  build/stm32f3xx_hal_tim_ex.o
UART4_IRQHandler                                  build/startup_stm32f303xe.o
UART5_IRQHandler                                  build/startup_stm32f303xe.o
UART_AdvFeatureConfig                             build/stm32f3xx_hal_uart.o
                                                  build/stm32f3xx_hal_uart_ex.o
UART_CheckIdleState                               build/stm32f3xx_hal_uart.o
                                                  build/stm32f3xx_hal_uart_ex.o
UART_EndTransmit_IT                               build/stm32f3xx_hal_uart.o
UART_Receive_IT                                   build/stm32f3xx_hal_uart.o
UART_SetConfig                                    build/stm32f3xx_hal_uart.o
                                                  build/stm32f3xx_hal_uart_ex.o
UART_Transmit_IT                                  build/stm32f3xx_hal_uart.o
UART_WaitOnFlagUntilTimeout                       build/stm32f3xx_hal_uart.o
                                                  build/stm32f3xx_hal_uart_ex.o
UART_Wakeup_AddressConfig                         build/stm32f3xx_hal_uart.o
                                                  build/stm32f3xx_hal_uart_ex.o
USART1_IRQHandler                                 build/startup_stm32f303xe.o
USART2_IRQHandler                                 build/startup_stm32f303xe.o
USART3_IRQHandler                                 build/startup_stm32f303xe.o
USBWakeUp_IRQHandler                              build/startup_stm32f303xe.o
USBWakeUp_RMP_IRQHandler                          build/startup_stm32f303xe.o
USB_HP_CAN_TX_IRQHandler                          build/startup_stm32f303xe.o
USB_HP_IRQHandler                                 build/startup_stm32f303xe.o
USB_LP_CAN_RX0_IRQHandler                         build/startup_stm32f303xe.o
USB_LP_IRQHandler                                 build/startup_stm32f303xe.o
UsageFault_Handler                                build/stm32f3xx_it.o
WWDG_IRQHandler                                   build/startup_stm32f303xe.o
_Error_Handler                                    build/main.o
                                                  build/usart.o
__bss_end__                                       /home/logic/STM32Toolchain/gcc-arm/bin/../lib/gcc/arm-none-eabi/7.3.1/../../../../arm-none-eabi/lib/thumb/v7e-m/fpv4-sp/hard/crt0.o
__bss_start__                                     /home/logic/STM32Toolchain/gcc-arm/bin/../lib/gcc/arm-none-eabi/7.3.1/../../../../arm-none-eabi/lib/thumb/v7e-m/fpv4-sp/hard/crt0.o
__call_exitprocs                                  /home/logic/STM32Toolchain/gcc-arm/bin/../lib/gcc/arm-none-eabi/7.3.1/../../../../arm-none-eabi/lib/thumb/v7e-m/fpv4-sp/hard/libc_nano.a(lib_a-exit.o)
__deregister_frame_info                           /home/logic/STM32Toolchain/gcc-arm/bin/../lib/gcc/arm-none-eabi/7.3.1/thumb/v7e-m/fpv4-sp/hard/crtbegin.o
__dso_handle                                      /home/logic/STM32Toolchain/gcc-arm/bin/../lib/gcc/arm-none-eabi/7.3.1/thumb/v7e-m/fpv4-sp/hard/crtbegin.o
__init_array_end                                  /home/logic/STM32Toolchain/gcc-arm/bin/../lib/gcc/arm-none-eabi/7.3.1/../../../../arm-none-eabi/lib/thumb/v7e-m/fpv4-sp/hard/libc_nano.a(lib_a-init.o)
__init_array_start                                /home/logic/STM32Toolchain/gcc-arm/bin/../lib/gcc/arm-none-eabi/7.3.1/../../../../arm-none-eabi/lib/thumb/v7e-m/fpv4-sp/hard/libc_nano.a(lib_a-init.o)
__libc_fini_array                                 /home/logic/STM32Toolchain/gcc-arm/bin/../lib/gcc/arm-none-eabi/7.3.1/../../../../arm-none-eabi/lib/thumb/v7e-m/fpv4-sp/hard/crt0.o
__libc_init_array                                 /home/logic/STM32Toolchain/gcc-arm/bin/../lib/gcc/arm-none-eabi/7.3.1/../../../../arm-none-eabi/lib/thumb/v7e-m/fpv4-sp/hard/libc_nano.a(lib_a-init.o)
                                                  build/startup_stm32f303xe.o
                                                  /home/logic/STM32Toolchain/gcc-arm/bin/../lib/gcc/arm-none-eabi/7.3.1/../../../../arm-none-eabi/lib/thumb/v7e-m/fpv4-sp/hard/crt0.o
__preinit_array_end                               /home/logic/STM32Toolchain/gcc-arm/bin/../lib/gcc/arm-none-eabi/7.3.1/../../../../arm-none-eabi/lib/thumb/v7e-m/fpv4-sp/hard/libc_nano.a(lib_a-init.o)
__preinit_array_start                             /home/logic/STM32Toolchain/gcc-arm/bin/../lib/gcc/arm-none-eabi/7.3.1/../../../../arm-none-eabi/lib/thumb/v7e-m/fpv4-sp/hard/libc_nano.a(lib_a-init.o)
__register_frame_info                             /home/logic/STM32Toolchain/gcc-arm/bin/../lib/gcc/arm-none-eabi/7.3.1/thumb/v7e-m/fpv4-sp/hard/crtbegin.o
__sf_fake_stderr                                  /home/logic/STM32Toolchain/gcc-arm/bin/../lib/gcc/arm-none-eabi/7.3.1/../../../../arm-none-eabi/lib/thumb/v7e-m/fpv4-sp/hard/libc_nano.a(lib_a-impure.o)
__sf_fake_stdin                                   /home/logic/STM32Toolchain/gcc-arm/bin/../lib/gcc/arm-none-eabi/7.3.1/../../../../arm-none-eabi/lib/thumb/v7e-m/fpv4-sp/hard/libc_nano.a(lib_a-impure.o)
__sf_fake_stdout                                  /home/logic/STM32Toolchain/gcc-arm/bin/../lib/gcc/arm-none-eabi/7.3.1/../../../../arm-none-eabi/lib/thumb/v7e-m/fpv4-sp/hard/libc_nano.a(lib_a-impure.o)
__stack                                           /home/logic/STM32Toolchain/gcc-arm/bin/../lib/gcc/arm-none-eabi/7.3.1/../../../../arm-none-eabi/lib/thumb/v7e-m/fpv4-sp/hard/crt0.o
_ebss                                             build/startup_stm32f303xe.o
_edata                                            build/startup_stm32f303xe.o
_estack                                           build/startup_stm32f303xe.o
_exit                                             /home/logic/STM32Toolchain/gcc-arm/bin/../lib/gcc/arm-none-eabi/7.3.1/../../../../arm-none-eabi/lib/thumb/v7e-m/fpv4-sp/hard/libnosys.a(_exit.o)
                                                  /home/logic/STM32Toolchain/gcc-arm/bin/../lib/gcc/arm-none-eabi/7.3.1/../../../../arm-none-eabi/lib/thumb/v7e-m/fpv4-sp/hard/libc_nano.a(lib_a-exit.o)
_fini                                             /home/logic/STM32Toolchain/gcc-arm/bin/../lib/gcc/arm-none-eabi/7.3.1/thumb/v7e-m/fpv4-sp/hard/crti.o
_global_impure_ptr                                /home/logic/STM32Toolchain/gcc-arm/bin/../lib/gcc/arm-none-eabi/7.3.1/../../../../arm-none-eabi/lib/thumb/v7e-m/fpv4-sp/hard/libc_nano.a(lib_a-impure.o)
                                                  /home/logic/STM32Toolchain/gcc-arm/bin/../lib/gcc/arm-none-eabi/7.3.1/../../../../arm-none-eabi/lib/thumb/v7e-m/fpv4-sp/hard/libc_nano.a(lib_a-exit.o)
_impure_ptr                                       /home/logic/STM32Toolchain/gcc-arm/bin/../lib/gcc/arm-none-eabi/7.3.1/../../../../arm-none-eabi/lib/thumb/v7e-m/fpv4-sp/hard/libc_nano.a(lib_a-impure.o)
_init                                             /home/logic/STM32Toolchain/gcc-arm/bin/../lib/gcc/arm-none-eabi/7.3.1/thumb/v7e-m/fpv4-sp/hard/crti.o
                                                  /home/logic/STM32Toolchain/gcc-arm/bin/../lib/gcc/arm-none-eabi/7.3.1/../../../../arm-none-eabi/lib/thumb/v7e-m/fpv4-sp/hard/libc_nano.a(lib_a-init.o)
_mainCRTStartup                                   /home/logic/STM32Toolchain/gcc-arm/bin/../lib/gcc/arm-none-eabi/7.3.1/../../../../arm-none-eabi/lib/thumb/v7e-m/fpv4-sp/hard/crt0.o
_sbss                                             build/startup_stm32f303xe.o
_sdata                                            build/startup_stm32f303xe.o
_sidata                                           build/startup_stm32f303xe.o
_start                                            /home/logic/STM32Toolchain/gcc-arm/bin/../lib/gcc/arm-none-eabi/7.3.1/../../../../arm-none-eabi/lib/thumb/v7e-m/fpv4-sp/hard/crt0.o
aPLLMULFactorTable                                build/stm32f3xx_hal_rcc.o
aPredivFactorTable                                build/stm32f3xx_hal_rcc.o
assert_failed                                     build/main.o
                                                  build/stm32f3xx_hal_i2c_ex.o
                                                  build/stm32f3xx_hal_i2c.o
                                                  build/stm32f3xx_hal_flash_ex.o
                                                  build/stm32f3xx_hal_flash.o
                                                  build/stm32f3xx_hal_pwr_ex.o
                                                  build/stm32f3xx_hal_pwr.o
                                                  build/stm32f3xx_hal_cortex.o
                                                  build/stm32f3xx_hal_dma.o
                                                  build/stm32f3xx_hal_gpio.o
                                                  build/stm32f3xx_hal_rcc_ex.o
                                                  build/stm32f3xx_hal_rcc.o
                                                  build/stm32f3xx_hal.o
                                                  build/stm32f3xx_hal_uart_ex.o
                                                  build/stm32f3xx_hal_uart.o
                                                  build/stm32f3xx_hal_tim_ex.o
                                                  build/stm32f3xx_hal_tim.o
atexit                                            /home/logic/STM32Toolchain/gcc-arm/bin/../lib/gcc/arm-none-eabi/7.3.1/../../../../arm-none-eabi/lib/thumb/v7e-m/fpv4-sp/hard/crt0.o
exit                                              /home/logic/STM32Toolchain/gcc-arm/bin/../lib/gcc/arm-none-eabi/7.3.1/../../../../arm-none-eabi/lib/thumb/v7e-m/fpv4-sp/hard/libc_nano.a(lib_a-exit.o)
                                                  /home/logic/STM32Toolchain/gcc-arm/bin/../lib/gcc/arm-none-eabi/7.3.1/../../../../arm-none-eabi/lib/thumb/v7e-m/fpv4-sp/hard/crt0.o
g_pfnVectors                                      build/startup_stm32f303xe.o
hardware_init_hook                                /home/logic/STM32Toolchain/gcc-arm/bin/../lib/gcc/arm-none-eabi/7.3.1/../../../../arm-none-eabi/lib/thumb/v7e-m/fpv4-sp/hard/crt0.o
htim6                                             build/logic_main.o
huart2                                            build/usart.o
init_timer_TIM6                                   build/logic_main.o
main                                              build/logic_main.o
                                                  build/startup_stm32f303xe.o
                                                  /home/logic/STM32Toolchain/gcc-arm/bin/../lib/gcc/arm-none-eabi/7.3.1/../../../../arm-none-eabi/lib/thumb/v7e-m/fpv4-sp/hard/crt0.o
memset                                            /home/logic/STM32Toolchain/gcc-arm/bin/../lib/gcc/arm-none-eabi/7.3.1/../../../../arm-none-eabi/lib/thumb/v7e-m/fpv4-sp/hard/libc_nano.a(lib_a-memset.o)
                                                  /home/logic/STM32Toolchain/gcc-arm/bin/../lib/gcc/arm-none-eabi/7.3.1/../../../../arm-none-eabi/lib/thumb/v7e-m/fpv4-sp/hard/crt0.o
pFlash                                            build/stm32f3xx_hal_flash.o
                                                  build/stm32f3xx_hal_flash_ex.o
software_init_hook                                /home/logic/STM32Toolchain/gcc-arm/bin/../lib/gcc/arm-none-eabi/7.3.1/../../../../arm-none-eabi/lib/thumb/v7e-m/fpv4-sp/hard/crt0.o
uwTick                                            build/stm32f3xx_hal.o
uwTickFreq                                        build/stm32f3xx_hal.o
uwTickPrio                                        build/stm32f3xx_hal.o
