Archive member included to satisfy reference by file (symbol)

/home/logic/STM32Toolchain/gcc-arm/bin/../lib/gcc/arm-none-eabi/7.3.1/../../../../arm-none-eabi/lib/thumb/v7-m/libc_nano.a(lib_a-exit.o)
                              /home/logic/STM32Toolchain/gcc-arm/bin/../lib/gcc/arm-none-eabi/7.3.1/../../../../arm-none-eabi/lib/thumb/v7-m/crt0.o (exit)
/home/logic/STM32Toolchain/gcc-arm/bin/../lib/gcc/arm-none-eabi/7.3.1/../../../../arm-none-eabi/lib/thumb/v7-m/libc_nano.a(lib_a-impure.o)
                              /home/logic/STM32Toolchain/gcc-arm/bin/../lib/gcc/arm-none-eabi/7.3.1/../../../../arm-none-eabi/lib/thumb/v7-m/libc_nano.a(lib_a-exit.o) (_global_impure_ptr)
/home/logic/STM32Toolchain/gcc-arm/bin/../lib/gcc/arm-none-eabi/7.3.1/../../../../arm-none-eabi/lib/thumb/v7-m/libc_nano.a(lib_a-init.o)
                              /home/logic/STM32Toolchain/gcc-arm/bin/../lib/gcc/arm-none-eabi/7.3.1/../../../../arm-none-eabi/lib/thumb/v7-m/crt0.o (__libc_init_array)
/home/logic/STM32Toolchain/gcc-arm/bin/../lib/gcc/arm-none-eabi/7.3.1/../../../../arm-none-eabi/lib/thumb/v7-m/libc_nano.a(lib_a-memset.o)
                              /home/logic/STM32Toolchain/gcc-arm/bin/../lib/gcc/arm-none-eabi/7.3.1/../../../../arm-none-eabi/lib/thumb/v7-m/crt0.o (memset)
/home/logic/STM32Toolchain/gcc-arm/bin/../lib/gcc/arm-none-eabi/7.3.1/../../../../arm-none-eabi/lib/thumb/v7-m/libnosys.a(_exit.o)
                              /home/logic/STM32Toolchain/gcc-arm/bin/../lib/gcc/arm-none-eabi/7.3.1/../../../../arm-none-eabi/lib/thumb/v7-m/libc_nano.a(lib_a-exit.o) (_exit)

Allocating common symbols
Common symbol       size              file

uwTick              0x4               build/stm32f1xx_hal.o
pFlash              0x20              build/stm32f1xx_hal_flash.o
huart2              0x40              build/usart.o

Discarded input sections

 .text          0x0000000000000000        0x0 /home/logic/STM32Toolchain/gcc-arm/bin/../lib/gcc/arm-none-eabi/7.3.1/thumb/v7-m/crti.o
 .data          0x0000000000000000        0x0 /home/logic/STM32Toolchain/gcc-arm/bin/../lib/gcc/arm-none-eabi/7.3.1/thumb/v7-m/crti.o
 .bss           0x0000000000000000        0x0 /home/logic/STM32Toolchain/gcc-arm/bin/../lib/gcc/arm-none-eabi/7.3.1/thumb/v7-m/crti.o
 .data          0x0000000000000000        0x4 /home/logic/STM32Toolchain/gcc-arm/bin/../lib/gcc/arm-none-eabi/7.3.1/thumb/v7-m/crtbegin.o
 .text          0x0000000000000000       0x74 /home/logic/STM32Toolchain/gcc-arm/bin/../lib/gcc/arm-none-eabi/7.3.1/../../../../arm-none-eabi/lib/thumb/v7-m/crt0.o
 .data          0x0000000000000000        0x0 /home/logic/STM32Toolchain/gcc-arm/bin/../lib/gcc/arm-none-eabi/7.3.1/../../../../arm-none-eabi/lib/thumb/v7-m/crt0.o
 .bss           0x0000000000000000        0x0 /home/logic/STM32Toolchain/gcc-arm/bin/../lib/gcc/arm-none-eabi/7.3.1/../../../../arm-none-eabi/lib/thumb/v7-m/crt0.o
 .ARM.extab     0x0000000000000000        0x0 /home/logic/STM32Toolchain/gcc-arm/bin/../lib/gcc/arm-none-eabi/7.3.1/../../../../arm-none-eabi/lib/thumb/v7-m/crt0.o
 .ARM.exidx     0x0000000000000000        0x8 /home/logic/STM32Toolchain/gcc-arm/bin/../lib/gcc/arm-none-eabi/7.3.1/../../../../arm-none-eabi/lib/thumb/v7-m/crt0.o
 .ARM.attributes
                0x0000000000000000       0x1b /home/logic/STM32Toolchain/gcc-arm/bin/../lib/gcc/arm-none-eabi/7.3.1/../../../../arm-none-eabi/lib/thumb/v7-m/crt0.o
 .text          0x0000000000000000        0x0 build/main.o
 .data          0x0000000000000000        0x0 build/main.o
 .bss           0x0000000000000000        0x0 build/main.o
 .text          0x0000000000000000        0x0 build/gpio.o
 .data          0x0000000000000000        0x0 build/gpio.o
 .bss           0x0000000000000000        0x0 build/gpio.o
 .text          0x0000000000000000        0x0 build/usart.o
 .data          0x0000000000000000        0x0 build/usart.o
 .bss           0x0000000000000000        0x0 build/usart.o
 .text.HAL_UART_MspDeInit
                0x0000000000000000       0x34 build/usart.o
 .text          0x0000000000000000        0x0 build/stm32f1xx_it.o
 .data          0x0000000000000000        0x0 build/stm32f1xx_it.o
 .bss           0x0000000000000000        0x0 build/stm32f1xx_it.o
 .text          0x0000000000000000        0x0 build/stm32f1xx_hal_msp.o
 .data          0x0000000000000000        0x0 build/stm32f1xx_hal_msp.o
 .bss           0x0000000000000000        0x0 build/stm32f1xx_hal_msp.o
 .text          0x0000000000000000        0x0 build/stm32f1xx_hal_gpio_ex.o
 .data          0x0000000000000000        0x0 build/stm32f1xx_hal_gpio_ex.o
 .bss           0x0000000000000000        0x0 build/stm32f1xx_hal_gpio_ex.o
 .text.HAL_GPIOEx_ConfigEventout
                0x0000000000000000       0x14 build/stm32f1xx_hal_gpio_ex.o
 .text.HAL_GPIOEx_EnableEventout
                0x0000000000000000       0x10 build/stm32f1xx_hal_gpio_ex.o
 .text.HAL_GPIOEx_DisableEventout
                0x0000000000000000       0x10 build/stm32f1xx_hal_gpio_ex.o
 .debug_info    0x0000000000000000      0xafb build/stm32f1xx_hal_gpio_ex.o
 .debug_abbrev  0x0000000000000000      0x1c8 build/stm32f1xx_hal_gpio_ex.o
 .debug_loc     0x0000000000000000       0x21 build/stm32f1xx_hal_gpio_ex.o
 .debug_aranges
                0x0000000000000000       0x30 build/stm32f1xx_hal_gpio_ex.o
 .debug_ranges  0x0000000000000000       0x20 build/stm32f1xx_hal_gpio_ex.o
 .debug_line    0x0000000000000000      0x217 build/stm32f1xx_hal_gpio_ex.o
 .debug_str     0x0000000000000000      0x686 build/stm32f1xx_hal_gpio_ex.o
 .comment       0x0000000000000000       0x80 build/stm32f1xx_hal_gpio_ex.o
 .debug_frame   0x0000000000000000       0x40 build/stm32f1xx_hal_gpio_ex.o
 .ARM.attributes
                0x0000000000000000       0x33 build/stm32f1xx_hal_gpio_ex.o
 .text          0x0000000000000000        0x0 build/stm32f1xx_hal_tim.o
 .data          0x0000000000000000        0x0 build/stm32f1xx_hal_tim.o
 .bss           0x0000000000000000        0x0 build/stm32f1xx_hal_tim.o
 .debug_info    0x0000000000000000      0xa18 build/stm32f1xx_hal_tim.o
 .debug_abbrev  0x0000000000000000      0x174 build/stm32f1xx_hal_tim.o
 .debug_aranges
                0x0000000000000000       0x18 build/stm32f1xx_hal_tim.o
 .debug_line    0x0000000000000000      0x194 build/stm32f1xx_hal_tim.o
 .debug_str     0x0000000000000000      0x5e6 build/stm32f1xx_hal_tim.o
 .comment       0x0000000000000000       0x80 build/stm32f1xx_hal_tim.o
 .ARM.attributes
                0x0000000000000000       0x33 build/stm32f1xx_hal_tim.o
 .text          0x0000000000000000        0x0 build/stm32f1xx_hal_tim_ex.o
 .data          0x0000000000000000        0x0 build/stm32f1xx_hal_tim_ex.o
 .bss           0x0000000000000000        0x0 build/stm32f1xx_hal_tim_ex.o
 .debug_info    0x0000000000000000      0xa18 build/stm32f1xx_hal_tim_ex.o
 .debug_abbrev  0x0000000000000000      0x174 build/stm32f1xx_hal_tim_ex.o
 .debug_aranges
                0x0000000000000000       0x18 build/stm32f1xx_hal_tim_ex.o
 .debug_line    0x0000000000000000      0x194 build/stm32f1xx_hal_tim_ex.o
 .debug_str     0x0000000000000000      0x5e9 build/stm32f1xx_hal_tim_ex.o
 .comment       0x0000000000000000       0x80 build/stm32f1xx_hal_tim_ex.o
 .ARM.attributes
                0x0000000000000000       0x33 build/stm32f1xx_hal_tim_ex.o
 .text          0x0000000000000000        0x0 build/stm32f1xx_hal_uart.o
 .data          0x0000000000000000        0x0 build/stm32f1xx_hal_uart.o
 .bss           0x0000000000000000        0x0 build/stm32f1xx_hal_uart.o
 .text.UART_EndTxTransfer
                0x0000000000000000       0x12 build/stm32f1xx_hal_uart.o
 .text.HAL_UART_MspInit
                0x0000000000000000        0x2 build/stm32f1xx_hal_uart.o
 .text.HAL_HalfDuplex_Init
                0x0000000000000000       0x6a build/stm32f1xx_hal_uart.o
 .text.HAL_LIN_Init
                0x0000000000000000       0x78 build/stm32f1xx_hal_uart.o
 .text.HAL_MultiProcessor_Init
                0x0000000000000000       0x7e build/stm32f1xx_hal_uart.o
 .text.HAL_UART_MspDeInit
                0x0000000000000000        0x2 build/stm32f1xx_hal_uart.o
 .text.HAL_UART_DeInit
                0x0000000000000000       0x26 build/stm32f1xx_hal_uart.o
 .text.HAL_UART_Receive
                0x0000000000000000       0xe4 build/stm32f1xx_hal_uart.o
 .text.HAL_UART_Transmit_IT
                0x0000000000000000       0x48 build/stm32f1xx_hal_uart.o
 .text.HAL_UART_Receive_IT
                0x0000000000000000       0x5c build/stm32f1xx_hal_uart.o
 .text.HAL_UART_Transmit_DMA
                0x0000000000000000       0x8c build/stm32f1xx_hal_uart.o
 .text.HAL_UART_Receive_DMA
                0x0000000000000000       0xa8 build/stm32f1xx_hal_uart.o
 .text.HAL_UART_DMAPause
                0x0000000000000000       0x70 build/stm32f1xx_hal_uart.o
 .text.HAL_UART_DMAResume
                0x0000000000000000       0x76 build/stm32f1xx_hal_uart.o
 .text.HAL_UART_DMAStop
                0x0000000000000000       0x64 build/stm32f1xx_hal_uart.o
 .text.HAL_UART_Abort
                0x0000000000000000       0x6c build/stm32f1xx_hal_uart.o
 .text.HAL_UART_AbortTransmit
                0x0000000000000000       0x3a build/stm32f1xx_hal_uart.o
 .text.HAL_UART_AbortReceive
                0x0000000000000000       0x44 build/stm32f1xx_hal_uart.o
 .text.UART_DMATransmitCplt
                0x0000000000000000       0x30 build/stm32f1xx_hal_uart.o
 .text.HAL_UART_TxHalfCpltCallback
                0x0000000000000000        0x2 build/stm32f1xx_hal_uart.o
 .text.UART_DMATxHalfCplt
                0x0000000000000000        0xa build/stm32f1xx_hal_uart.o
 .text.HAL_UART_RxCpltCallback
                0x0000000000000000        0x2 build/stm32f1xx_hal_uart.o
 .text.UART_DMAReceiveCplt
                0x0000000000000000       0x3e build/stm32f1xx_hal_uart.o
 .text.HAL_UART_RxHalfCpltCallback
                0x0000000000000000        0x2 build/stm32f1xx_hal_uart.o
 .text.UART_DMARxHalfCplt
                0x0000000000000000        0xa build/stm32f1xx_hal_uart.o
 .text.UART_DMAError
                0x0000000000000000       0x58 build/stm32f1xx_hal_uart.o
 .text.HAL_UART_AbortCpltCallback
                0x0000000000000000        0x2 build/stm32f1xx_hal_uart.o
 .text.HAL_UART_Abort_IT
                0x0000000000000000       0xc4 build/stm32f1xx_hal_uart.o
 .text.UART_DMARxAbortCallback
                0x0000000000000000       0x2c build/stm32f1xx_hal_uart.o
 .text.UART_DMATxAbortCallback
                0x0000000000000000       0x2c build/stm32f1xx_hal_uart.o
 .text.HAL_UART_AbortTransmitCpltCallback
                0x0000000000000000        0x2 build/stm32f1xx_hal_uart.o
 .text.HAL_UART_AbortTransmit_IT
                0x0000000000000000       0x60 build/stm32f1xx_hal_uart.o
 .text.UART_DMATxOnlyAbortCallback
                0x0000000000000000       0x14 build/stm32f1xx_hal_uart.o
 .text.HAL_UART_AbortReceiveCpltCallback
                0x0000000000000000        0x2 build/stm32f1xx_hal_uart.o
 .text.HAL_UART_AbortReceive_IT
                0x0000000000000000       0x68 build/stm32f1xx_hal_uart.o
 .text.UART_DMARxOnlyAbortCallback
                0x0000000000000000       0x14 build/stm32f1xx_hal_uart.o
 .text.HAL_LIN_SendBreak
                0x0000000000000000       0x32 build/stm32f1xx_hal_uart.o
 .text.HAL_MultiProcessor_EnterMuteMode
                0x0000000000000000       0x32 build/stm32f1xx_hal_uart.o
 .text.HAL_MultiProcessor_ExitMuteMode
                0x0000000000000000       0x32 build/stm32f1xx_hal_uart.o
 .text.HAL_HalfDuplex_EnableTransmitter
                0x0000000000000000       0x36 build/stm32f1xx_hal_uart.o
 .text.HAL_HalfDuplex_EnableReceiver
                0x0000000000000000       0x36 build/stm32f1xx_hal_uart.o
 .text.HAL_UART_GetState
                0x0000000000000000        0xc build/stm32f1xx_hal_uart.o
 .text.HAL_UART_GetError
                0x0000000000000000        0x4 build/stm32f1xx_hal_uart.o
 .text          0x0000000000000000        0x0 build/stm32f1xx_hal.o
 .data          0x0000000000000000        0x0 build/stm32f1xx_hal.o
 .bss           0x0000000000000000        0x0 build/stm32f1xx_hal.o
 .text.HAL_MspInit
                0x0000000000000000        0x2 build/stm32f1xx_hal.o
 .text.HAL_MspDeInit
                0x0000000000000000        0x2 build/stm32f1xx_hal.o
 .text.HAL_DeInit
                0x0000000000000000       0x20 build/stm32f1xx_hal.o
 .text.HAL_GetTickPrio
                0x0000000000000000        0xc build/stm32f1xx_hal.o
 .text.HAL_SetTickFreq
                0x0000000000000000       0x24 build/stm32f1xx_hal.o
 .text.HAL_GetTickFreq
                0x0000000000000000        0xc build/stm32f1xx_hal.o
 .text.HAL_SuspendTick
                0x0000000000000000       0x10 build/stm32f1xx_hal.o
 .text.HAL_ResumeTick
                0x0000000000000000       0x10 build/stm32f1xx_hal.o
 .text.HAL_GetHalVersion
                0x0000000000000000        0x8 build/stm32f1xx_hal.o
 .text.HAL_GetREVID
                0x0000000000000000        0xc build/stm32f1xx_hal.o
 .text.HAL_GetDEVID
                0x0000000000000000       0x10 build/stm32f1xx_hal.o
 .text.HAL_DBGMCU_EnableDBGSleepMode
                0x0000000000000000       0x10 build/stm32f1xx_hal.o
 .text.HAL_DBGMCU_DisableDBGSleepMode
                0x0000000000000000       0x10 build/stm32f1xx_hal.o
 .text.HAL_DBGMCU_EnableDBGStopMode
                0x0000000000000000       0x10 build/stm32f1xx_hal.o
 .text.HAL_DBGMCU_DisableDBGStopMode
                0x0000000000000000       0x10 build/stm32f1xx_hal.o
 .text.HAL_DBGMCU_EnableDBGStandbyMode
                0x0000000000000000       0x10 build/stm32f1xx_hal.o
 .text.HAL_DBGMCU_DisableDBGStandbyMode
                0x0000000000000000       0x10 build/stm32f1xx_hal.o
 .text.HAL_GetUID
                0x0000000000000000       0x20 build/stm32f1xx_hal.o
 .text          0x0000000000000000        0x0 build/stm32f1xx_hal_rcc.o
 .data          0x0000000000000000        0x0 build/stm32f1xx_hal_rcc.o
 .bss           0x0000000000000000        0x0 build/stm32f1xx_hal_rcc.o
 .text.HAL_RCC_DeInit
                0x0000000000000000       0xec build/stm32f1xx_hal_rcc.o
 .text.HAL_RCC_MCOConfig
                0x0000000000000000       0x4c build/stm32f1xx_hal_rcc.o
 .text.HAL_RCC_EnableCSS
                0x0000000000000000        0xc build/stm32f1xx_hal_rcc.o
 .text.HAL_RCC_DisableCSS
                0x0000000000000000        0xc build/stm32f1xx_hal_rcc.o
 .text.HAL_RCC_GetOscConfig
                0x0000000000000000       0xb4 build/stm32f1xx_hal_rcc.o
 .text.HAL_RCC_GetClockConfig
                0x0000000000000000       0x3c build/stm32f1xx_hal_rcc.o
 .text.HAL_RCC_CSSCallback
                0x0000000000000000        0x2 build/stm32f1xx_hal_rcc.o
 .text.HAL_RCC_NMI_IRQHandler
                0x0000000000000000       0x24 build/stm32f1xx_hal_rcc.o
 .text          0x0000000000000000        0x0 build/stm32f1xx_hal_rcc_ex.o
 .data          0x0000000000000000        0x0 build/stm32f1xx_hal_rcc_ex.o
 .bss           0x0000000000000000        0x0 build/stm32f1xx_hal_rcc_ex.o
 .text.HAL_RCCEx_PeriphCLKConfig
                0x0000000000000000      0x114 build/stm32f1xx_hal_rcc_ex.o
 .text.HAL_RCCEx_GetPeriphCLKConfig
                0x0000000000000000       0x2c build/stm32f1xx_hal_rcc_ex.o
 .text.HAL_RCCEx_GetPeriphCLKFreq
                0x0000000000000000       0xfc build/stm32f1xx_hal_rcc_ex.o
 .rodata        0x0000000000000000       0x12 build/stm32f1xx_hal_rcc_ex.o
 .debug_info    0x0000000000000000      0xd81 build/stm32f1xx_hal_rcc_ex.o
 .debug_abbrev  0x0000000000000000      0x296 build/stm32f1xx_hal_rcc_ex.o
 .debug_loc     0x0000000000000000      0x358 build/stm32f1xx_hal_rcc_ex.o
 .debug_aranges
                0x0000000000000000       0x30 build/stm32f1xx_hal_rcc_ex.o
 .debug_ranges  0x0000000000000000       0x38 build/stm32f1xx_hal_rcc_ex.o
 .debug_line    0x0000000000000000      0x324 build/stm32f1xx_hal_rcc_ex.o
 .debug_str     0x0000000000000000      0x7f0 build/stm32f1xx_hal_rcc_ex.o
 .comment       0x0000000000000000       0x80 build/stm32f1xx_hal_rcc_ex.o
 .debug_frame   0x0000000000000000       0x74 build/stm32f1xx_hal_rcc_ex.o
 .ARM.attributes
                0x0000000000000000       0x33 build/stm32f1xx_hal_rcc_ex.o
 .text          0x0000000000000000        0x0 build/stm32f1xx_hal_gpio.o
 .data          0x0000000000000000        0x0 build/stm32f1xx_hal_gpio.o
 .bss           0x0000000000000000        0x0 build/stm32f1xx_hal_gpio.o
 .text.HAL_GPIO_DeInit
                0x0000000000000000       0xe0 build/stm32f1xx_hal_gpio.o
 .text.HAL_GPIO_ReadPin
                0x0000000000000000        0xe build/stm32f1xx_hal_gpio.o
 .text.HAL_GPIO_LockPin
                0x0000000000000000       0x2e build/stm32f1xx_hal_gpio.o
 .text.HAL_GPIO_EXTI_Callback
                0x0000000000000000        0x2 build/stm32f1xx_hal_gpio.o
 .text.HAL_GPIO_EXTI_IRQHandler
                0x0000000000000000       0x1c build/stm32f1xx_hal_gpio.o
 .text          0x0000000000000000        0x0 build/stm32f1xx_hal_dma.o
 .data          0x0000000000000000        0x0 build/stm32f1xx_hal_dma.o
 .bss           0x0000000000000000        0x0 build/stm32f1xx_hal_dma.o
 .text.DMA_SetConfig
                0x0000000000000000       0x2c build/stm32f1xx_hal_dma.o
 .text.HAL_DMA_Init
                0x0000000000000000       0x78 build/stm32f1xx_hal_dma.o
 .text.HAL_DMA_DeInit
                0x0000000000000000       0x60 build/stm32f1xx_hal_dma.o
 .text.HAL_DMA_Start
                0x0000000000000000       0x50 build/stm32f1xx_hal_dma.o
 .text.HAL_DMA_Start_IT
                0x0000000000000000       0x74 build/stm32f1xx_hal_dma.o
 .text.HAL_DMA_Abort
                0x0000000000000000       0x2e build/stm32f1xx_hal_dma.o
 .text.HAL_DMA_PollForTransfer
                0x0000000000000000      0x22c build/stm32f1xx_hal_dma.o
 .text.HAL_DMA_IRQHandler
                0x0000000000000000      0x144 build/stm32f1xx_hal_dma.o
 .text.HAL_DMA_RegisterCallback
                0x0000000000000000       0x4e build/stm32f1xx_hal_dma.o
 .text.HAL_DMA_UnRegisterCallback
                0x0000000000000000       0x5c build/stm32f1xx_hal_dma.o
 .text.HAL_DMA_GetState
                0x0000000000000000        0x6 build/stm32f1xx_hal_dma.o
 .text.HAL_DMA_GetError
                0x0000000000000000        0x4 build/stm32f1xx_hal_dma.o
 .text          0x0000000000000000        0x0 build/stm32f1xx_hal_cortex.o
 .data          0x0000000000000000        0x0 build/stm32f1xx_hal_cortex.o
 .bss           0x0000000000000000        0x0 build/stm32f1xx_hal_cortex.o
 .text.HAL_NVIC_DisableIRQ
                0x0000000000000000       0x18 build/stm32f1xx_hal_cortex.o
 .text.HAL_NVIC_SystemReset
                0x0000000000000000       0x24 build/stm32f1xx_hal_cortex.o
 .text.HAL_NVIC_GetPriorityGrouping
                0x0000000000000000       0x10 build/stm32f1xx_hal_cortex.o
 .text.HAL_NVIC_GetPriority
                0x0000000000000000       0x60 build/stm32f1xx_hal_cortex.o
 .text.HAL_NVIC_SetPendingIRQ
                0x0000000000000000       0x18 build/stm32f1xx_hal_cortex.o
 .text.HAL_NVIC_GetPendingIRQ
                0x0000000000000000       0x1c build/stm32f1xx_hal_cortex.o
 .text.HAL_NVIC_ClearPendingIRQ
                0x0000000000000000       0x18 build/stm32f1xx_hal_cortex.o
 .text.HAL_NVIC_GetActive
                0x0000000000000000       0x1c build/stm32f1xx_hal_cortex.o
 .text          0x0000000000000000        0x0 build/stm32f1xx_hal_pwr.o
 .data          0x0000000000000000        0x0 build/stm32f1xx_hal_pwr.o
 .bss           0x0000000000000000        0x0 build/stm32f1xx_hal_pwr.o
 .text.PWR_OverloadWfe
                0x0000000000000000        0x6 build/stm32f1xx_hal_pwr.o
 .text.HAL_PWR_DeInit
                0x0000000000000000       0x18 build/stm32f1xx_hal_pwr.o
 .text.HAL_PWR_EnableBkUpAccess
                0x0000000000000000        0xc build/stm32f1xx_hal_pwr.o
 .text.HAL_PWR_DisableBkUpAccess
                0x0000000000000000        0xc build/stm32f1xx_hal_pwr.o
 .text.HAL_PWR_ConfigPVD
                0x0000000000000000       0x84 build/stm32f1xx_hal_pwr.o
 .text.HAL_PWR_EnablePVD
                0x0000000000000000        0xc build/stm32f1xx_hal_pwr.o
 .text.HAL_PWR_DisablePVD
                0x0000000000000000        0xc build/stm32f1xx_hal_pwr.o
 .text.HAL_PWR_EnableWakeUpPin
                0x0000000000000000       0x18 build/stm32f1xx_hal_pwr.o
 .text.HAL_PWR_DisableWakeUpPin
                0x0000000000000000       0x18 build/stm32f1xx_hal_pwr.o
 .text.HAL_PWR_EnterSLEEPMode
                0x0000000000000000       0x20 build/stm32f1xx_hal_pwr.o
 .text.HAL_PWR_EnterSTOPMode
                0x0000000000000000       0x48 build/stm32f1xx_hal_pwr.o
 .text.HAL_PWR_EnterSTANDBYMode
                0x0000000000000000       0x20 build/stm32f1xx_hal_pwr.o
 .text.HAL_PWR_EnableSleepOnExit
                0x0000000000000000       0x10 build/stm32f1xx_hal_pwr.o
 .text.HAL_PWR_DisableSleepOnExit
                0x0000000000000000       0x10 build/stm32f1xx_hal_pwr.o
 .text.HAL_PWR_EnableSEVOnPend
                0x0000000000000000       0x10 build/stm32f1xx_hal_pwr.o
 .text.HAL_PWR_DisableSEVOnPend
                0x0000000000000000       0x10 build/stm32f1xx_hal_pwr.o
 .text.HAL_PWR_PVDCallback
                0x0000000000000000        0x2 build/stm32f1xx_hal_pwr.o
 .text.HAL_PWR_PVD_IRQHandler
                0x0000000000000000       0x20 build/stm32f1xx_hal_pwr.o
 .debug_info    0x0000000000000000     0x10eb build/stm32f1xx_hal_pwr.o
 .debug_abbrev  0x0000000000000000      0x2c2 build/stm32f1xx_hal_pwr.o
 .debug_loc     0x0000000000000000       0xf5 build/stm32f1xx_hal_pwr.o
 .debug_aranges
                0x0000000000000000       0xa8 build/stm32f1xx_hal_pwr.o
 .debug_ranges  0x0000000000000000       0x98 build/stm32f1xx_hal_pwr.o
 .debug_line    0x0000000000000000      0x3d5 build/stm32f1xx_hal_pwr.o
 .debug_str     0x0000000000000000      0x8ca build/stm32f1xx_hal_pwr.o
 .comment       0x0000000000000000       0x80 build/stm32f1xx_hal_pwr.o
 .debug_frame   0x0000000000000000      0x148 build/stm32f1xx_hal_pwr.o
 .ARM.attributes
                0x0000000000000000       0x33 build/stm32f1xx_hal_pwr.o
 .text          0x0000000000000000        0x0 build/stm32f1xx_hal_flash.o
 .data          0x0000000000000000        0x0 build/stm32f1xx_hal_flash.o
 .bss           0x0000000000000000        0x0 build/stm32f1xx_hal_flash.o
 .text.FLASH_Program_HalfWord
                0x0000000000000000       0x1c build/stm32f1xx_hal_flash.o
 .text.FLASH_SetErrorCode
                0x0000000000000000       0x74 build/stm32f1xx_hal_flash.o
 .text.HAL_FLASH_Program_IT
                0x0000000000000000       0x64 build/stm32f1xx_hal_flash.o
 .text.HAL_FLASH_EndOfOperationCallback
                0x0000000000000000        0x2 build/stm32f1xx_hal_flash.o
 .text.HAL_FLASH_OperationErrorCallback
                0x0000000000000000        0x2 build/stm32f1xx_hal_flash.o
 .text.HAL_FLASH_IRQHandler
                0x0000000000000000      0x154 build/stm32f1xx_hal_flash.o
 .text.HAL_FLASH_Unlock
                0x0000000000000000       0x34 build/stm32f1xx_hal_flash.o
 .text.HAL_FLASH_Lock
                0x0000000000000000       0x14 build/stm32f1xx_hal_flash.o
 .text.HAL_FLASH_OB_Unlock
                0x0000000000000000       0x28 build/stm32f1xx_hal_flash.o
 .text.HAL_FLASH_OB_Lock
                0x0000000000000000       0x14 build/stm32f1xx_hal_flash.o
 .text.HAL_FLASH_OB_Launch
                0x0000000000000000        0x8 build/stm32f1xx_hal_flash.o
 .text.HAL_FLASH_GetError
                0x0000000000000000        0xc build/stm32f1xx_hal_flash.o
 .text.FLASH_WaitForLastOperation
                0x0000000000000000       0x6c build/stm32f1xx_hal_flash.o
 .text.HAL_FLASH_Program
                0x0000000000000000       0x9c build/stm32f1xx_hal_flash.o
 .debug_info    0x0000000000000000      0xffd build/stm32f1xx_hal_flash.o
 .debug_abbrev  0x0000000000000000      0x333 build/stm32f1xx_hal_flash.o
 .debug_loc     0x0000000000000000      0x3d7 build/stm32f1xx_hal_flash.o
 .debug_aranges
                0x0000000000000000       0x88 build/stm32f1xx_hal_flash.o
 .debug_ranges  0x0000000000000000       0x78 build/stm32f1xx_hal_flash.o
 .debug_line    0x0000000000000000      0x46c build/stm32f1xx_hal_flash.o
 .debug_str     0x0000000000000000      0x94c build/stm32f1xx_hal_flash.o
 .comment       0x0000000000000000       0x80 build/stm32f1xx_hal_flash.o
 .debug_frame   0x0000000000000000      0x150 build/stm32f1xx_hal_flash.o
 .ARM.attributes
                0x0000000000000000       0x33 build/stm32f1xx_hal_flash.o
 COMMON         0x0000000000000000       0x20 build/stm32f1xx_hal_flash.o
 .text          0x0000000000000000        0x0 build/stm32f1xx_hal_flash_ex.o
 .data          0x0000000000000000        0x0 build/stm32f1xx_hal_flash_ex.o
 .bss           0x0000000000000000        0x0 build/stm32f1xx_hal_flash_ex.o
 .text.FLASH_MassErase
                0x0000000000000000       0x24 build/stm32f1xx_hal_flash_ex.o
 .text.FLASH_OB_GetWRP
                0x0000000000000000        0xc build/stm32f1xx_hal_flash_ex.o
 .text.FLASH_OB_GetRDP
                0x0000000000000000       0x18 build/stm32f1xx_hal_flash_ex.o
 .text.FLASH_OB_GetUser
                0x0000000000000000       0x10 build/stm32f1xx_hal_flash_ex.o
 .text.FLASH_OB_RDP_LevelConfig
                0x0000000000000000       0x70 build/stm32f1xx_hal_flash_ex.o
 .text.FLASH_OB_UserConfig
                0x0000000000000000       0x4c build/stm32f1xx_hal_flash_ex.o
 .text.FLASH_OB_ProgramData
                0x0000000000000000       0x48 build/stm32f1xx_hal_flash_ex.o
 .text.HAL_FLASHEx_OBErase
                0x0000000000000000       0x58 build/stm32f1xx_hal_flash_ex.o
 .text.FLASH_OB_EnableWRP
                0x0000000000000000       0xc0 build/stm32f1xx_hal_flash_ex.o
 .text.FLASH_OB_DisableWRP
                0x0000000000000000       0xc0 build/stm32f1xx_hal_flash_ex.o
 .text.HAL_FLASHEx_OBProgram
                0x0000000000000000       0xa8 build/stm32f1xx_hal_flash_ex.o
 .text.HAL_FLASHEx_OBGetConfig
                0x0000000000000000       0x1c build/stm32f1xx_hal_flash_ex.o
 .text.HAL_FLASHEx_OBGetUserData
                0x0000000000000000       0x24 build/stm32f1xx_hal_flash_ex.o
 .text.FLASH_PageErase
                0x0000000000000000       0x24 build/stm32f1xx_hal_flash_ex.o
 .text.HAL_FLASHEx_Erase
                0x0000000000000000       0xa4 build/stm32f1xx_hal_flash_ex.o
 .text.HAL_FLASHEx_Erase_IT
                0x0000000000000000       0x5c build/stm32f1xx_hal_flash_ex.o
 .debug_info    0x0000000000000000     0x1419 build/stm32f1xx_hal_flash_ex.o
 .debug_abbrev  0x0000000000000000      0x32a build/stm32f1xx_hal_flash_ex.o
 .debug_loc     0x0000000000000000      0x9b1 build/stm32f1xx_hal_flash_ex.o
 .debug_aranges
                0x0000000000000000       0x98 build/stm32f1xx_hal_flash_ex.o
 .debug_ranges  0x0000000000000000       0x88 build/stm32f1xx_hal_flash_ex.o
 .debug_line    0x0000000000000000      0x4dd build/stm32f1xx_hal_flash_ex.o
 .debug_str     0x0000000000000000      0xa62 build/stm32f1xx_hal_flash_ex.o
 .comment       0x0000000000000000       0x80 build/stm32f1xx_hal_flash_ex.o
 .debug_frame   0x0000000000000000      0x1c8 build/stm32f1xx_hal_flash_ex.o
 .ARM.attributes
                0x0000000000000000       0x33 build/stm32f1xx_hal_flash_ex.o
 .text          0x0000000000000000        0x0 build/system_stm32f1xx.o
 .data          0x0000000000000000        0x0 build/system_stm32f1xx.o
 .bss           0x0000000000000000        0x0 build/system_stm32f1xx.o
 .text.SystemCoreClockUpdate
                0x0000000000000000       0x94 build/system_stm32f1xx.o
 .text          0x0000000000000000       0x14 build/startup_stm32f103xb.o
 .data          0x0000000000000000        0x0 build/startup_stm32f103xb.o
 .bss           0x0000000000000000        0x0 build/startup_stm32f103xb.o
 .text          0x0000000000000000        0x0 /home/logic/STM32Toolchain/gcc-arm/bin/../lib/gcc/arm-none-eabi/7.3.1/../../../../arm-none-eabi/lib/thumb/v7-m/libc_nano.a(lib_a-exit.o)
 .data          0x0000000000000000        0x0 /home/logic/STM32Toolchain/gcc-arm/bin/../lib/gcc/arm-none-eabi/7.3.1/../../../../arm-none-eabi/lib/thumb/v7-m/libc_nano.a(lib_a-exit.o)
 .bss           0x0000000000000000        0x0 /home/logic/STM32Toolchain/gcc-arm/bin/../lib/gcc/arm-none-eabi/7.3.1/../../../../arm-none-eabi/lib/thumb/v7-m/libc_nano.a(lib_a-exit.o)
 .text.exit     0x0000000000000000       0x28 /home/logic/STM32Toolchain/gcc-arm/bin/../lib/gcc/arm-none-eabi/7.3.1/../../../../arm-none-eabi/lib/thumb/v7-m/libc_nano.a(lib_a-exit.o)
 .debug_frame   0x0000000000000000       0x28 /home/logic/STM32Toolchain/gcc-arm/bin/../lib/gcc/arm-none-eabi/7.3.1/../../../../arm-none-eabi/lib/thumb/v7-m/libc_nano.a(lib_a-exit.o)
 .ARM.attributes
                0x0000000000000000       0x2d /home/logic/STM32Toolchain/gcc-arm/bin/../lib/gcc/arm-none-eabi/7.3.1/../../../../arm-none-eabi/lib/thumb/v7-m/libc_nano.a(lib_a-exit.o)
 .text          0x0000000000000000        0x0 /home/logic/STM32Toolchain/gcc-arm/bin/../lib/gcc/arm-none-eabi/7.3.1/../../../../arm-none-eabi/lib/thumb/v7-m/libc_nano.a(lib_a-impure.o)
 .data          0x0000000000000000        0x0 /home/logic/STM32Toolchain/gcc-arm/bin/../lib/gcc/arm-none-eabi/7.3.1/../../../../arm-none-eabi/lib/thumb/v7-m/libc_nano.a(lib_a-impure.o)
 .bss           0x0000000000000000        0x0 /home/logic/STM32Toolchain/gcc-arm/bin/../lib/gcc/arm-none-eabi/7.3.1/../../../../arm-none-eabi/lib/thumb/v7-m/libc_nano.a(lib_a-impure.o)
 .data._impure_ptr
                0x0000000000000000        0x4 /home/logic/STM32Toolchain/gcc-arm/bin/../lib/gcc/arm-none-eabi/7.3.1/../../../../arm-none-eabi/lib/thumb/v7-m/libc_nano.a(lib_a-impure.o)
 .data.impure_data
                0x0000000000000000       0x60 /home/logic/STM32Toolchain/gcc-arm/bin/../lib/gcc/arm-none-eabi/7.3.1/../../../../arm-none-eabi/lib/thumb/v7-m/libc_nano.a(lib_a-impure.o)
 .rodata._global_impure_ptr
                0x0000000000000000        0x4 /home/logic/STM32Toolchain/gcc-arm/bin/../lib/gcc/arm-none-eabi/7.3.1/../../../../arm-none-eabi/lib/thumb/v7-m/libc_nano.a(lib_a-impure.o)
 .ARM.attributes
                0x0000000000000000       0x2d /home/logic/STM32Toolchain/gcc-arm/bin/../lib/gcc/arm-none-eabi/7.3.1/../../../../arm-none-eabi/lib/thumb/v7-m/libc_nano.a(lib_a-impure.o)
 .text          0x0000000000000000        0x0 /home/logic/STM32Toolchain/gcc-arm/bin/../lib/gcc/arm-none-eabi/7.3.1/../../../../arm-none-eabi/lib/thumb/v7-m/libc_nano.a(lib_a-init.o)
 .data          0x0000000000000000        0x0 /home/logic/STM32Toolchain/gcc-arm/bin/../lib/gcc/arm-none-eabi/7.3.1/../../../../arm-none-eabi/lib/thumb/v7-m/libc_nano.a(lib_a-init.o)
 .bss           0x0000000000000000        0x0 /home/logic/STM32Toolchain/gcc-arm/bin/../lib/gcc/arm-none-eabi/7.3.1/../../../../arm-none-eabi/lib/thumb/v7-m/libc_nano.a(lib_a-init.o)
 .text          0x0000000000000000        0x0 /home/logic/STM32Toolchain/gcc-arm/bin/../lib/gcc/arm-none-eabi/7.3.1/../../../../arm-none-eabi/lib/thumb/v7-m/libc_nano.a(lib_a-memset.o)
 .data          0x0000000000000000        0x0 /home/logic/STM32Toolchain/gcc-arm/bin/../lib/gcc/arm-none-eabi/7.3.1/../../../../arm-none-eabi/lib/thumb/v7-m/libc_nano.a(lib_a-memset.o)
 .bss           0x0000000000000000        0x0 /home/logic/STM32Toolchain/gcc-arm/bin/../lib/gcc/arm-none-eabi/7.3.1/../../../../arm-none-eabi/lib/thumb/v7-m/libc_nano.a(lib_a-memset.o)
 .text.memset   0x0000000000000000       0x10 /home/logic/STM32Toolchain/gcc-arm/bin/../lib/gcc/arm-none-eabi/7.3.1/../../../../arm-none-eabi/lib/thumb/v7-m/libc_nano.a(lib_a-memset.o)
 .debug_frame   0x0000000000000000       0x20 /home/logic/STM32Toolchain/gcc-arm/bin/../lib/gcc/arm-none-eabi/7.3.1/../../../../arm-none-eabi/lib/thumb/v7-m/libc_nano.a(lib_a-memset.o)
 .ARM.attributes
                0x0000000000000000       0x2d /home/logic/STM32Toolchain/gcc-arm/bin/../lib/gcc/arm-none-eabi/7.3.1/../../../../arm-none-eabi/lib/thumb/v7-m/libc_nano.a(lib_a-memset.o)
 .text          0x0000000000000000        0x0 /home/logic/STM32Toolchain/gcc-arm/bin/../lib/gcc/arm-none-eabi/7.3.1/../../../../arm-none-eabi/lib/thumb/v7-m/libnosys.a(_exit.o)
 .data          0x0000000000000000        0x0 /home/logic/STM32Toolchain/gcc-arm/bin/../lib/gcc/arm-none-eabi/7.3.1/../../../../arm-none-eabi/lib/thumb/v7-m/libnosys.a(_exit.o)
 .bss           0x0000000000000000        0x0 /home/logic/STM32Toolchain/gcc-arm/bin/../lib/gcc/arm-none-eabi/7.3.1/../../../../arm-none-eabi/lib/thumb/v7-m/libnosys.a(_exit.o)
 .text._exit    0x0000000000000000        0x4 /home/logic/STM32Toolchain/gcc-arm/bin/../lib/gcc/arm-none-eabi/7.3.1/../../../../arm-none-eabi/lib/thumb/v7-m/libnosys.a(_exit.o)
 .debug_frame   0x0000000000000000       0x20 /home/logic/STM32Toolchain/gcc-arm/bin/../lib/gcc/arm-none-eabi/7.3.1/../../../../arm-none-eabi/lib/thumb/v7-m/libnosys.a(_exit.o)
 .ARM.attributes
                0x0000000000000000       0x2d /home/logic/STM32Toolchain/gcc-arm/bin/../lib/gcc/arm-none-eabi/7.3.1/../../../../arm-none-eabi/lib/thumb/v7-m/libnosys.a(_exit.o)
 .text          0x0000000000000000        0x0 /home/logic/STM32Toolchain/gcc-arm/bin/../lib/gcc/arm-none-eabi/7.3.1/thumb/v7-m/crtend.o
 .data          0x0000000000000000        0x0 /home/logic/STM32Toolchain/gcc-arm/bin/../lib/gcc/arm-none-eabi/7.3.1/thumb/v7-m/crtend.o
 .bss           0x0000000000000000        0x0 /home/logic/STM32Toolchain/gcc-arm/bin/../lib/gcc/arm-none-eabi/7.3.1/thumb/v7-m/crtend.o
 .eh_frame      0x0000000000000000        0x4 /home/logic/STM32Toolchain/gcc-arm/bin/../lib/gcc/arm-none-eabi/7.3.1/thumb/v7-m/crtend.o
 .ARM.attributes
                0x0000000000000000       0x2d /home/logic/STM32Toolchain/gcc-arm/bin/../lib/gcc/arm-none-eabi/7.3.1/thumb/v7-m/crtend.o
 .text          0x0000000000000000        0x0 /home/logic/STM32Toolchain/gcc-arm/bin/../lib/gcc/arm-none-eabi/7.3.1/thumb/v7-m/crtn.o
 .data          0x0000000000000000        0x0 /home/logic/STM32Toolchain/gcc-arm/bin/../lib/gcc/arm-none-eabi/7.3.1/thumb/v7-m/crtn.o
 .bss           0x0000000000000000        0x0 /home/logic/STM32Toolchain/gcc-arm/bin/../lib/gcc/arm-none-eabi/7.3.1/thumb/v7-m/crtn.o

Memory Configuration

Name             Origin             Length             Attributes
RAM              0x0000000020000000 0x0000000000005000 xrw
FLASH            0x0000000008000000 0x0000000000010000 xr
*default*        0x0000000000000000 0xffffffffffffffff

Linker script and memory map

LOAD /home/logic/STM32Toolchain/gcc-arm/bin/../lib/gcc/arm-none-eabi/7.3.1/thumb/v7-m/crti.o
LOAD /home/logic/STM32Toolchain/gcc-arm/bin/../lib/gcc/arm-none-eabi/7.3.1/thumb/v7-m/crtbegin.o
LOAD /home/logic/STM32Toolchain/gcc-arm/bin/../lib/gcc/arm-none-eabi/7.3.1/../../../../arm-none-eabi/lib/thumb/v7-m/crt0.o
LOAD build/main.o
LOAD build/gpio.o
LOAD build/usart.o
LOAD build/stm32f1xx_it.o
LOAD build/stm32f1xx_hal_msp.o
LOAD build/stm32f1xx_hal_gpio_ex.o
LOAD build/stm32f1xx_hal_tim.o
LOAD build/stm32f1xx_hal_tim_ex.o
LOAD build/stm32f1xx_hal_uart.o
LOAD build/stm32f1xx_hal.o
LOAD build/stm32f1xx_hal_rcc.o
LOAD build/stm32f1xx_hal_rcc_ex.o
LOAD build/stm32f1xx_hal_gpio.o
LOAD build/stm32f1xx_hal_dma.o
LOAD build/stm32f1xx_hal_cortex.o
LOAD build/stm32f1xx_hal_pwr.o
LOAD build/stm32f1xx_hal_flash.o
LOAD build/stm32f1xx_hal_flash_ex.o
LOAD build/system_stm32f1xx.o
LOAD build/startup_stm32f103xb.o
LOAD /home/logic/STM32Toolchain/gcc-arm/bin/../lib/gcc/arm-none-eabi/7.3.1/../../../../arm-none-eabi/lib/thumb/v7-m/libc_nano.a
LOAD /home/logic/STM32Toolchain/gcc-arm/bin/../lib/gcc/arm-none-eabi/7.3.1/../../../../arm-none-eabi/lib/thumb/v7-m/libm.a
LOAD /home/logic/STM32Toolchain/gcc-arm/bin/../lib/gcc/arm-none-eabi/7.3.1/../../../../arm-none-eabi/lib/thumb/v7-m/libnosys.a
START GROUP
LOAD /home/logic/STM32Toolchain/gcc-arm/bin/../lib/gcc/arm-none-eabi/7.3.1/thumb/v7-m/libgcc.a
LOAD /home/logic/STM32Toolchain/gcc-arm/bin/../lib/gcc/arm-none-eabi/7.3.1/../../../../arm-none-eabi/lib/thumb/v7-m/libc_nano.a
END GROUP
START GROUP
LOAD /home/logic/STM32Toolchain/gcc-arm/bin/../lib/gcc/arm-none-eabi/7.3.1/thumb/v7-m/libgcc.a
LOAD /home/logic/STM32Toolchain/gcc-arm/bin/../lib/gcc/arm-none-eabi/7.3.1/../../../../arm-none-eabi/lib/thumb/v7-m/libc_nano.a
END GROUP
LOAD /home/logic/STM32Toolchain/gcc-arm/bin/../lib/gcc/arm-none-eabi/7.3.1/thumb/v7-m/crtend.o
LOAD /home/logic/STM32Toolchain/gcc-arm/bin/../lib/gcc/arm-none-eabi/7.3.1/thumb/v7-m/crtn.o
                0x0000000020005000                _estack = 0x20005000
                0x0000000000000200                _Min_Heap_Size = 0x200
                0x0000000000000400                _Min_Stack_Size = 0x400

.isr_vector     0x0000000008000000      0x10c
                0x0000000008000000                . = ALIGN (0x4)
 *(.isr_vector)
 .isr_vector    0x0000000008000000      0x10c build/startup_stm32f103xb.o
                0x0000000008000000                g_pfnVectors
                0x000000000800010c                . = ALIGN (0x4)

.text           0x000000000800010c     0x1420
                0x000000000800010c                . = ALIGN (0x4)
 *(.text)
 .text          0x000000000800010c       0x40 /home/logic/STM32Toolchain/gcc-arm/bin/../lib/gcc/arm-none-eabi/7.3.1/thumb/v7-m/crtbegin.o
 *(.text*)
 .text.HAL_UART_RxCpltCallback
                0x000000000800014c       0x14 build/main.o
                0x000000000800014c                HAL_UART_RxCpltCallback
 .text._Error_Handler
                0x0000000008000160        0x2 build/main.o
                0x0000000008000160                _Error_Handler
 *fill*         0x0000000008000162        0x2 
 .text.SystemClock_Config
                0x0000000008000164       0x74 build/main.o
                0x0000000008000164                SystemClock_Config
 .text.main     0x00000000080001d8       0x3c build/main.o
                0x00000000080001d8                main
 .text.MX_GPIO_Init
                0x0000000008000214       0x70 build/gpio.o
                0x0000000008000214                MX_GPIO_Init
 .text.MX_USART2_UART_Init
                0x0000000008000284       0x3c build/usart.o
                0x0000000008000284                MX_USART2_UART_Init
 .text.HAL_UART_MspInit
                0x00000000080002c0       0x6c build/usart.o
                0x00000000080002c0                HAL_UART_MspInit
 .text.NMI_Handler
                0x000000000800032c        0x2 build/stm32f1xx_it.o
                0x000000000800032c                NMI_Handler
 .text.HardFault_Handler
                0x000000000800032e        0x2 build/stm32f1xx_it.o
                0x000000000800032e                HardFault_Handler
 .text.MemManage_Handler
                0x0000000008000330        0x2 build/stm32f1xx_it.o
                0x0000000008000330                MemManage_Handler
 .text.BusFault_Handler
                0x0000000008000332        0x2 build/stm32f1xx_it.o
                0x0000000008000332                BusFault_Handler
 .text.UsageFault_Handler
                0x0000000008000334        0x2 build/stm32f1xx_it.o
                0x0000000008000334                UsageFault_Handler
 .text.SVC_Handler
                0x0000000008000336        0x2 build/stm32f1xx_it.o
                0x0000000008000336                SVC_Handler
 .text.DebugMon_Handler
                0x0000000008000338        0x2 build/stm32f1xx_it.o
                0x0000000008000338                DebugMon_Handler
 .text.PendSV_Handler
                0x000000000800033a        0x2 build/stm32f1xx_it.o
                0x000000000800033a                PendSV_Handler
 .text.SysTick_Handler
                0x000000000800033c        0xc build/stm32f1xx_it.o
                0x000000000800033c                SysTick_Handler
 .text.USART2_IRQHandler
                0x0000000008000348       0x1c build/stm32f1xx_it.o
                0x0000000008000348                USART2_IRQHandler
 .text.HAL_MspInit
                0x0000000008000364       0xa0 build/stm32f1xx_hal_msp.o
                0x0000000008000364                HAL_MspInit
 .text.UART_EndRxTransfer
                0x0000000008000404       0x1c build/stm32f1xx_hal_uart.o
 .text.UART_Transmit_IT
                0x0000000008000420       0x68 build/stm32f1xx_hal_uart.o
 .text.UART_SetConfig
                0x0000000008000488      0x1ac build/stm32f1xx_hal_uart.o
 .text.UART_WaitOnFlagUntilTimeout
                0x0000000008000634       0x62 build/stm32f1xx_hal_uart.o
 .text.HAL_UART_Init
                0x0000000008000696       0x5e build/stm32f1xx_hal_uart.o
                0x0000000008000696                HAL_UART_Init
 .text.HAL_UART_Transmit
                0x00000000080006f4       0xe0 build/stm32f1xx_hal_uart.o
                0x00000000080006f4                HAL_UART_Transmit
 .text.HAL_UART_TxCpltCallback
                0x00000000080007d4        0x2 build/stm32f1xx_hal_uart.o
                0x00000000080007d4                HAL_UART_TxCpltCallback
 .text.UART_EndTransmit_IT
                0x00000000080007d6       0x1a build/stm32f1xx_hal_uart.o
 .text.UART_Receive_IT
                0x00000000080007f0       0x9c build/stm32f1xx_hal_uart.o
 .text.HAL_UART_ErrorCallback
                0x000000000800088c        0x2 build/stm32f1xx_hal_uart.o
                0x000000000800088c                HAL_UART_ErrorCallback
 *fill*         0x000000000800088e        0x2 
 .text.HAL_UART_IRQHandler
                0x0000000008000890      0x120 build/stm32f1xx_hal_uart.o
                0x0000000008000890                HAL_UART_IRQHandler
 .text.UART_DMAAbortOnError
                0x00000000080009b0       0x10 build/stm32f1xx_hal_uart.o
 .text.HAL_InitTick
                0x00000000080009c0       0x4c build/stm32f1xx_hal.o
                0x00000000080009c0                HAL_InitTick
 .text.HAL_Init
                0x0000000008000a0c       0x24 build/stm32f1xx_hal.o
                0x0000000008000a0c                HAL_Init
 .text.HAL_IncTick
                0x0000000008000a30       0x18 build/stm32f1xx_hal.o
                0x0000000008000a30                HAL_IncTick
 .text.HAL_GetTick
                0x0000000008000a48        0xc build/stm32f1xx_hal.o
                0x0000000008000a48                HAL_GetTick
 .text.HAL_Delay
                0x0000000008000a54       0x28 build/stm32f1xx_hal.o
                0x0000000008000a54                HAL_Delay
 .text.RCC_Delay
                0x0000000008000a7c       0x2c build/stm32f1xx_hal_rcc.o
 .text.HAL_RCC_OscConfig
                0x0000000008000aa8      0x3dc build/stm32f1xx_hal_rcc.o
                0x0000000008000aa8                HAL_RCC_OscConfig
 .text.HAL_RCC_GetSysClockFreq
                0x0000000008000e84       0x70 build/stm32f1xx_hal_rcc.o
                0x0000000008000e84                HAL_RCC_GetSysClockFreq
 .text.HAL_RCC_ClockConfig
                0x0000000008000ef4      0x178 build/stm32f1xx_hal_rcc.o
                0x0000000008000ef4                HAL_RCC_ClockConfig
 .text.HAL_RCC_GetHCLKFreq
                0x000000000800106c        0xc build/stm32f1xx_hal_rcc.o
                0x000000000800106c                HAL_RCC_GetHCLKFreq
 .text.HAL_RCC_GetPCLK1Freq
                0x0000000008001078       0x20 build/stm32f1xx_hal_rcc.o
                0x0000000008001078                HAL_RCC_GetPCLK1Freq
 .text.HAL_RCC_GetPCLK2Freq
                0x0000000008001098       0x20 build/stm32f1xx_hal_rcc.o
                0x0000000008001098                HAL_RCC_GetPCLK2Freq
 .text.HAL_GPIO_Init
                0x00000000080010b8      0x1d4 build/stm32f1xx_hal_gpio.o
                0x00000000080010b8                HAL_GPIO_Init
 .text.HAL_GPIO_WritePin
                0x000000000800128c        0xc build/stm32f1xx_hal_gpio.o
                0x000000000800128c                HAL_GPIO_WritePin
 .text.HAL_GPIO_TogglePin
                0x0000000008001298        0x8 build/stm32f1xx_hal_gpio.o
                0x0000000008001298                HAL_GPIO_TogglePin
 .text.HAL_DMA_Abort_IT
                0x00000000080012a0       0x98 build/stm32f1xx_hal_dma.o
                0x00000000080012a0                HAL_DMA_Abort_IT
 .text.HAL_NVIC_SetPriorityGrouping
                0x0000000008001338       0x24 build/stm32f1xx_hal_cortex.o
                0x0000000008001338                HAL_NVIC_SetPriorityGrouping
 .text.HAL_NVIC_SetPriority
                0x000000000800135c       0x68 build/stm32f1xx_hal_cortex.o
                0x000000000800135c                HAL_NVIC_SetPriority
 .text.HAL_NVIC_EnableIRQ
                0x00000000080013c4       0x18 build/stm32f1xx_hal_cortex.o
                0x00000000080013c4                HAL_NVIC_EnableIRQ
 .text.HAL_SYSTICK_Config
                0x00000000080013dc       0x2c build/stm32f1xx_hal_cortex.o
                0x00000000080013dc                HAL_SYSTICK_Config
 .text.HAL_SYSTICK_CLKSourceConfig
                0x0000000008001408       0x20 build/stm32f1xx_hal_cortex.o
                0x0000000008001408                HAL_SYSTICK_CLKSourceConfig
 .text.HAL_SYSTICK_Callback
                0x0000000008001428        0x2 build/stm32f1xx_hal_cortex.o
                0x0000000008001428                HAL_SYSTICK_Callback
 .text.HAL_SYSTICK_IRQHandler
                0x000000000800142a        0x8 build/stm32f1xx_hal_cortex.o
                0x000000000800142a                HAL_SYSTICK_IRQHandler
 *fill*         0x0000000008001432        0x2 
 .text.SystemInit
                0x0000000008001434       0x4c build/system_stm32f1xx.o
                0x0000000008001434                SystemInit
 .text.Reset_Handler
                0x0000000008001480       0x48 build/startup_stm32f103xb.o
                0x0000000008001480                Reset_Handler
 .text.Default_Handler
                0x00000000080014c8        0x2 build/startup_stm32f103xb.o
                0x00000000080014c8                RTC_Alarm_IRQHandler
                0x00000000080014c8                EXTI2_IRQHandler
                0x00000000080014c8                TIM1_CC_IRQHandler
                0x00000000080014c8                PVD_IRQHandler
                0x00000000080014c8                EXTI3_IRQHandler
                0x00000000080014c8                EXTI0_IRQHandler
                0x00000000080014c8                I2C2_EV_IRQHandler
                0x00000000080014c8                ADC1_2_IRQHandler
                0x00000000080014c8                SPI1_IRQHandler
                0x00000000080014c8                TAMPER_IRQHandler
                0x00000000080014c8                DMA1_Channel4_IRQHandler
                0x00000000080014c8                USART3_IRQHandler
                0x00000000080014c8                RTC_IRQHandler
                0x00000000080014c8                DMA1_Channel7_IRQHandler
                0x00000000080014c8                CAN1_RX1_IRQHandler
                0x00000000080014c8                TIM4_IRQHandler
                0x00000000080014c8                I2C1_EV_IRQHandler
                0x00000000080014c8                DMA1_Channel6_IRQHandler
                0x00000000080014c8                TIM3_IRQHandler
                0x00000000080014c8                RCC_IRQHandler
                0x00000000080014c8                TIM1_TRG_COM_IRQHandler
                0x00000000080014c8                DMA1_Channel1_IRQHandler
                0x00000000080014c8                Default_Handler
                0x00000000080014c8                EXTI15_10_IRQHandler
                0x00000000080014c8                EXTI9_5_IRQHandler
                0x00000000080014c8                SPI2_IRQHandler
                0x00000000080014c8                DMA1_Channel5_IRQHandler
                0x00000000080014c8                EXTI4_IRQHandler
                0x00000000080014c8                USB_LP_CAN1_RX0_IRQHandler
                0x00000000080014c8                USB_HP_CAN1_TX_IRQHandler
                0x00000000080014c8                DMA1_Channel3_IRQHandler
                0x00000000080014c8                TIM1_UP_IRQHandler
                0x00000000080014c8                WWDG_IRQHandler
                0x00000000080014c8                TIM2_IRQHandler
                0x00000000080014c8                TIM1_BRK_IRQHandler
                0x00000000080014c8                EXTI1_IRQHandler
                0x00000000080014c8                I2C2_ER_IRQHandler
                0x00000000080014c8                DMA1_Channel2_IRQHandler
                0x00000000080014c8                CAN1_SCE_IRQHandler
                0x00000000080014c8                FLASH_IRQHandler
                0x00000000080014c8                USART1_IRQHandler
                0x00000000080014c8                I2C1_ER_IRQHandler
                0x00000000080014c8                USBWakeUp_IRQHandler
 *fill*         0x00000000080014ca        0x2 
 .text.__libc_init_array
                0x00000000080014cc       0x48 /home/logic/STM32Toolchain/gcc-arm/bin/../lib/gcc/arm-none-eabi/7.3.1/../../../../arm-none-eabi/lib/thumb/v7-m/libc_nano.a(lib_a-init.o)
                0x00000000080014cc                __libc_init_array
 *(.glue_7)
 .glue_7        0x0000000008001514        0x0 linker stubs
 *(.glue_7t)
 .glue_7t       0x0000000008001514        0x0 linker stubs
 *(.eh_frame)
 .eh_frame      0x0000000008001514        0x0 /home/logic/STM32Toolchain/gcc-arm/bin/../lib/gcc/arm-none-eabi/7.3.1/thumb/v7-m/crtbegin.o
 *(.init)
 .init          0x0000000008001514        0x4 /home/logic/STM32Toolchain/gcc-arm/bin/../lib/gcc/arm-none-eabi/7.3.1/thumb/v7-m/crti.o
                0x0000000008001514                _init
 .init          0x0000000008001518        0x8 /home/logic/STM32Toolchain/gcc-arm/bin/../lib/gcc/arm-none-eabi/7.3.1/thumb/v7-m/crtn.o
 *(.fini)
 .fini          0x0000000008001520        0x4 /home/logic/STM32Toolchain/gcc-arm/bin/../lib/gcc/arm-none-eabi/7.3.1/thumb/v7-m/crti.o
                0x0000000008001520                _fini
 .fini          0x0000000008001524        0x8 /home/logic/STM32Toolchain/gcc-arm/bin/../lib/gcc/arm-none-eabi/7.3.1/thumb/v7-m/crtn.o
                0x000000000800152c                . = ALIGN (0x4)
                0x000000000800152c                _etext = .

.vfp11_veneer   0x000000000800152c        0x0
 .vfp11_veneer  0x000000000800152c        0x0 linker stubs

.v4_bx          0x000000000800152c        0x0
 .v4_bx         0x000000000800152c        0x0 linker stubs

.iplt           0x000000000800152c        0x0
 .iplt          0x000000000800152c        0x0 /home/logic/STM32Toolchain/gcc-arm/bin/../lib/gcc/arm-none-eabi/7.3.1/thumb/v7-m/crtbegin.o

.rodata         0x000000000800152c       0x44
                0x000000000800152c                . = ALIGN (0x4)
 *(.rodata)
 .rodata        0x000000000800152c       0x12 build/stm32f1xx_hal_rcc.o
 *(.rodata*)
 *fill*         0x000000000800153e        0x2 
 .rodata.SystemClock_Config.str1.4
                0x0000000008001540        0xb build/main.o
 *fill*         0x000000000800154b        0x1 
 .rodata.MX_USART2_UART_Init.str1.4
                0x000000000800154c        0xc build/usart.o
 .rodata.AHBPrescTable
                0x0000000008001558       0x10 build/system_stm32f1xx.o
                0x0000000008001558                AHBPrescTable
 .rodata.APBPrescTable
                0x0000000008001568        0x8 build/system_stm32f1xx.o
                0x0000000008001568                APBPrescTable
                0x0000000008001570                . = ALIGN (0x4)

.rel.dyn        0x0000000008001570        0x0
 .rel.iplt      0x0000000008001570        0x0 /home/logic/STM32Toolchain/gcc-arm/bin/../lib/gcc/arm-none-eabi/7.3.1/thumb/v7-m/crtbegin.o

.ARM.extab
 *(.ARM.extab* .gnu.linkonce.armextab.*)

.ARM            0x0000000008001570        0x0
                0x0000000008001570                __exidx_start = .
 *(.ARM.exidx*)
                0x0000000008001570                __exidx_end = .

.preinit_array  0x0000000008001570        0x0
                0x0000000008001570                PROVIDE (__preinit_array_start = .)
 *(.preinit_array*)
                0x0000000008001570                PROVIDE (__preinit_array_end = .)

.init_array     0x0000000008001570        0x4
                0x0000000008001570                PROVIDE (__init_array_start = .)
 *(SORT_BY_NAME(.init_array.*))
 *(.init_array*)
 .init_array    0x0000000008001570        0x4 /home/logic/STM32Toolchain/gcc-arm/bin/../lib/gcc/arm-none-eabi/7.3.1/thumb/v7-m/crtbegin.o
                0x0000000008001574                PROVIDE (__init_array_end = .)

.fini_array     0x0000000008001574        0x4
                [!provide]                        PROVIDE (__fini_array_start = .)
 *(SORT_BY_NAME(.fini_array.*))
 *(.fini_array*)
 .fini_array    0x0000000008001574        0x4 /home/logic/STM32Toolchain/gcc-arm/bin/../lib/gcc/arm-none-eabi/7.3.1/thumb/v7-m/crtbegin.o
                [!provide]                        PROVIDE (__fini_array_end = .)
                0x0000000008001578                _sidata = LOADADDR (.data)

.data           0x0000000020000000        0xc load address 0x0000000008001578
                0x0000000020000000                . = ALIGN (0x4)
                0x0000000020000000                _sdata = .
 *(.data)
 *(.data*)
 .data.uwTickFreq
                0x0000000020000000        0x1 build/stm32f1xx_hal.o
                0x0000000020000000                uwTickFreq
 *fill*         0x0000000020000001        0x3 
 .data.uwTickPrio
                0x0000000020000004        0x4 build/stm32f1xx_hal.o
                0x0000000020000004                uwTickPrio
 .data.SystemCoreClock
                0x0000000020000008        0x4 build/system_stm32f1xx.o
                0x0000000020000008                SystemCoreClock
                0x000000002000000c                . = ALIGN (0x4)
                0x000000002000000c                _edata = .

.igot.plt       0x000000002000000c        0x0 load address 0x0000000008001584
 .igot.plt      0x000000002000000c        0x0 /home/logic/STM32Toolchain/gcc-arm/bin/../lib/gcc/arm-none-eabi/7.3.1/thumb/v7-m/crtbegin.o
                0x000000002000000c                . = ALIGN (0x4)

.bss            0x000000002000000c       0x60 load address 0x0000000008001584
                0x000000002000000c                _sbss = .
                0x000000002000000c                __bss_start__ = _sbss
 *(.bss)
 .bss           0x000000002000000c       0x1c /home/logic/STM32Toolchain/gcc-arm/bin/../lib/gcc/arm-none-eabi/7.3.1/thumb/v7-m/crtbegin.o
 *(.bss*)
 *(COMMON)
 COMMON         0x0000000020000028       0x40 build/usart.o
                0x0000000020000028                huart2
 COMMON         0x0000000020000068        0x4 build/stm32f1xx_hal.o
                0x0000000020000068                uwTick
                0x000000002000006c                . = ALIGN (0x4)
                0x000000002000006c                _ebss = .
                0x000000002000006c                __bss_end__ = _ebss

._user_heap_stack
                0x000000002000006c      0x604 load address 0x0000000008001584
                0x0000000020000070                . = ALIGN (0x8)
 *fill*         0x000000002000006c        0x4 
                [!provide]                        PROVIDE (end = .)
                [!provide]                        PROVIDE (_end = .)
                0x0000000020000270                . = (. + _Min_Heap_Size)
 *fill*         0x0000000020000070      0x200 
                0x0000000020000670                . = (. + _Min_Stack_Size)
 *fill*         0x0000000020000270      0x400 
                0x0000000020000670                . = ALIGN (0x8)

/DISCARD/
 libc.a(*)
 libm.a(*)
 libgcc.a(*)

.ARM.attributes
                0x0000000000000000       0x29
 *(.ARM.attributes)
 .ARM.attributes
                0x0000000000000000       0x1d /home/logic/STM32Toolchain/gcc-arm/bin/../lib/gcc/arm-none-eabi/7.3.1/thumb/v7-m/crti.o
 .ARM.attributes
                0x000000000000001d       0x2d /home/logic/STM32Toolchain/gcc-arm/bin/../lib/gcc/arm-none-eabi/7.3.1/thumb/v7-m/crtbegin.o
 .ARM.attributes
                0x000000000000004a       0x33 build/main.o
 .ARM.attributes
                0x000000000000007d       0x33 build/gpio.o
 .ARM.attributes
                0x00000000000000b0       0x33 build/usart.o
 .ARM.attributes
                0x00000000000000e3       0x33 build/stm32f1xx_it.o
 .ARM.attributes
                0x0000000000000116       0x33 build/stm32f1xx_hal_msp.o
 .ARM.attributes
                0x0000000000000149       0x33 build/stm32f1xx_hal_uart.o
 .ARM.attributes
                0x000000000000017c       0x33 build/stm32f1xx_hal.o
 .ARM.attributes
                0x00000000000001af       0x33 build/stm32f1xx_hal_rcc.o
 .ARM.attributes
                0x00000000000001e2       0x33 build/stm32f1xx_hal_gpio.o
 .ARM.attributes
                0x0000000000000215       0x33 build/stm32f1xx_hal_dma.o
 .ARM.attributes
                0x0000000000000248       0x33 build/stm32f1xx_hal_cortex.o
 .ARM.attributes
                0x000000000000027b       0x33 build/system_stm32f1xx.o
 .ARM.attributes
                0x00000000000002ae       0x21 build/startup_stm32f103xb.o
 .ARM.attributes
                0x00000000000002cf       0x2d /home/logic/STM32Toolchain/gcc-arm/bin/../lib/gcc/arm-none-eabi/7.3.1/../../../../arm-none-eabi/lib/thumb/v7-m/libc_nano.a(lib_a-init.o)
 .ARM.attributes
                0x00000000000002fc       0x1d /home/logic/STM32Toolchain/gcc-arm/bin/../lib/gcc/arm-none-eabi/7.3.1/thumb/v7-m/crtn.o
OUTPUT(build/test_uart_interrupt.elf elf32-littlearm)

.debug_info     0x0000000000000000     0xde67
 .debug_info    0x0000000000000000     0x146a build/main.o
 .debug_info    0x000000000000146a      0xe16 build/gpio.o
 .debug_info    0x0000000000002280     0x135f build/usart.o
 .debug_info    0x00000000000035df     0x107b build/stm32f1xx_it.o
 .debug_info    0x000000000000465a      0xdfb build/stm32f1xx_hal_msp.o
 .debug_info    0x0000000000005455     0x20c5 build/stm32f1xx_hal_uart.o
 .debug_info    0x000000000000751a     0x112a build/stm32f1xx_hal.o
 .debug_info    0x0000000000008644     0x1382 build/stm32f1xx_hal_rcc.o
 .debug_info    0x00000000000099c6      0xfd3 build/stm32f1xx_hal_gpio.o
 .debug_info    0x000000000000a999     0x116d build/stm32f1xx_hal_dma.o
 .debug_info    0x000000000000bb06     0x15fb build/stm32f1xx_hal_cortex.o
 .debug_info    0x000000000000d101      0xd44 build/system_stm32f1xx.o
 .debug_info    0x000000000000de45       0x22 build/startup_stm32f103xb.o

.debug_abbrev   0x0000000000000000     0x2002
 .debug_abbrev  0x0000000000000000      0x27c build/main.o
 .debug_abbrev  0x000000000000027c      0x228 build/gpio.o
 .debug_abbrev  0x00000000000004a4      0x244 build/usart.o
 .debug_abbrev  0x00000000000006e8      0x21b build/stm32f1xx_it.o
 .debug_abbrev  0x0000000000000903      0x216 build/stm32f1xx_hal_msp.o
 .debug_abbrev  0x0000000000000b19      0x338 build/stm32f1xx_hal_uart.o
 .debug_abbrev  0x0000000000000e51      0x2f0 build/stm32f1xx_hal.o
 .debug_abbrev  0x0000000000001141      0x332 build/stm32f1xx_hal_rcc.o
 .debug_abbrev  0x0000000000001473      0x2be build/stm32f1xx_hal_gpio.o
 .debug_abbrev  0x0000000000001731      0x2e3 build/stm32f1xx_hal_dma.o
 .debug_abbrev  0x0000000000001a14      0x3d3 build/stm32f1xx_hal_cortex.o
 .debug_abbrev  0x0000000000001de7      0x209 build/system_stm32f1xx.o
 .debug_abbrev  0x0000000000001ff0       0x12 build/startup_stm32f103xb.o

.debug_loc      0x0000000000000000     0x394a
 .debug_loc     0x0000000000000000       0xb3 build/main.o
 .debug_loc     0x00000000000000b3       0x38 build/gpio.o
 .debug_loc     0x00000000000000eb       0xd3 build/usart.o
 .debug_loc     0x00000000000001be       0x40 build/stm32f1xx_it.o
 .debug_loc     0x00000000000001fe       0x38 build/stm32f1xx_hal_msp.o
 .debug_loc     0x0000000000000236     0x19dd build/stm32f1xx_hal_uart.o
 .debug_loc     0x0000000000001c13      0x19d build/stm32f1xx_hal.o
 .debug_loc     0x0000000000001db0      0x68e build/stm32f1xx_hal_rcc.o
 .debug_loc     0x000000000000243e      0x516 build/stm32f1xx_hal_gpio.o
 .debug_loc     0x0000000000002954      0x8da build/stm32f1xx_hal_dma.o
 .debug_loc     0x000000000000322e      0x63d build/stm32f1xx_hal_cortex.o
 .debug_loc     0x000000000000386b       0xdf build/system_stm32f1xx.o

.debug_aranges  0x0000000000000000      0x5f8
 .debug_aranges
                0x0000000000000000       0x38 build/main.o
 .debug_aranges
                0x0000000000000038       0x20 build/gpio.o
 .debug_aranges
                0x0000000000000058       0x30 build/usart.o
 .debug_aranges
                0x0000000000000088       0x68 build/stm32f1xx_it.o
 .debug_aranges
                0x00000000000000f0       0x20 build/stm32f1xx_hal_msp.o
 .debug_aranges
                0x0000000000000110      0x1d0 build/stm32f1xx_hal_uart.o
 .debug_aranges
                0x00000000000002e0       0xd0 build/stm32f1xx_hal.o
 .debug_aranges
                0x00000000000003b0       0x90 build/stm32f1xx_hal_rcc.o
 .debug_aranges
                0x0000000000000440       0x58 build/stm32f1xx_hal_gpio.o
 .debug_aranges
                0x0000000000000498       0x80 build/stm32f1xx_hal_dma.o
 .debug_aranges
                0x0000000000000518       0x90 build/stm32f1xx_hal_cortex.o
 .debug_aranges
                0x00000000000005a8       0x28 build/system_stm32f1xx.o
 .debug_aranges
                0x00000000000005d0       0x28 build/startup_stm32f103xb.o

.debug_ranges   0x0000000000000000      0x5b0
 .debug_ranges  0x0000000000000000       0x28 build/main.o
 .debug_ranges  0x0000000000000028       0x10 build/gpio.o
 .debug_ranges  0x0000000000000038       0x20 build/usart.o
 .debug_ranges  0x0000000000000058       0x58 build/stm32f1xx_it.o
 .debug_ranges  0x00000000000000b0       0x10 build/stm32f1xx_hal_msp.o
 .debug_ranges  0x00000000000000c0      0x1c0 build/stm32f1xx_hal_uart.o
 .debug_ranges  0x0000000000000280       0xc0 build/stm32f1xx_hal.o
 .debug_ranges  0x0000000000000340       0xa0 build/stm32f1xx_hal_rcc.o
 .debug_ranges  0x00000000000003e0       0x48 build/stm32f1xx_hal_gpio.o
 .debug_ranges  0x0000000000000428       0x70 build/stm32f1xx_hal_dma.o
 .debug_ranges  0x0000000000000498       0xe0 build/stm32f1xx_hal_cortex.o
 .debug_ranges  0x0000000000000578       0x18 build/system_stm32f1xx.o
 .debug_ranges  0x0000000000000590       0x20 build/startup_stm32f103xb.o

.debug_line     0x0000000000000000     0x31cc
 .debug_line    0x0000000000000000      0x311 build/main.o
 .debug_line    0x0000000000000311      0x220 build/gpio.o
 .debug_line    0x0000000000000531      0x2b1 build/usart.o
 .debug_line    0x00000000000007e2      0x310 build/stm32f1xx_it.o
 .debug_line    0x0000000000000af2      0x216 build/stm32f1xx_hal_msp.o
 .debug_line    0x0000000000000d08      0xb64 build/stm32f1xx_hal_uart.o
 .debug_line    0x000000000000186c      0x3f8 build/stm32f1xx_hal.o
 .debug_line    0x0000000000001c64      0x55f build/stm32f1xx_hal_rcc.o
 .debug_line    0x00000000000021c3      0x3ef build/stm32f1xx_hal_gpio.o
 .debug_line    0x00000000000025b2      0x5cf build/stm32f1xx_hal_dma.o
 .debug_line    0x0000000000002b81      0x3ba build/stm32f1xx_hal_cortex.o
 .debug_line    0x0000000000002f3b      0x21f build/system_stm32f1xx.o
 .debug_line    0x000000000000315a       0x72 build/startup_stm32f103xb.o

.debug_str      0x0000000000000000     0x2006
 .debug_str     0x0000000000000000      0xe06 build/main.o
                                        0xeb0 (size before relaxing)
 .debug_str     0x0000000000000e06       0xcc build/gpio.o
                                        0x9a4 (size before relaxing)
 .debug_str     0x0000000000000ed2       0x5c build/usart.o
                                        0xd88 (size before relaxing)
 .debug_str     0x0000000000000f2e       0xec build/stm32f1xx_it.o
                                        0xa54 (size before relaxing)
 .debug_str     0x000000000000101a       0x6f build/stm32f1xx_hal_msp.o
                                        0x950 (size before relaxing)
 .debug_str     0x0000000000001089      0x566 build/stm32f1xx_hal_uart.o
                                        0xf7d (size before relaxing)
 .debug_str     0x00000000000015ef      0x280 build/stm32f1xx_hal.o
                                        0xc1a (size before relaxing)
 .debug_str     0x000000000000186f      0x1a3 build/stm32f1xx_hal_rcc.o
                                        0xa0c (size before relaxing)
 .debug_str     0x0000000000001a12      0x10b build/stm32f1xx_hal_gpio.o
                                        0x835 (size before relaxing)
 .debug_str     0x0000000000001b1d      0x207 build/stm32f1xx_hal_dma.o
                                        0xa2c (size before relaxing)
 .debug_str     0x0000000000001d24      0x274 build/stm32f1xx_hal_cortex.o
                                        0xcc8 (size before relaxing)
 .debug_str     0x0000000000001f98       0x4a build/system_stm32f1xx.o
                                        0x69e (size before relaxing)
 .debug_str     0x0000000000001fe2       0x24 build/startup_stm32f103xb.o
                                         0x5d (size before relaxing)

.comment        0x0000000000000000       0x7f
 .comment       0x0000000000000000       0x7f build/main.o
                                         0x80 (size before relaxing)
 .comment       0x000000000000007f       0x80 build/gpio.o
 .comment       0x000000000000007f       0x80 build/usart.o
 .comment       0x000000000000007f       0x80 build/stm32f1xx_it.o
 .comment       0x000000000000007f       0x80 build/stm32f1xx_hal_msp.o
 .comment       0x000000000000007f       0x80 build/stm32f1xx_hal_uart.o
 .comment       0x000000000000007f       0x80 build/stm32f1xx_hal.o
 .comment       0x000000000000007f       0x80 build/stm32f1xx_hal_rcc.o
 .comment       0x000000000000007f       0x80 build/stm32f1xx_hal_gpio.o
 .comment       0x000000000000007f       0x80 build/stm32f1xx_hal_dma.o
 .comment       0x000000000000007f       0x80 build/stm32f1xx_hal_cortex.o
 .comment       0x000000000000007f       0x80 build/system_stm32f1xx.o

.debug_frame    0x0000000000000000      0xecc
 .debug_frame   0x0000000000000000       0x78 build/main.o
 .debug_frame   0x0000000000000078       0x38 build/gpio.o
 .debug_frame   0x00000000000000b0       0x6c build/usart.o
 .debug_frame   0x000000000000011c       0xc8 build/stm32f1xx_it.o
 .debug_frame   0x00000000000001e4       0x30 build/stm32f1xx_hal_msp.o
 .debug_frame   0x0000000000000214      0x57c build/stm32f1xx_hal_uart.o
 .debug_frame   0x0000000000000790      0x1c0 build/stm32f1xx_hal.o
 .debug_frame   0x0000000000000950      0x194 build/stm32f1xx_hal_rcc.o
 .debug_frame   0x0000000000000ae4       0xe8 build/stm32f1xx_hal_gpio.o
 .debug_frame   0x0000000000000bcc      0x168 build/stm32f1xx_hal_dma.o
 .debug_frame   0x0000000000000d34      0x13c build/stm32f1xx_hal_cortex.o
 .debug_frame   0x0000000000000e70       0x30 build/system_stm32f1xx.o
 .debug_frame   0x0000000000000ea0       0x2c /home/logic/STM32Toolchain/gcc-arm/bin/../lib/gcc/arm-none-eabi/7.3.1/../../../../arm-none-eabi/lib/thumb/v7-m/libc_nano.a(lib_a-init.o)

Cross Reference Table

Symbol                                            File
ADC1_2_IRQHandler                                 build/startup_stm32f103xb.o
AHBPrescTable                                     build/system_stm32f1xx.o
                                                  build/stm32f1xx_hal_rcc.o
APBPrescTable                                     build/system_stm32f1xx.o
                                                  build/stm32f1xx_hal_rcc.o
BusFault_Handler                                  build/stm32f1xx_it.o
CAN1_RX1_IRQHandler                               build/startup_stm32f103xb.o
CAN1_SCE_IRQHandler                               build/startup_stm32f103xb.o
DMA1_Channel1_IRQHandler                          build/startup_stm32f103xb.o
DMA1_Channel2_IRQHandler                          build/startup_stm32f103xb.o
DMA1_Channel3_IRQHandler                          build/startup_stm32f103xb.o
DMA1_Channel4_IRQHandler                          build/startup_stm32f103xb.o
DMA1_Channel5_IRQHandler                          build/startup_stm32f103xb.o
DMA1_Channel6_IRQHandler                          build/startup_stm32f103xb.o
DMA1_Channel7_IRQHandler                          build/startup_stm32f103xb.o
DebugMon_Handler                                  build/stm32f1xx_it.o
Default_Handler                                   build/startup_stm32f103xb.o
EXTI0_IRQHandler                                  build/startup_stm32f103xb.o
EXTI15_10_IRQHandler                              build/startup_stm32f103xb.o
EXTI1_IRQHandler                                  build/startup_stm32f103xb.o
EXTI2_IRQHandler                                  build/startup_stm32f103xb.o
EXTI3_IRQHandler                                  build/startup_stm32f103xb.o
EXTI4_IRQHandler                                  build/startup_stm32f103xb.o
EXTI9_5_IRQHandler                                build/startup_stm32f103xb.o
FLASH_IRQHandler                                  build/startup_stm32f103xb.o
FLASH_PageErase                                   build/stm32f1xx_hal_flash_ex.o
                                                  build/stm32f1xx_hal_flash.o
FLASH_WaitForLastOperation                        build/stm32f1xx_hal_flash.o
                                                  build/stm32f1xx_hal_flash_ex.o
HAL_DBGMCU_DisableDBGSleepMode                    build/stm32f1xx_hal.o
HAL_DBGMCU_DisableDBGStandbyMode                  build/stm32f1xx_hal.o
HAL_DBGMCU_DisableDBGStopMode                     build/stm32f1xx_hal.o
HAL_DBGMCU_EnableDBGSleepMode                     build/stm32f1xx_hal.o
HAL_DBGMCU_EnableDBGStandbyMode                   build/stm32f1xx_hal.o
HAL_DBGMCU_EnableDBGStopMode                      build/stm32f1xx_hal.o
HAL_DMA_Abort                                     build/stm32f1xx_hal_dma.o
                                                  build/stm32f1xx_hal_uart.o
HAL_DMA_Abort_IT                                  build/stm32f1xx_hal_dma.o
                                                  build/stm32f1xx_hal_uart.o
HAL_DMA_DeInit                                    build/stm32f1xx_hal_dma.o
HAL_DMA_GetError                                  build/stm32f1xx_hal_dma.o
HAL_DMA_GetState                                  build/stm32f1xx_hal_dma.o
HAL_DMA_IRQHandler                                build/stm32f1xx_hal_dma.o
HAL_DMA_Init                                      build/stm32f1xx_hal_dma.o
HAL_DMA_PollForTransfer                           build/stm32f1xx_hal_dma.o
HAL_DMA_RegisterCallback                          build/stm32f1xx_hal_dma.o
HAL_DMA_Start                                     build/stm32f1xx_hal_dma.o
HAL_DMA_Start_IT                                  build/stm32f1xx_hal_dma.o
                                                  build/stm32f1xx_hal_uart.o
HAL_DMA_UnRegisterCallback                        build/stm32f1xx_hal_dma.o
HAL_DeInit                                        build/stm32f1xx_hal.o
HAL_Delay                                         build/stm32f1xx_hal.o
                                                  build/main.o
HAL_FLASHEx_Erase                                 build/stm32f1xx_hal_flash_ex.o
HAL_FLASHEx_Erase_IT                              build/stm32f1xx_hal_flash_ex.o
HAL_FLASHEx_OBErase                               build/stm32f1xx_hal_flash_ex.o
HAL_FLASHEx_OBGetConfig                           build/stm32f1xx_hal_flash_ex.o
HAL_FLASHEx_OBGetUserData                         build/stm32f1xx_hal_flash_ex.o
HAL_FLASHEx_OBProgram                             build/stm32f1xx_hal_flash_ex.o
HAL_FLASH_EndOfOperationCallback                  build/stm32f1xx_hal_flash.o
HAL_FLASH_GetError                                build/stm32f1xx_hal_flash.o
HAL_FLASH_IRQHandler                              build/stm32f1xx_hal_flash.o
HAL_FLASH_Lock                                    build/stm32f1xx_hal_flash.o
HAL_FLASH_OB_Launch                               build/stm32f1xx_hal_flash.o
HAL_FLASH_OB_Lock                                 build/stm32f1xx_hal_flash.o
HAL_FLASH_OB_Unlock                               build/stm32f1xx_hal_flash.o
HAL_FLASH_OperationErrorCallback                  build/stm32f1xx_hal_flash.o
HAL_FLASH_Program                                 build/stm32f1xx_hal_flash.o
HAL_FLASH_Program_IT                              build/stm32f1xx_hal_flash.o
HAL_FLASH_Unlock                                  build/stm32f1xx_hal_flash.o
HAL_GPIOEx_ConfigEventout                         build/stm32f1xx_hal_gpio_ex.o
HAL_GPIOEx_DisableEventout                        build/stm32f1xx_hal_gpio_ex.o
HAL_GPIOEx_EnableEventout                         build/stm32f1xx_hal_gpio_ex.o
HAL_GPIO_DeInit                                   build/stm32f1xx_hal_gpio.o
                                                  build/usart.o
HAL_GPIO_EXTI_Callback                            build/stm32f1xx_hal_gpio.o
HAL_GPIO_EXTI_IRQHandler                          build/stm32f1xx_hal_gpio.o
HAL_GPIO_Init                                     build/stm32f1xx_hal_gpio.o
                                                  build/stm32f1xx_hal_rcc.o
                                                  build/usart.o
                                                  build/gpio.o
HAL_GPIO_LockPin                                  build/stm32f1xx_hal_gpio.o
HAL_GPIO_ReadPin                                  build/stm32f1xx_hal_gpio.o
HAL_GPIO_TogglePin                                build/stm32f1xx_hal_gpio.o
                                                  build/stm32f1xx_it.o
                                                  build/main.o
HAL_GPIO_WritePin                                 build/stm32f1xx_hal_gpio.o
                                                  build/gpio.o
HAL_GetDEVID                                      build/stm32f1xx_hal.o
HAL_GetHalVersion                                 build/stm32f1xx_hal.o
HAL_GetREVID                                      build/stm32f1xx_hal.o
HAL_GetTick                                       build/stm32f1xx_hal.o
                                                  build/stm32f1xx_hal_flash.o
                                                  build/stm32f1xx_hal_dma.o
                                                  build/stm32f1xx_hal_rcc_ex.o
                                                  build/stm32f1xx_hal_rcc.o
                                                  build/stm32f1xx_hal_uart.o
HAL_GetTickFreq                                   build/stm32f1xx_hal.o
HAL_GetTickPrio                                   build/stm32f1xx_hal.o
HAL_GetUID                                        build/stm32f1xx_hal.o
HAL_HalfDuplex_EnableReceiver                     build/stm32f1xx_hal_uart.o
HAL_HalfDuplex_EnableTransmitter                  build/stm32f1xx_hal_uart.o
HAL_HalfDuplex_Init                               build/stm32f1xx_hal_uart.o
HAL_IncTick                                       build/stm32f1xx_hal.o
                                                  build/stm32f1xx_it.o
HAL_Init                                          build/stm32f1xx_hal.o
                                                  build/main.o
HAL_InitTick                                      build/stm32f1xx_hal.o
                                                  build/stm32f1xx_hal_rcc.o
HAL_LIN_Init                                      build/stm32f1xx_hal_uart.o
HAL_LIN_SendBreak                                 build/stm32f1xx_hal_uart.o
HAL_MspDeInit                                     build/stm32f1xx_hal.o
HAL_MspInit                                       build/stm32f1xx_hal_msp.o
HAL_MultiProcessor_EnterMuteMode                  build/stm32f1xx_hal_uart.o
HAL_MultiProcessor_ExitMuteMode                   build/stm32f1xx_hal_uart.o
HAL_MultiProcessor_Init                           build/stm32f1xx_hal_uart.o
HAL_NVIC_ClearPendingIRQ                          build/stm32f1xx_hal_cortex.o
HAL_NVIC_DisableIRQ                               build/stm32f1xx_hal_cortex.o
                                                  build/usart.o
HAL_NVIC_EnableIRQ                                build/stm32f1xx_hal_cortex.o
                                                  build/usart.o
                                                  build/gpio.o
HAL_NVIC_GetActive                                build/stm32f1xx_hal_cortex.o
HAL_NVIC_GetPendingIRQ                            build/stm32f1xx_hal_cortex.o
HAL_NVIC_GetPriority                              build/stm32f1xx_hal_cortex.o
HAL_NVIC_GetPriorityGrouping                      build/stm32f1xx_hal_cortex.o
HAL_NVIC_SetPendingIRQ                            build/stm32f1xx_hal_cortex.o
HAL_NVIC_SetPriority                              build/stm32f1xx_hal_cortex.o
                                                  build/stm32f1xx_hal.o
                                                  build/stm32f1xx_hal_msp.o
                                                  build/usart.o
                                                  build/gpio.o
                                                  build/main.o
HAL_NVIC_SetPriorityGrouping                      build/stm32f1xx_hal_cortex.o
                                                  build/stm32f1xx_hal.o
                                                  build/stm32f1xx_hal_msp.o
HAL_NVIC_SystemReset                              build/stm32f1xx_hal_cortex.o
                                                  build/stm32f1xx_hal_flash.o
HAL_PWR_ConfigPVD                                 build/stm32f1xx_hal_pwr.o
HAL_PWR_DeInit                                    build/stm32f1xx_hal_pwr.o
HAL_PWR_DisableBkUpAccess                         build/stm32f1xx_hal_pwr.o
HAL_PWR_DisablePVD                                build/stm32f1xx_hal_pwr.o
HAL_PWR_DisableSEVOnPend                          build/stm32f1xx_hal_pwr.o
HAL_PWR_DisableSleepOnExit                        build/stm32f1xx_hal_pwr.o
HAL_PWR_DisableWakeUpPin                          build/stm32f1xx_hal_pwr.o
HAL_PWR_EnableBkUpAccess                          build/stm32f1xx_hal_pwr.o
HAL_PWR_EnablePVD                                 build/stm32f1xx_hal_pwr.o
HAL_PWR_EnableSEVOnPend                           build/stm32f1xx_hal_pwr.o
HAL_PWR_EnableSleepOnExit                         build/stm32f1xx_hal_pwr.o
HAL_PWR_EnableWakeUpPin                           build/stm32f1xx_hal_pwr.o
HAL_PWR_EnterSLEEPMode                            build/stm32f1xx_hal_pwr.o
HAL_PWR_EnterSTANDBYMode                          build/stm32f1xx_hal_pwr.o
HAL_PWR_EnterSTOPMode                             build/stm32f1xx_hal_pwr.o
HAL_PWR_PVDCallback                               build/stm32f1xx_hal_pwr.o
HAL_PWR_PVD_IRQHandler                            build/stm32f1xx_hal_pwr.o
HAL_RCCEx_GetPeriphCLKConfig                      build/stm32f1xx_hal_rcc_ex.o
HAL_RCCEx_GetPeriphCLKFreq                        build/stm32f1xx_hal_rcc_ex.o
HAL_RCCEx_PeriphCLKConfig                         build/stm32f1xx_hal_rcc_ex.o
HAL_RCC_CSSCallback                               build/stm32f1xx_hal_rcc.o
HAL_RCC_ClockConfig                               build/stm32f1xx_hal_rcc.o
                                                  build/main.o
HAL_RCC_DeInit                                    build/stm32f1xx_hal_rcc.o
HAL_RCC_DisableCSS                                build/stm32f1xx_hal_rcc.o
HAL_RCC_EnableCSS                                 build/stm32f1xx_hal_rcc.o
HAL_RCC_GetClockConfig                            build/stm32f1xx_hal_rcc.o
HAL_RCC_GetHCLKFreq                               build/stm32f1xx_hal_rcc.o
                                                  build/main.o
HAL_RCC_GetOscConfig                              build/stm32f1xx_hal_rcc.o
HAL_RCC_GetPCLK1Freq                              build/stm32f1xx_hal_rcc.o
                                                  build/stm32f1xx_hal_uart.o
HAL_RCC_GetPCLK2Freq                              build/stm32f1xx_hal_rcc.o
                                                  build/stm32f1xx_hal_rcc_ex.o
                                                  build/stm32f1xx_hal_uart.o
HAL_RCC_GetSysClockFreq                           build/stm32f1xx_hal_rcc.o
HAL_RCC_MCOConfig                                 build/stm32f1xx_hal_rcc.o
HAL_RCC_NMI_IRQHandler                            build/stm32f1xx_hal_rcc.o
HAL_RCC_OscConfig                                 build/stm32f1xx_hal_rcc.o
                                                  build/main.o
HAL_ResumeTick                                    build/stm32f1xx_hal.o
HAL_SYSTICK_CLKSourceConfig                       build/stm32f1xx_hal_cortex.o
                                                  build/main.o
HAL_SYSTICK_Callback                              build/stm32f1xx_hal_cortex.o
HAL_SYSTICK_Config                                build/stm32f1xx_hal_cortex.o
                                                  build/stm32f1xx_hal.o
                                                  build/main.o
HAL_SYSTICK_IRQHandler                            build/stm32f1xx_hal_cortex.o
                                                  build/stm32f1xx_it.o
HAL_SetTickFreq                                   build/stm32f1xx_hal.o
HAL_SuspendTick                                   build/stm32f1xx_hal.o
HAL_UART_Abort                                    build/stm32f1xx_hal_uart.o
HAL_UART_AbortCpltCallback                        build/stm32f1xx_hal_uart.o
HAL_UART_AbortReceive                             build/stm32f1xx_hal_uart.o
HAL_UART_AbortReceiveCpltCallback                 build/stm32f1xx_hal_uart.o
HAL_UART_AbortReceive_IT                          build/stm32f1xx_hal_uart.o
HAL_UART_AbortTransmit                            build/stm32f1xx_hal_uart.o
HAL_UART_AbortTransmitCpltCallback                build/stm32f1xx_hal_uart.o
HAL_UART_AbortTransmit_IT                         build/stm32f1xx_hal_uart.o
HAL_UART_Abort_IT                                 build/stm32f1xx_hal_uart.o
HAL_UART_DMAPause                                 build/stm32f1xx_hal_uart.o
HAL_UART_DMAResume                                build/stm32f1xx_hal_uart.o
HAL_UART_DMAStop                                  build/stm32f1xx_hal_uart.o
HAL_UART_DeInit                                   build/stm32f1xx_hal_uart.o
HAL_UART_ErrorCallback                            build/stm32f1xx_hal_uart.o
HAL_UART_GetError                                 build/stm32f1xx_hal_uart.o
HAL_UART_GetState                                 build/stm32f1xx_hal_uart.o
HAL_UART_IRQHandler                               build/stm32f1xx_hal_uart.o
                                                  build/stm32f1xx_it.o
HAL_UART_Init                                     build/stm32f1xx_hal_uart.o
                                                  build/usart.o
HAL_UART_MspDeInit                                build/usart.o
HAL_UART_MspInit                                  build/usart.o
                                                  build/main.o
HAL_UART_Receive                                  build/stm32f1xx_hal_uart.o
HAL_UART_Receive_DMA                              build/stm32f1xx_hal_uart.o
HAL_UART_Receive_IT                               build/stm32f1xx_hal_uart.o
HAL_UART_RxCpltCallback                           build/main.o
HAL_UART_RxHalfCpltCallback                       build/stm32f1xx_hal_uart.o
HAL_UART_Transmit                                 build/stm32f1xx_hal_uart.o
                                                  build/main.o
HAL_UART_Transmit_DMA                             build/stm32f1xx_hal_uart.o
HAL_UART_Transmit_IT                              build/stm32f1xx_hal_uart.o
HAL_UART_TxCpltCallback                           build/stm32f1xx_hal_uart.o
HAL_UART_TxHalfCpltCallback                       build/stm32f1xx_hal_uart.o
HardFault_Handler                                 build/stm32f1xx_it.o
I2C1_ER_IRQHandler                                build/startup_stm32f103xb.o
I2C1_EV_IRQHandler                                build/startup_stm32f103xb.o
I2C2_ER_IRQHandler                                build/startup_stm32f103xb.o
I2C2_EV_IRQHandler                                build/startup_stm32f103xb.o
MX_GPIO_Init                                      build/gpio.o
                                                  build/main.o
MX_USART2_UART_Init                               build/usart.o
                                                  build/main.o
MemManage_Handler                                 build/stm32f1xx_it.o
NMI_Handler                                       build/stm32f1xx_it.o
PVD_IRQHandler                                    build/startup_stm32f103xb.o
PendSV_Handler                                    build/stm32f1xx_it.o
RCC_IRQHandler                                    build/startup_stm32f103xb.o
RTC_Alarm_IRQHandler                              build/startup_stm32f103xb.o
RTC_IRQHandler                                    build/startup_stm32f103xb.o
Reset_Handler                                     build/startup_stm32f103xb.o
SPI1_IRQHandler                                   build/startup_stm32f103xb.o
SPI2_IRQHandler                                   build/startup_stm32f103xb.o
SVC_Handler                                       build/stm32f1xx_it.o
SysTick_Handler                                   build/stm32f1xx_it.o
SystemClock_Config                                build/main.o
SystemCoreClock                                   build/system_stm32f1xx.o
                                                  build/stm32f1xx_hal_rcc.o
                                                  build/stm32f1xx_hal.o
SystemCoreClockUpdate                             build/system_stm32f1xx.o
SystemInit                                        build/system_stm32f1xx.o
                                                  build/startup_stm32f103xb.o
TAMPER_IRQHandler                                 build/startup_stm32f103xb.o
TIM1_BRK_IRQHandler                               build/startup_stm32f103xb.o
TIM1_CC_IRQHandler                                build/startup_stm32f103xb.o
TIM1_TRG_COM_IRQHandler                           build/startup_stm32f103xb.o
TIM1_UP_IRQHandler                                build/startup_stm32f103xb.o
TIM2_IRQHandler                                   build/startup_stm32f103xb.o
TIM3_IRQHandler                                   build/startup_stm32f103xb.o
TIM4_IRQHandler                                   build/startup_stm32f103xb.o
USART1_IRQHandler                                 build/startup_stm32f103xb.o
USART2_IRQHandler                                 build/stm32f1xx_it.o
USART3_IRQHandler                                 build/startup_stm32f103xb.o
USBWakeUp_IRQHandler                              build/startup_stm32f103xb.o
USB_HP_CAN1_TX_IRQHandler                         build/startup_stm32f103xb.o
USB_LP_CAN1_RX0_IRQHandler                        build/startup_stm32f103xb.o
UsageFault_Handler                                build/stm32f1xx_it.o
WWDG_IRQHandler                                   build/startup_stm32f103xb.o
_Error_Handler                                    build/main.o
                                                  build/usart.o
__bss_end__                                       /home/logic/STM32Toolchain/gcc-arm/bin/../lib/gcc/arm-none-eabi/7.3.1/../../../../arm-none-eabi/lib/thumb/v7-m/crt0.o
__bss_start__                                     /home/logic/STM32Toolchain/gcc-arm/bin/../lib/gcc/arm-none-eabi/7.3.1/../../../../arm-none-eabi/lib/thumb/v7-m/crt0.o
__call_exitprocs                                  /home/logic/STM32Toolchain/gcc-arm/bin/../lib/gcc/arm-none-eabi/7.3.1/../../../../arm-none-eabi/lib/thumb/v7-m/libc_nano.a(lib_a-exit.o)
__deregister_frame_info                           /home/logic/STM32Toolchain/gcc-arm/bin/../lib/gcc/arm-none-eabi/7.3.1/thumb/v7-m/crtbegin.o
__dso_handle                                      /home/logic/STM32Toolchain/gcc-arm/bin/../lib/gcc/arm-none-eabi/7.3.1/thumb/v7-m/crtbegin.o
__init_array_end                                  /home/logic/STM32Toolchain/gcc-arm/bin/../lib/gcc/arm-none-eabi/7.3.1/../../../../arm-none-eabi/lib/thumb/v7-m/libc_nano.a(lib_a-init.o)
__init_array_start                                /home/logic/STM32Toolchain/gcc-arm/bin/../lib/gcc/arm-none-eabi/7.3.1/../../../../arm-none-eabi/lib/thumb/v7-m/libc_nano.a(lib_a-init.o)
__libc_fini_array                                 /home/logic/STM32Toolchain/gcc-arm/bin/../lib/gcc/arm-none-eabi/7.3.1/../../../../arm-none-eabi/lib/thumb/v7-m/crt0.o
__libc_init_array                                 /home/logic/STM32Toolchain/gcc-arm/bin/../lib/gcc/arm-none-eabi/7.3.1/../../../../arm-none-eabi/lib/thumb/v7-m/libc_nano.a(lib_a-init.o)
                                                  build/startup_stm32f103xb.o
                                                  /home/logic/STM32Toolchain/gcc-arm/bin/../lib/gcc/arm-none-eabi/7.3.1/../../../../arm-none-eabi/lib/thumb/v7-m/crt0.o
__preinit_array_end                               /home/logic/STM32Toolchain/gcc-arm/bin/../lib/gcc/arm-none-eabi/7.3.1/../../../../arm-none-eabi/lib/thumb/v7-m/libc_nano.a(lib_a-init.o)
__preinit_array_start                             /home/logic/STM32Toolchain/gcc-arm/bin/../lib/gcc/arm-none-eabi/7.3.1/../../../../arm-none-eabi/lib/thumb/v7-m/libc_nano.a(lib_a-init.o)
__register_frame_info                             /home/logic/STM32Toolchain/gcc-arm/bin/../lib/gcc/arm-none-eabi/7.3.1/thumb/v7-m/crtbegin.o
__sf_fake_stderr                                  /home/logic/STM32Toolchain/gcc-arm/bin/../lib/gcc/arm-none-eabi/7.3.1/../../../../arm-none-eabi/lib/thumb/v7-m/libc_nano.a(lib_a-impure.o)
__sf_fake_stdin                                   /home/logic/STM32Toolchain/gcc-arm/bin/../lib/gcc/arm-none-eabi/7.3.1/../../../../arm-none-eabi/lib/thumb/v7-m/libc_nano.a(lib_a-impure.o)
__sf_fake_stdout                                  /home/logic/STM32Toolchain/gcc-arm/bin/../lib/gcc/arm-none-eabi/7.3.1/../../../../arm-none-eabi/lib/thumb/v7-m/libc_nano.a(lib_a-impure.o)
__stack                                           /home/logic/STM32Toolchain/gcc-arm/bin/../lib/gcc/arm-none-eabi/7.3.1/../../../../arm-none-eabi/lib/thumb/v7-m/crt0.o
_ebss                                             build/startup_stm32f103xb.o
_edata                                            build/startup_stm32f103xb.o
_estack                                           build/startup_stm32f103xb.o
_exit                                             /home/logic/STM32Toolchain/gcc-arm/bin/../lib/gcc/arm-none-eabi/7.3.1/../../../../arm-none-eabi/lib/thumb/v7-m/libnosys.a(_exit.o)
                                                  /home/logic/STM32Toolchain/gcc-arm/bin/../lib/gcc/arm-none-eabi/7.3.1/../../../../arm-none-eabi/lib/thumb/v7-m/libc_nano.a(lib_a-exit.o)
_fini                                             /home/logic/STM32Toolchain/gcc-arm/bin/../lib/gcc/arm-none-eabi/7.3.1/thumb/v7-m/crti.o
_global_impure_ptr                                /home/logic/STM32Toolchain/gcc-arm/bin/../lib/gcc/arm-none-eabi/7.3.1/../../../../arm-none-eabi/lib/thumb/v7-m/libc_nano.a(lib_a-impure.o)
                                                  /home/logic/STM32Toolchain/gcc-arm/bin/../lib/gcc/arm-none-eabi/7.3.1/../../../../arm-none-eabi/lib/thumb/v7-m/libc_nano.a(lib_a-exit.o)
_impure_ptr                                       /home/logic/STM32Toolchain/gcc-arm/bin/../lib/gcc/arm-none-eabi/7.3.1/../../../../arm-none-eabi/lib/thumb/v7-m/libc_nano.a(lib_a-impure.o)
_init                                             /home/logic/STM32Toolchain/gcc-arm/bin/../lib/gcc/arm-none-eabi/7.3.1/thumb/v7-m/crti.o
                                                  /home/logic/STM32Toolchain/gcc-arm/bin/../lib/gcc/arm-none-eabi/7.3.1/../../../../arm-none-eabi/lib/thumb/v7-m/libc_nano.a(lib_a-init.o)
_mainCRTStartup                                   /home/logic/STM32Toolchain/gcc-arm/bin/../lib/gcc/arm-none-eabi/7.3.1/../../../../arm-none-eabi/lib/thumb/v7-m/crt0.o
_sbss                                             build/startup_stm32f103xb.o
_sdata                                            build/startup_stm32f103xb.o
_sidata                                           build/startup_stm32f103xb.o
_start                                            /home/logic/STM32Toolchain/gcc-arm/bin/../lib/gcc/arm-none-eabi/7.3.1/../../../../arm-none-eabi/lib/thumb/v7-m/crt0.o
atexit                                            /home/logic/STM32Toolchain/gcc-arm/bin/../lib/gcc/arm-none-eabi/7.3.1/../../../../arm-none-eabi/lib/thumb/v7-m/crt0.o
exit                                              /home/logic/STM32Toolchain/gcc-arm/bin/../lib/gcc/arm-none-eabi/7.3.1/../../../../arm-none-eabi/lib/thumb/v7-m/libc_nano.a(lib_a-exit.o)
                                                  /home/logic/STM32Toolchain/gcc-arm/bin/../lib/gcc/arm-none-eabi/7.3.1/../../../../arm-none-eabi/lib/thumb/v7-m/crt0.o
g_pfnVectors                                      build/startup_stm32f103xb.o
hardware_init_hook                                /home/logic/STM32Toolchain/gcc-arm/bin/../lib/gcc/arm-none-eabi/7.3.1/../../../../arm-none-eabi/lib/thumb/v7-m/crt0.o
huart2                                            build/usart.o
                                                  build/stm32f1xx_it.o
                                                  build/main.o
main                                              build/main.o
                                                  build/startup_stm32f103xb.o
                                                  /home/logic/STM32Toolchain/gcc-arm/bin/../lib/gcc/arm-none-eabi/7.3.1/../../../../arm-none-eabi/lib/thumb/v7-m/crt0.o
memset                                            /home/logic/STM32Toolchain/gcc-arm/bin/../lib/gcc/arm-none-eabi/7.3.1/../../../../arm-none-eabi/lib/thumb/v7-m/libc_nano.a(lib_a-memset.o)
                                                  /home/logic/STM32Toolchain/gcc-arm/bin/../lib/gcc/arm-none-eabi/7.3.1/../../../../arm-none-eabi/lib/thumb/v7-m/crt0.o
pFlash                                            build/stm32f1xx_hal_flash.o
                                                  build/stm32f1xx_hal_flash_ex.o
software_init_hook                                /home/logic/STM32Toolchain/gcc-arm/bin/../lib/gcc/arm-none-eabi/7.3.1/../../../../arm-none-eabi/lib/thumb/v7-m/crt0.o
uwTick                                            build/stm32f1xx_hal.o
uwTickFreq                                        build/stm32f1xx_hal.o
uwTickPrio                                        build/stm32f1xx_hal.o
